00:00.390  blend            | Read blend: "C:\Users\29\Desktop\3y\Wakizashi_3P.blend"
00:03.375  render           | Saved: 'C:\Users\29\Desktop\3y\_animation_tools\renders\Idle\frame_0001.png'
00:03.406  render           | Saved: 'C:\Users\29\Desktop\3y\_animation_tools\renders\Idle\frame_0003.png'
00:03.453  render           | Saved: 'C:\Users\29\Desktop\3y\_animation_tools\renders\Idle\frame_0005.png'
00:03.484  render           | Saved: 'C:\Users\29\Desktop\3y\_animation_tools\renders\Idle\frame_0007.png'
00:03.531  render           | Saved: 'C:\Users\29\Desktop\3y\_animation_tools\renders\Idle\frame_0009.png'
00:03.562  render           | Saved: 'C:\Users\29\Desktop\3y\_animation_tools\renders\Idle\frame_0011.png'
00:03.593  render           | Saved: 'C:\Users\29\Desktop\3y\_animation_tools\renders\Idle\frame_0013.png'
00:03.640  render           | Saved: 'C:\Users\29\Desktop\3y\_animation_tools\renders\Idle\frame_0015.png'
00:03.671  render           | Saved: 'C:\Users\29\Desktop\3y\_animation_tools\renders\Idle\frame_0017.png'
00:03.703  render           | Saved: 'C:\Users\29\Desktop\3y\_animation_tools\renders\Idle\frame_0019.png'
00:03.750  render           | Saved: 'C:\Users\29\Desktop\3y\_animation_tools\renders\Idle\frame_0021.png'
00:03.781  render           | Saved: 'C:\Users\29\Desktop\3y\_animation_tools\renders\Idle\frame_0023.png'
00:03.828  render           | Saved: 'C:\Users\29\Desktop\3y\_animation_tools\renders\Idle\frame_0025.png'
00:03.859  render           | Saved: 'C:\Users\29\Desktop\3y\_animation_tools\renders\Idle\frame_0027.png'
00:03.890  render           | Saved: 'C:\Users\29\Desktop\3y\_animation_tools\renders\Idle\frame_0029.png'
00:03.921  render           | Saved: 'C:\Users\29\Desktop\3y\_animation_tools\renders\Idle\frame_0031.png'
00:03.968  render           | Saved: 'C:\Users\29\Desktop\3y\_animation_tools\renders\Idle\frame_0033.png'
00:04.000  render           | Saved: 'C:\Users\29\Desktop\3y\_animation_tools\renders\Idle\frame_0035.png'
00:04.046  render           | Saved: 'C:\Users\29\Desktop\3y\_animation_tools\renders\Idle\frame_0037.png'
00:04.078  render           | Saved: 'C:\Users\29\Desktop\3y\_animation_tools\renders\Idle\frame_0039.png'
00:04.109  render           | Saved: 'C:\Users\29\Desktop\3y\_animation_tools\renders\Idle\frame_0041.png'
00:04.156  render           | Saved: 'C:\Users\29\Desktop\3y\_animation_tools\renders\Idle\frame_0043.png'
00:04.187  render           | Saved: 'C:\Users\29\Desktop\3y\_animation_tools\renders\Idle\frame_0045.png'
00:04.234  render           | Saved: 'C:\Users\29\Desktop\3y\_animation_tools\renders\Idle\frame_0047.png'
00:04.265  render           | Saved: 'C:\Users\29\Desktop\3y\_animation_tools\renders\Idle\frame_0049.png'
00:04.296  render           | Saved: 'C:\Users\29\Desktop\3y\_animation_tools\renders\Idle\frame_0051.png'
00:04.343  render           | Saved: 'C:\Users\29\Desktop\3y\_animation_tools\renders\Idle\frame_0053.png'
00:04.375  render           | Saved: 'C:\Users\29\Desktop\3y\_animation_tools\renders\Idle\frame_0055.png'
00:04.406  render           | Saved: 'C:\Users\29\Desktop\3y\_animation_tools\renders\Idle\frame_0057.png'
00:04.453  render           | Saved: 'C:\Users\29\Desktop\3y\_animation_tools\renders\Idle\frame_0059.png'
00:04.484  render           | Saved: 'C:\Users\29\Desktop\3y\_animation_tools\renders\Idle\frame_0061.png'
00:04.562  render           | Saved: 'C:\Users\29\Desktop\3y\_animation_tools\renders\Attack1\frame_0001.png'
00:04.593  render           | Saved: 'C:\Users\29\Desktop\3y\_animation_tools\renders\Attack1\frame_0003.png'
00:04.640  render           | Saved: 'C:\Users\29\Desktop\3y\_animation_tools\renders\Attack1\frame_0005.png'
00:04.671  render           | Saved: 'C:\Users\29\Desktop\3y\_animation_tools\renders\Attack1\frame_0007.png'
00:04.703  render           | Saved: 'C:\Users\29\Desktop\3y\_animation_tools\renders\Attack1\frame_0009.png'
00:04.750  render           | Saved: 'C:\Users\29\Desktop\3y\_animation_tools\renders\Attack1\frame_0011.png'
00:04.781  render           | Saved: 'C:\Users\29\Desktop\3y\_animation_tools\renders\Attack1\frame_0013.png'
00:04.828  render           | Saved: 'C:\Users\29\Desktop\3y\_animation_tools\renders\Attack1\frame_0015.png'
00:04.859  render           | Saved: 'C:\Users\29\Desktop\3y\_animation_tools\renders\Attack1\frame_0017.png'
00:04.890  render           | Saved: 'C:\Users\29\Desktop\3y\_animation_tools\renders\Attack1\frame_0019.png'
00:04.937  render           | Saved: 'C:\Users\29\Desktop\3y\_animation_tools\renders\Attack1\frame_0021.png'
00:04.968  render           | Saved: 'C:\Users\29\Desktop\3y\_animation_tools\renders\Attack1\frame_0023.png'
00:05.000  render           | Saved: 'C:\Users\29\Desktop\3y\_animation_tools\renders\Attack1\frame_0025.png'
00:05.031  render           | Saved: 'C:\Users\29\Desktop\3y\_animation_tools\renders\Attack1\frame_0027.png'
00:05.078  render           | Saved: 'C:\Users\29\Desktop\3y\_animation_tools\renders\Attack1\frame_0029.png'
00:05.109  render           | Saved: 'C:\Users\29\Desktop\3y\_animation_tools\renders\Attack1\frame_0031.png'
00:05.156  render           | Saved: 'C:\Users\29\Desktop\3y\_animation_tools\renders\Attack1\frame_0033.png'
00:05.187  render           | Saved: 'C:\Users\29\Desktop\3y\_animation_tools\renders\Attack1\frame_0035.png'
00:05.218  render           | Saved: 'C:\Users\29\Desktop\3y\_animation_tools\renders\Attack1\frame_0037.png'
00:05.265  render           | Saved: 'C:\Users\29\Desktop\3y\_animation_tools\renders\Attack1\frame_0039.png'
00:05.296  render           | Saved: 'C:\Users\29\Desktop\3y\_animation_tools\renders\Attack1\frame_0041.png'
00:05.328  render           | Saved: 'C:\Users\29\Desktop\3y\_animation_tools\renders\Attack1\frame_0043.png'
00:05.375  render           | Saved: 'C:\Users\29\Desktop\3y\_animation_tools\renders\Attack1\frame_0045.png'
00:05.406  render           | Saved: 'C:\Users\29\Desktop\3y\_animation_tools\renders\Attack1\frame_0047.png'
00:05.453  render           | Saved: 'C:\Users\29\Desktop\3y\_animation_tools\renders\Attack1\frame_0049.png'
00:05.500  render           | Saved: 'C:\Users\29\Desktop\3y\_animation_tools\renders\Attack1\frame_0051.png'
00:05.531  render           | Saved: 'C:\Users\29\Desktop\3y\_animation_tools\renders\Attack1\frame_0053.png'
00:05.562  render           | Saved: 'C:\Users\29\Desktop\3y\_animation_tools\renders\Attack1\frame_0055.png'
00:05.593  render           | Saved: 'C:\Users\29\Desktop\3y\_animation_tools\renders\Attack1\frame_0057.png'
00:05.640  render           | Saved: 'C:\Users\29\Desktop\3y\_animation_tools\renders\Attack1\frame_0059.png'
00:05.671  render           | Saved: 'C:\Users\29\Desktop\3y\_animation_tools\renders\Attack1\frame_0061.png'
00:05.718  render           | Saved: 'C:\Users\29\Desktop\3y\_animation_tools\renders\Attack1\frame_0063.png'
00:05.796  render           | Saved: 'C:\Users\29\Desktop\3y\_animation_tools\renders\Attack2\frame_0001.png'
00:05.828  render           | Saved: 'C:\Users\29\Desktop\3y\_animation_tools\renders\Attack2\frame_0003.png'
00:05.875  render           | Saved: 'C:\Users\29\Desktop\3y\_animation_tools\renders\Attack2\frame_0005.png'
00:05.906  render           | Saved: 'C:\Users\29\Desktop\3y\_animation_tools\renders\Attack2\frame_0007.png'
00:05.953  render           | Saved: 'C:\Users\29\Desktop\3y\_animation_tools\renders\Attack2\frame_0009.png'
00:05.984  render           | Saved: 'C:\Users\29\Desktop\3y\_animation_tools\renders\Attack2\frame_0011.png'
00:06.031  render           | Saved: 'C:\Users\29\Desktop\3y\_animation_tools\renders\Attack2\frame_0013.png'
00:06.062  render           | Saved: 'C:\Users\29\Desktop\3y\_animation_tools\renders\Attack2\frame_0015.png'
00:06.109  render           | Saved: 'C:\Users\29\Desktop\3y\_animation_tools\renders\Attack2\frame_0017.png'
00:06.140  render           | Saved: 'C:\Users\29\Desktop\3y\_animation_tools\renders\Attack2\frame_0019.png'
00:06.203  render           | Saved: 'C:\Users\29\Desktop\3y\_animation_tools\renders\Attack2\frame_0021.png'
00:06.234  render           | Saved: 'C:\Users\29\Desktop\3y\_animation_tools\renders\Attack2\frame_0023.png'
00:06.265  render           | Saved: 'C:\Users\29\Desktop\3y\_animation_tools\renders\Attack2\frame_0025.png'
00:06.312  render           | Saved: 'C:\Users\29\Desktop\3y\_animation_tools\renders\Attack2\frame_0027.png'
00:06.343  render           | Saved: 'C:\Users\29\Desktop\3y\_animation_tools\renders\Attack2\frame_0029.png'
00:06.390  render           | Saved: 'C:\Users\29\Desktop\3y\_animation_tools\renders\Attack2\frame_0031.png'
00:06.453  render           | Saved: 'C:\Users\29\Desktop\3y\_animation_tools\renders\Attack2\frame_0033.png'
00:06.515  render           | Saved: 'C:\Users\29\Desktop\3y\_animation_tools\renders\Attack2\frame_0035.png'
00:06.546  render           | Saved: 'C:\Users\29\Desktop\3y\_animation_tools\renders\Attack2\frame_0037.png'
00:06.593  render           | Saved: 'C:\Users\29\Desktop\3y\_animation_tools\renders\Attack2\frame_0039.png'
00:06.640  render           | Saved: 'C:\Users\29\Desktop\3y\_animation_tools\renders\Attack2\frame_0041.png'
00:06.687  render           | Saved: 'C:\Users\29\Desktop\3y\_animation_tools\renders\Attack2\frame_0043.png'
00:06.734  render           | Saved: 'C:\Users\29\Desktop\3y\_animation_tools\renders\Attack2\frame_0045.png'
00:06.765  render           | Saved: 'C:\Users\29\Desktop\3y\_animation_tools\renders\Attack2\frame_0047.png'
00:06.812  render           | Saved: 'C:\Users\29\Desktop\3y\_animation_tools\renders\Attack2\frame_0049.png'
00:06.843  render           | Saved: 'C:\Users\29\Desktop\3y\_animation_tools\renders\Attack2\frame_0051.png'
00:06.890  render           | Saved: 'C:\Users\29\Desktop\3y\_animation_tools\renders\Attack2\frame_0053.png'
00:06.921  render           | Saved: 'C:\Users\29\Desktop\3y\_animation_tools\renders\Attack2\frame_0055.png'
00:06.968  render           | Saved: 'C:\Users\29\Desktop\3y\_animation_tools\renders\Attack2\frame_0057.png'
00:07.000  render           | Saved: 'C:\Users\29\Desktop\3y\_animation_tools\renders\Attack2\frame_0059.png'
00:07.046  render           | Saved: 'C:\Users\29\Desktop\3y\_animation_tools\renders\Attack2\frame_0061.png'
00:07.078  render           | Saved: 'C:\Users\29\Desktop\3y\_animation_tools\renders\Attack2\frame_0063.png'
00:07.203  render           | Saved: 'C:\Users\29\Desktop\3y\_animation_tools\renders\Attack3\frame_0001.png'
00:07.234  render           | Saved: 'C:\Users\29\Desktop\3y\_animation_tools\renders\Attack3\frame_0003.png'
00:07.281  render           | Saved: 'C:\Users\29\Desktop\3y\_animation_tools\renders\Attack3\frame_0005.png'
00:07.312  render           | Saved: 'C:\Users\29\Desktop\3y\_animation_tools\renders\Attack3\frame_0007.png'
00:07.359  render           | Saved: 'C:\Users\29\Desktop\3y\_animation_tools\renders\Attack3\frame_0009.png'
00:07.390  render           | Saved: 'C:\Users\29\Desktop\3y\_animation_tools\renders\Attack3\frame_0011.png'
00:07.437  render           | Saved: 'C:\Users\29\Desktop\3y\_animation_tools\renders\Attack3\frame_0013.png'
00:07.468  render           | Saved: 'C:\Users\29\Desktop\3y\_animation_tools\renders\Attack3\frame_0015.png'
00:07.515  render           | Saved: 'C:\Users\29\Desktop\3y\_animation_tools\renders\Attack3\frame_0017.png'
00:07.562  render           | Saved: 'C:\Users\29\Desktop\3y\_animation_tools\renders\Attack3\frame_0019.png'
00:07.593  render           | Saved: 'C:\Users\29\Desktop\3y\_animation_tools\renders\Attack3\frame_0021.png'
00:07.640  render           | Saved: 'C:\Users\29\Desktop\3y\_animation_tools\renders\Attack3\frame_0023.png'
00:07.671  render           | Saved: 'C:\Users\29\Desktop\3y\_animation_tools\renders\Attack3\frame_0025.png'
00:07.718  render           | Saved: 'C:\Users\29\Desktop\3y\_animation_tools\renders\Attack3\frame_0027.png'
00:07.765  render           | Saved: 'C:\Users\29\Desktop\3y\_animation_tools\renders\Attack3\frame_0029.png'
00:07.796  render           | Saved: 'C:\Users\29\Desktop\3y\_animation_tools\renders\Attack3\frame_0031.png'
00:07.843  render           | Saved: 'C:\Users\29\Desktop\3y\_animation_tools\renders\Attack3\frame_0033.png'
00:07.875  render           | Saved: 'C:\Users\29\Desktop\3y\_animation_tools\renders\Attack3\frame_0035.png'
00:07.921  render           | Saved: 'C:\Users\29\Desktop\3y\_animation_tools\renders\Attack3\frame_0037.png'
00:07.953  render           | Saved: 'C:\Users\29\Desktop\3y\_animation_tools\renders\Attack3\frame_0039.png'
00:08.000  render           | Saved: 'C:\Users\29\Desktop\3y\_animation_tools\renders\Attack3\frame_0041.png'
00:08.031  render           | Saved: 'C:\Users\29\Desktop\3y\_animation_tools\renders\Attack3\frame_0043.png'
00:08.078  render           | Saved: 'C:\Users\29\Desktop\3y\_animation_tools\renders\Attack3\frame_0045.png'
00:08.109  render           | Saved: 'C:\Users\29\Desktop\3y\_animation_tools\renders\Attack3\frame_0047.png'
00:08.156  render           | Saved: 'C:\Users\29\Desktop\3y\_animation_tools\renders\Attack3\frame_0049.png'
00:08.203  render           | Saved: 'C:\Users\29\Desktop\3y\_animation_tools\renders\Attack3\frame_0051.png'
00:08.234  render           | Saved: 'C:\Users\29\Desktop\3y\_animation_tools\renders\Attack3\frame_0053.png'
00:08.281  render           | Saved: 'C:\Users\29\Desktop\3y\_animation_tools\renders\Attack3\frame_0055.png'
00:08.328  render           | Saved: 'C:\Users\29\Desktop\3y\_animation_tools\renders\Attack3\frame_0057.png'
00:08.359  render           | Saved: 'C:\Users\29\Desktop\3y\_animation_tools\renders\Attack3\frame_0059.png'
00:08.406  render           | Saved: 'C:\Users\29\Desktop\3y\_animation_tools\renders\Attack3\frame_0061.png'
00:08.437  render           | Saved: 'C:\Users\29\Desktop\3y\_animation_tools\renders\Attack3\frame_0063.png'
00:08.484  render           | Saved: 'C:\Users\29\Desktop\3y\_animation_tools\renders\Attack3\frame_0065.png'
00:08.515  render           | Saved: 'C:\Users\29\Desktop\3y\_animation_tools\renders\Attack3\frame_0067.png'
00:08.562  render           | Saved: 'C:\Users\29\Desktop\3y\_animation_tools\renders\Attack3\frame_0069.png'
00:08.640  render           | Saved: 'C:\Users\29\Desktop\3y\_animation_tools\renders\BlockIn\frame_0001.png'
00:08.671  render           | Saved: 'C:\Users\29\Desktop\3y\_animation_tools\renders\BlockIn\frame_0003.png'
00:08.718  render           | Saved: 'C:\Users\29\Desktop\3y\_animation_tools\renders\BlockIn\frame_0005.png'
00:08.796  render           | Saved: 'C:\Users\29\Desktop\3y\_animation_tools\renders\BlockHold\frame_0001.png'
00:08.843  render           | Saved: 'C:\Users\29\Desktop\3y\_animation_tools\renders\BlockHold\frame_0003.png'
00:08.875  render           | Saved: 'C:\Users\29\Desktop\3y\_animation_tools\renders\BlockHold\frame_0005.png'
00:08.921  render           | Saved: 'C:\Users\29\Desktop\3y\_animation_tools\renders\BlockHold\frame_0007.png'
00:08.968  render           | Saved: 'C:\Users\29\Desktop\3y\_animation_tools\renders\BlockHold\frame_0009.png'
00:09.000  render           | Saved: 'C:\Users\29\Desktop\3y\_animation_tools\renders\BlockHold\frame_0011.png'
00:09.031  render           | Saved: 'C:\Users\29\Desktop\3y\_animation_tools\renders\BlockHold\frame_0013.png'
00:09.078  render           | Saved: 'C:\Users\29\Desktop\3y\_animation_tools\renders\BlockHold\frame_0015.png'
00:09.109  render           | Saved: 'C:\Users\29\Desktop\3y\_animation_tools\renders\BlockHold\frame_0017.png'
00:09.156  render           | Saved: 'C:\Users\29\Desktop\3y\_animation_tools\renders\BlockHold\frame_0019.png'
00:09.203  render           | Saved: 'C:\Users\29\Desktop\3y\_animation_tools\renders\BlockHold\frame_0021.png'
00:09.250  render           | Saved: 'C:\Users\29\Desktop\3y\_animation_tools\renders\BlockHold\frame_0023.png'
00:09.296  render           | Saved: 'C:\Users\29\Desktop\3y\_animation_tools\renders\BlockHold\frame_0025.png'
00:09.343  render           | Saved: 'C:\Users\29\Desktop\3y\_animation_tools\renders\BlockHold\frame_0027.png'
00:09.390  render           | Saved: 'C:\Users\29\Desktop\3y\_animation_tools\renders\BlockHold\frame_0029.png'
00:09.421  render           | Saved: 'C:\Users\29\Desktop\3y\_animation_tools\renders\BlockHold\frame_0031.png'
00:09.515  render           | Saved: 'C:\Users\29\Desktop\3y\_animation_tools\renders\BlockOut\frame_0001.png'
00:09.546  render           | Saved: 'C:\Users\29\Desktop\3y\_animation_tools\renders\BlockOut\frame_0003.png'
00:09.593  render           | Saved: 'C:\Users\29\Desktop\3y\_animation_tools\renders\BlockOut\frame_0005.png'
00:09.703  render           | Saved: 'C:\Users\29\Desktop\3y\_animation_tools\renders\KunaiThrow\frame_0001.png'
00:09.750  render           | Saved: 'C:\Users\29\Desktop\3y\_animation_tools\renders\KunaiThrow\frame_0003.png'
00:09.781  render           | Saved: 'C:\Users\29\Desktop\3y\_animation_tools\renders\KunaiThrow\frame_0005.png'
00:09.828  render           | Saved: 'C:\Users\29\Desktop\3y\_animation_tools\renders\KunaiThrow\frame_0007.png'
00:09.875  render           | Saved: 'C:\Users\29\Desktop\3y\_animation_tools\renders\KunaiThrow\frame_0009.png'
00:09.921  render           | Saved: 'C:\Users\29\Desktop\3y\_animation_tools\renders\KunaiThrow\frame_0011.png'
00:09.953  render           | Saved: 'C:\Users\29\Desktop\3y\_animation_tools\renders\KunaiThrow\frame_0013.png'
00:10.000  render           | Saved: 'C:\Users\29\Desktop\3y\_animation_tools\renders\KunaiThrow\frame_0015.png'
00:10.031  render           | Saved: 'C:\Users\29\Desktop\3y\_animation_tools\renders\KunaiThrow\frame_0017.png'
00:10.078  render           | Saved: 'C:\Users\29\Desktop\3y\_animation_tools\renders\KunaiThrow\frame_0019.png'
00:10.125  render           | Saved: 'C:\Users\29\Desktop\3y\_animation_tools\renders\KunaiThrow\frame_0021.png'
00:10.156  render           | Saved: 'C:\Users\29\Desktop\3y\_animation_tools\renders\KunaiThrow\frame_0023.png'
00:10.203  render           | Saved: 'C:\Users\29\Desktop\3y\_animation_tools\renders\KunaiThrow\frame_0025.png'
00:10.250  render           | Saved: 'C:\Users\29\Desktop\3y\_animation_tools\renders\KunaiThrow\frame_0027.png'
00:10.296  render           | Saved: 'C:\Users\29\Desktop\3y\_animation_tools\renders\KunaiThrow\frame_0029.png'
00:10.343  render           | Saved: 'C:\Users\29\Desktop\3y\_animation_tools\renders\KunaiThrow\frame_0031.png'
00:10.390  render           | Saved: 'C:\Users\29\Desktop\3y\_animation_tools\renders\KunaiThrow\frame_0033.png'
00:10.437  render           | Saved: 'C:\Users\29\Desktop\3y\_animation_tools\renders\KunaiThrow\frame_0035.png'
00:10.468  render           | Saved: 'C:\Users\29\Desktop\3y\_animation_tools\renders\KunaiThrow\frame_0037.png'
00:10.515  render           | Saved: 'C:\Users\29\Desktop\3y\_animation_tools\renders\KunaiThrow\frame_0039.png'
00:10.562  render           | Saved: 'C:\Users\29\Desktop\3y\_animation_tools\renders\KunaiThrow\frame_0041.png'
00:10.625  render           | Saved: 'C:\Users\29\Desktop\3y\_animation_tools\renders\KunaiThrow\frame_0043.png'
00:10.671  render           | Saved: 'C:\Users\29\Desktop\3y\_animation_tools\renders\KunaiThrow\frame_0045.png'
00:10.718  render           | Saved: 'C:\Users\29\Desktop\3y\_animation_tools\renders\KunaiThrow\frame_0047.png'
00:10.781  render           | Saved: 'C:\Users\29\Desktop\3y\_animation_tools\renders\KunaiThrow\frame_0049.png'
00:10.828  render           | Saved: 'C:\Users\29\Desktop\3y\_animation_tools\renders\KunaiThrow\frame_0051.png'
00:10.875  render           | Saved: 'C:\Users\29\Desktop\3y\_animation_tools\renders\KunaiThrow\frame_0053.png'
00:10.921  render           | Saved: 'C:\Users\29\Desktop\3y\_animation_tools\renders\KunaiThrow\frame_0055.png'
00:10.953  render           | Saved: 'C:\Users\29\Desktop\3y\_animation_tools\renders\KunaiThrow\frame_0057.png'
00:11.000  render           | Saved: 'C:\Users\29\Desktop\3y\_animation_tools\renders\KunaiThrow\frame_0059.png'
00:11.046  render           | Saved: 'C:\Users\29\Desktop\3y\_animation_tools\renders\KunaiThrow\frame_0061.png'
00:11.093  render           | Saved: 'C:\Users\29\Desktop\3y\_animation_tools\renders\KunaiThrow\frame_0063.png'
00:11.140  render           | Saved: 'C:\Users\29\Desktop\3y\_animation_tools\renders\KunaiThrow\frame_0065.png'
00:11.187  render           | Saved: 'C:\Users\29\Desktop\3y\_animation_tools\renders\KunaiThrow\frame_0067.png'
00:11.234  render           | Saved: 'C:\Users\29\Desktop\3y\_animation_tools\renders\KunaiThrow\frame_0069.png'
00:11.265  render           | Saved: 'C:\Users\29\Desktop\3y\_animation_tools\renders\KunaiThrow\frame_0071.png'
00:11.296  render           | Saved: 'C:\Users\29\Desktop\3y\_animation_tools\renders\KunaiThrow\frame_0073.png'
00:11.343  render           | Saved: 'C:\Users\29\Desktop\3y\_animation_tools\renders\KunaiThrow\frame_0075.png'
00:11.437  render           | Saved: 'C:\Users\29\Desktop\3y\_animation_tools\renders\Teleport\frame_0001.png'
00:11.468  render           | Saved: 'C:\Users\29\Desktop\3y\_animation_tools\renders\Teleport\frame_0003.png'
00:11.515  render           | Saved: 'C:\Users\29\Desktop\3y\_animation_tools\renders\Teleport\frame_0005.png'
00:11.546  render           | Saved: 'C:\Users\29\Desktop\3y\_animation_tools\renders\Teleport\frame_0007.png'
00:11.593  render           | Saved: 'C:\Users\29\Desktop\3y\_animation_tools\renders\Teleport\frame_0009.png'
00:11.640  render           | Saved: 'C:\Users\29\Desktop\3y\_animation_tools\renders\Teleport\frame_0011.png'
00:11.671  render           | Saved: 'C:\Users\29\Desktop\3y\_animation_tools\renders\Teleport\frame_0013.png'
00:11.718  render           | Saved: 'C:\Users\29\Desktop\3y\_animation_tools\renders\Teleport\frame_0015.png'
00:11.765  render           | Saved: 'C:\Users\29\Desktop\3y\_animation_tools\renders\Teleport\frame_0017.png'
00:11.812  render           | Saved: 'C:\Users\29\Desktop\3y\_animation_tools\renders\Teleport\frame_0019.png'
00:11.843  render           | Saved: 'C:\Users\29\Desktop\3y\_animation_tools\renders\Teleport\frame_0021.png'
00:11.937  render           | Saved: 'C:\Users\29\Desktop\3y\_animation_tools\renders\Draw\frame_0001.png'
00:11.984  render           | Saved: 'C:\Users\29\Desktop\3y\_animation_tools\renders\Draw\frame_0003.png'
00:12.031  render           | Saved: 'C:\Users\29\Desktop\3y\_animation_tools\renders\Draw\frame_0005.png'
00:12.062  render           | Saved: 'C:\Users\29\Desktop\3y\_animation_tools\renders\Draw\frame_0007.png'
00:12.109  render           | Saved: 'C:\Users\29\Desktop\3y\_animation_tools\renders\Draw\frame_0009.png'
00:12.140  render           | Saved: 'C:\Users\29\Desktop\3y\_animation_tools\renders\Draw\frame_0011.png'
00:12.187  render           | Saved: 'C:\Users\29\Desktop\3y\_animation_tools\renders\Draw\frame_0013.png'
00:12.234  render           | Saved: 'C:\Users\29\Desktop\3y\_animation_tools\renders\Draw\frame_0015.png'
00:12.281  render           | Saved: 'C:\Users\29\Desktop\3y\_animation_tools\renders\Draw\frame_0017.png'
00:12.328  render           | Saved: 'C:\Users\29\Desktop\3y\_animation_tools\renders\Draw\frame_0019.png'
00:12.359  render           | Saved: 'C:\Users\29\Desktop\3y\_animation_tools\renders\Draw\frame_0021.png'
00:12.406  render           | Saved: 'C:\Users\29\Desktop\3y\_animation_tools\renders\Draw\frame_0023.png'
00:12.453  render           | Saved: 'C:\Users\29\Desktop\3y\_animation_tools\renders\Draw\frame_0025.png'
00:12.484  render           | Saved: 'C:\Users\29\Desktop\3y\_animation_tools\renders\Draw\frame_0027.png'
00:12.531  render           | Saved: 'C:\Users\29\Desktop\3y\_animation_tools\renders\Draw\frame_0029.png'
00:12.578  render           | Saved: 'C:\Users\29\Desktop\3y\_animation_tools\renders\Draw\frame_0031.png'
00:12.609  render           | Saved: 'C:\Users\29\Desktop\3y\_animation_tools\renders\Draw\frame_0033.png'
00:12.656  render           | Saved: 'C:\Users\29\Desktop\3y\_animation_tools\renders\Draw\frame_0035.png'
00:12.703  render           | Saved: 'C:\Users\29\Desktop\3y\_animation_tools\renders\Draw\frame_0037.png'
00:12.750  render           | Saved: 'C:\Users\29\Desktop\3y\_animation_tools\renders\Draw\frame_0039.png'
00:12.796  render           | Saved: 'C:\Users\29\Desktop\3y\_animation_tools\renders\Draw\frame_0041.png'
00:12.828  render           | Saved: 'C:\Users\29\Desktop\3y\_animation_tools\renders\Draw\frame_0043.png'
00:12.875  render           | Saved: 'C:\Users\29\Desktop\3y\_animation_tools\renders\Draw\frame_0045.png'
00:12.921  render           | Saved: 'C:\Users\29\Desktop\3y\_animation_tools\renders\Draw\frame_0047.png'
00:12.968  render           | Saved: 'C:\Users\29\Desktop\3y\_animation_tools\renders\Draw\frame_0049.png'
00:13.015  render           | Saved: 'C:\Users\29\Desktop\3y\_animation_tools\renders\Draw\frame_0051.png'
00:13.062  render           | Saved: 'C:\Users\29\Desktop\3y\_animation_tools\renders\Draw\frame_0053.png'
00:13.093  render           | Saved: 'C:\Users\29\Desktop\3y\_animation_tools\renders\Draw\frame_0055.png'
00:13.140  render           | Saved: 'C:\Users\29\Desktop\3y\_animation_tools\renders\Draw\frame_0057.png'
00:13.187  render           | Saved: 'C:\Users\29\Desktop\3y\_animation_tools\renders\Draw\frame_0059.png'
00:13.234  render           | Saved: 'C:\Users\29\Desktop\3y\_animation_tools\renders\Draw\frame_0061.png'
00:13.265  render           | Saved: 'C:\Users\29\Desktop\3y\_animation_tools\renders\Draw\frame_0063.png'
00:13.312  render           | Saved: 'C:\Users\29\Desktop\3y\_animation_tools\renders\Draw\frame_0065.png'
00:13.359  render           | Saved: 'C:\Users\29\Desktop\3y\_animation_tools\renders\Draw\frame_0067.png'
00:13.406  render           | Saved: 'C:\Users\29\Desktop\3y\_animation_tools\renders\Draw\frame_0069.png'
00:13.437  render           | Saved: 'C:\Users\29\Desktop\3y\_animation_tools\renders\Draw\frame_0071.png'
00:13.484  render           | Saved: 'C:\Users\29\Desktop\3y\_animation_tools\renders\Draw\frame_0073.png'
00:13.515  render           | Saved: 'C:\Users\29\Desktop\3y\_animation_tools\renders\Draw\frame_0075.png'
00:13.562  render           | Saved: 'C:\Users\29\Desktop\3y\_animation_tools\renders\Draw\frame_0077.png'
00:13.593  render           | Saved: 'C:\Users\29\Desktop\3y\_animation_tools\renders\Draw\frame_0079.png'
00:13.640  render           | Saved: 'C:\Users\29\Desktop\3y\_animation_tools\renders\Draw\frame_0081.png'
00:13.671  render           | Saved: 'C:\Users\29\Desktop\3y\_animation_tools\renders\Draw\frame_0083.png'
00:13.718  render           | Saved: 'C:\Users\29\Desktop\3y\_animation_tools\renders\Draw\frame_0085.png'
00:13.765  render           | Saved: 'C:\Users\29\Desktop\3y\_animation_tools\renders\Draw\frame_0087.png'
00:13.812  render           | Saved: 'C:\Users\29\Desktop\3y\_animation_tools\renders\Draw\frame_0089.png'
00:13.859  render           | Saved: 'C:\Users\29\Desktop\3y\_animation_tools\renders\Draw\frame_0091.png'
00:13.890  render           | Saved: 'C:\Users\29\Desktop\3y\_animation_tools\renders\Draw\frame_0093.png'
00:14.015  render           | Saved: 'C:\Users\29\Desktop\3y\_animation_tools\renders\Ryunochi\frame_0001.png'
00:14.062  render           | Saved: 'C:\Users\29\Desktop\3y\_animation_tools\renders\Ryunochi\frame_0003.png'
00:14.093  render           | Saved: 'C:\Users\29\Desktop\3y\_animation_tools\renders\Ryunochi\frame_0005.png'
00:14.140  render           | Saved: 'C:\Users\29\Desktop\3y\_animation_tools\renders\Ryunochi\frame_0007.png'
00:14.171  render           | Saved: 'C:\Users\29\Desktop\3y\_animation_tools\renders\Ryunochi\frame_0009.png'
00:14.218  render           | Saved: 'C:\Users\29\Desktop\3y\_animation_tools\renders\Ryunochi\frame_0011.png'
00:14.265  render           | Saved: 'C:\Users\29\Desktop\3y\_animation_tools\renders\Ryunochi\frame_0013.png'
00:14.312  render           | Saved: 'C:\Users\29\Desktop\3y\_animation_tools\renders\Ryunochi\frame_0015.png'
00:14.343  render           | Saved: 'C:\Users\29\Desktop\3y\_animation_tools\renders\Ryunochi\frame_0017.png'
00:14.390  render           | Saved: 'C:\Users\29\Desktop\3y\_animation_tools\renders\Ryunochi\frame_0019.png'
00:14.437  render           | Saved: 'C:\Users\29\Desktop\3y\_animation_tools\renders\Ryunochi\frame_0021.png'
00:14.468  render           | Saved: 'C:\Users\29\Desktop\3y\_animation_tools\renders\Ryunochi\frame_0023.png'
00:14.515  render           | Saved: 'C:\Users\29\Desktop\3y\_animation_tools\renders\Ryunochi\frame_0025.png'
00:14.562  render           | Saved: 'C:\Users\29\Desktop\3y\_animation_tools\renders\Ryunochi\frame_0027.png'
00:14.609  render           | Saved: 'C:\Users\29\Desktop\3y\_animation_tools\renders\Ryunochi\frame_0029.png'
00:14.640  render           | Saved: 'C:\Users\29\Desktop\3y\_animation_tools\renders\Ryunochi\frame_0031.png'
00:14.687  render           | Saved: 'C:\Users\29\Desktop\3y\_animation_tools\renders\Ryunochi\frame_0033.png'
00:14.734  render           | Saved: 'C:\Users\29\Desktop\3y\_animation_tools\renders\Ryunochi\frame_0035.png'
00:14.765  render           | Saved: 'C:\Users\29\Desktop\3y\_animation_tools\renders\Ryunochi\frame_0037.png'
00:14.812  render           | Saved: 'C:\Users\29\Desktop\3y\_animation_tools\renders\Ryunochi\frame_0039.png'
00:14.859  render           | Saved: 'C:\Users\29\Desktop\3y\_animation_tools\renders\Ryunochi\frame_0041.png'
00:14.906  render           | Saved: 'C:\Users\29\Desktop\3y\_animation_tools\renders\Ryunochi\frame_0043.png'
00:14.953  render           | Saved: 'C:\Users\29\Desktop\3y\_animation_tools\renders\Ryunochi\frame_0045.png'
00:15.000  render           | Saved: 'C:\Users\29\Desktop\3y\_animation_tools\renders\Ryunochi\frame_0047.png'
00:15.046  render           | Saved: 'C:\Users\29\Desktop\3y\_animation_tools\renders\Ryunochi\frame_0049.png'
00:15.093  render           | Saved: 'C:\Users\29\Desktop\3y\_animation_tools\renders\Ryunochi\frame_0051.png'
00:15.140  render           | Saved: 'C:\Users\29\Desktop\3y\_animation_tools\renders\Ryunochi\frame_0053.png'
00:15.187  render           | Saved: 'C:\Users\29\Desktop\3y\_animation_tools\renders\Ryunochi\frame_0055.png'
00:15.250  render           | Saved: 'C:\Users\29\Desktop\3y\_animation_tools\renders\Ryunochi\frame_0057.png'
00:15.296  render           | Saved: 'C:\Users\29\Desktop\3y\_animation_tools\renders\Ryunochi\frame_0059.png'
00:15.343  render           | Saved: 'C:\Users\29\Desktop\3y\_animation_tools\renders\Ryunochi\frame_0061.png'
00:15.375  render           | Saved: 'C:\Users\29\Desktop\3y\_animation_tools\renders\Ryunochi\frame_0063.png'
00:15.421  render           | Saved: 'C:\Users\29\Desktop\3y\_animation_tools\renders\Ryunochi\frame_0065.png'
00:15.468  render           | Saved: 'C:\Users\29\Desktop\3y\_animation_tools\renders\Ryunochi\frame_0067.png'
00:15.500  render           | Saved: 'C:\Users\29\Desktop\3y\_animation_tools\renders\Ryunochi\frame_0069.png'
00:15.546  render           | Saved: 'C:\Users\29\Desktop\3y\_animation_tools\renders\Ryunochi\frame_0071.png'
00:15.593  render           | Saved: 'C:\Users\29\Desktop\3y\_animation_tools\renders\Ryunochi\frame_0073.png'
00:15.640  render           | Saved: 'C:\Users\29\Desktop\3y\_animation_tools\renders\Ryunochi\frame_0075.png'
00:15.671  render           | Saved: 'C:\Users\29\Desktop\3y\_animation_tools\renders\Ryunochi\frame_0077.png'
00:15.718  render           | Saved: 'C:\Users\29\Desktop\3y\_animation_tools\renders\Ryunochi\frame_0079.png'
00:15.750  render           | Saved: 'C:\Users\29\Desktop\3y\_animation_tools\renders\Ryunochi\frame_0081.png'
00:15.796  render           | Saved: 'C:\Users\29\Desktop\3y\_animation_tools\renders\Ryunochi\frame_0083.png'
00:15.843  render           | Saved: 'C:\Users\29\Desktop\3y\_animation_tools\renders\Ryunochi\frame_0085.png'
00:15.875  render           | Saved: 'C:\Users\29\Desktop\3y\_animation_tools\renders\Ryunochi\frame_0087.png'
00:15.921  render           | Saved: 'C:\Users\29\Desktop\3y\_animation_tools\renders\Ryunochi\frame_0089.png'
00:15.968  render           | Saved: 'C:\Users\29\Desktop\3y\_animation_tools\renders\Ryunochi\frame_0091.png'
00:16.015  render           | Saved: 'C:\Users\29\Desktop\3y\_animation_tools\renders\Ryunochi\frame_0093.png'
00:16.062  render           | Saved: 'C:\Users\29\Desktop\3y\_animation_tools\renders\Ryunochi\frame_0095.png'
00:16.093  render           | Saved: 'C:\Users\29\Desktop\3y\_animation_tools\renders\Ryunochi\frame_0097.png'
00:16.140  render           | Saved: 'C:\Users\29\Desktop\3y\_animation_tools\renders\Ryunochi\frame_0099.png'
00:16.171  render           | Saved: 'C:\Users\29\Desktop\3y\_animation_tools\renders\Ryunochi\frame_0101.png'
00:16.218  render           | Saved: 'C:\Users\29\Desktop\3y\_animation_tools\renders\Ryunochi\frame_0103.png'
00:16.265  render           | Saved: 'C:\Users\29\Desktop\3y\_animation_tools\renders\Ryunochi\frame_0105.png'
00:16.312  render           | Saved: 'C:\Users\29\Desktop\3y\_animation_tools\renders\Ryunochi\frame_0107.png'
00:16.359  render           | Saved: 'C:\Users\29\Desktop\3y\_animation_tools\renders\Ryunochi\frame_0109.png'
00:16.406  render           | Saved: 'C:\Users\29\Desktop\3y\_animation_tools\renders\Ryunochi\frame_0111.png'
00:16.437  render           | Saved: 'C:\Users\29\Desktop\3y\_animation_tools\renders\Ryunochi\frame_0113.png'
FBX version: 7400
FBX version: 7400
FBX version: 7400
FBX version: 7400
FBX version: 7400
FBX version: 7400
FBX version: 7400
FBX version: 7400
FBX version: 7400
FBX version: 7400
FBX version: 7400
RESULTS {'Idle': {'max_error_m': 1.1324882507324219e-05, 'pass': True}, 'Attack1': {'max_error_m': 1.1205673217773438e-05, 'pass': True}, 'Attack2': {'max_error_m': 1.0967254638671875e-05, 'pass': True}, 'Attack3': {'max_error_m': 1.0967254638671875e-05, 'pass': True}, 'BlockIn': {'max_error_m': 1.2159347534179688e-05, 'pass': True}, 'BlockHold': {'max_error_m': 7.3909759521484375e-06, 'pass': True}, 'BlockOut': {'max_error_m': 1.4126300811767578e-05, 'pass': True}, 'KunaiThrow': {'max_error_m': 4.303455352783203e-05, 'pass': True}, 'Teleport': {'max_error_m': 1.1682510375976562e-05, 'pass': True}, 'Draw': {'max_error_m': 1.2069940567016602e-05, 'pass': True}, 'Ryunochi': {'max_error_m': 1.3709068298339844e-05, 'pass': True}}
Blender 5.2.1 LTS (hash 9e2066aef7ef built 2026-08-25 02:38:20)

Blender quit
