00:00.375  blend            | Read blend: "C:\Users\29\Desktop\3y\Wakizashi_3P.blend"
00:02.406  render           | Saved: 'C:\Users\29\Desktop\3y\_animation_tools\renders\Idle\frame_0001.png'
00:02.437  render           | Saved: 'C:\Users\29\Desktop\3y\_animation_tools\renders\Idle\frame_0003.png'
00:02.484  render           | Saved: 'C:\Users\29\Desktop\3y\_animation_tools\renders\Idle\frame_0005.png'
00:02.515  render           | Saved: 'C:\Users\29\Desktop\3y\_animation_tools\renders\Idle\frame_0007.png'
00:02.546  render           | Saved: 'C:\Users\29\Desktop\3y\_animation_tools\renders\Idle\frame_0009.png'
00:02.578  render           | Saved: 'C:\Users\29\Desktop\3y\_animation_tools\renders\Idle\frame_0011.png'
00:02.625  render           | Saved: 'C:\Users\29\Desktop\3y\_animation_tools\renders\Idle\frame_0013.png'
00:02.656  render           | Saved: 'C:\Users\29\Desktop\3y\_animation_tools\renders\Idle\frame_0015.png'
00:02.687  render           | Saved: 'C:\Users\29\Desktop\3y\_animation_tools\renders\Idle\frame_0017.png'
00:02.718  render           | Saved: 'C:\Users\29\Desktop\3y\_animation_tools\renders\Idle\frame_0019.png'
00:02.750  render           | Saved: 'C:\Users\29\Desktop\3y\_animation_tools\renders\Idle\frame_0021.png'
00:02.796  render           | Saved: 'C:\Users\29\Desktop\3y\_animation_tools\renders\Idle\frame_0023.png'
00:02.828  render           | Saved: 'C:\Users\29\Desktop\3y\_animation_tools\renders\Idle\frame_0025.png'
00:02.875  render           | Saved: 'C:\Users\29\Desktop\3y\_animation_tools\renders\Idle\frame_0027.png'
00:02.906  render           | Saved: 'C:\Users\29\Desktop\3y\_animation_tools\renders\Idle\frame_0029.png'
00:02.937  render           | Saved: 'C:\Users\29\Desktop\3y\_animation_tools\renders\Idle\frame_0031.png'
00:02.968  render           | Saved: 'C:\Users\29\Desktop\3y\_animation_tools\renders\Idle\frame_0033.png'
00:03.015  render           | Saved: 'C:\Users\29\Desktop\3y\_animation_tools\renders\Idle\frame_0035.png'
00:03.046  render           | Saved: 'C:\Users\29\Desktop\3y\_animation_tools\renders\Idle\frame_0037.png'
00:03.078  render           | Saved: 'C:\Users\29\Desktop\3y\_animation_tools\renders\Idle\frame_0039.png'
00:03.109  render           | Saved: 'C:\Users\29\Desktop\3y\_animation_tools\renders\Idle\frame_0041.png'
00:03.156  render           | Saved: 'C:\Users\29\Desktop\3y\_animation_tools\renders\Idle\frame_0043.png'
00:03.187  render           | Saved: 'C:\Users\29\Desktop\3y\_animation_tools\renders\Idle\frame_0045.png'
00:03.218  render           | Saved: 'C:\Users\29\Desktop\3y\_animation_tools\renders\Idle\frame_0047.png'
00:03.250  render           | Saved: 'C:\Users\29\Desktop\3y\_animation_tools\renders\Idle\frame_0049.png'
00:03.296  render           | Saved: 'C:\Users\29\Desktop\3y\_animation_tools\renders\Idle\frame_0051.png'
00:03.328  render           | Saved: 'C:\Users\29\Desktop\3y\_animation_tools\renders\Idle\frame_0053.png'
00:03.375  render           | Saved: 'C:\Users\29\Desktop\3y\_animation_tools\renders\Idle\frame_0055.png'
00:03.406  render           | Saved: 'C:\Users\29\Desktop\3y\_animation_tools\renders\Idle\frame_0057.png'
00:03.437  render           | Saved: 'C:\Users\29\Desktop\3y\_animation_tools\renders\Idle\frame_0059.png'
00:03.468  render           | Saved: 'C:\Users\29\Desktop\3y\_animation_tools\renders\Idle\frame_0061.png'
00:03.562  render           | Saved: 'C:\Users\29\Desktop\3y\_animation_tools\renders\Attack1\frame_0001.png'
00:03.593  render           | Saved: 'C:\Users\29\Desktop\3y\_animation_tools\renders\Attack1\frame_0003.png'
00:03.625  render           | Saved: 'C:\Users\29\Desktop\3y\_animation_tools\renders\Attack1\frame_0005.png'
00:03.656  render           | Saved: 'C:\Users\29\Desktop\3y\_animation_tools\renders\Attack1\frame_0007.png'
00:03.703  render           | Saved: 'C:\Users\29\Desktop\3y\_animation_tools\renders\Attack1\frame_0009.png'
00:03.734  render           | Saved: 'C:\Users\29\Desktop\3y\_animation_tools\renders\Attack1\frame_0011.png'
00:03.765  render           | Saved: 'C:\Users\29\Desktop\3y\_animation_tools\renders\Attack1\frame_0013.png'
00:03.812  render           | Saved: 'C:\Users\29\Desktop\3y\_animation_tools\renders\Attack1\frame_0015.png'
00:03.843  render           | Saved: 'C:\Users\29\Desktop\3y\_animation_tools\renders\Attack1\frame_0017.png'
00:03.875  render           | Saved: 'C:\Users\29\Desktop\3y\_animation_tools\renders\Attack1\frame_0019.png'
00:03.906  render           | Saved: 'C:\Users\29\Desktop\3y\_animation_tools\renders\Attack1\frame_0021.png'
00:03.953  render           | Saved: 'C:\Users\29\Desktop\3y\_animation_tools\renders\Attack1\frame_0023.png'
00:03.984  render           | Saved: 'C:\Users\29\Desktop\3y\_animation_tools\renders\Attack1\frame_0025.png'
00:04.015  render           | Saved: 'C:\Users\29\Desktop\3y\_animation_tools\renders\Attack1\frame_0027.png'
00:04.046  render           | Saved: 'C:\Users\29\Desktop\3y\_animation_tools\renders\Attack1\frame_0029.png'
00:04.093  render           | Saved: 'C:\Users\29\Desktop\3y\_animation_tools\renders\Attack1\frame_0031.png'
00:04.125  render           | Saved: 'C:\Users\29\Desktop\3y\_animation_tools\renders\Attack1\frame_0033.png'
00:04.156  render           | Saved: 'C:\Users\29\Desktop\3y\_animation_tools\renders\Attack1\frame_0035.png'
00:04.187  render           | Saved: 'C:\Users\29\Desktop\3y\_animation_tools\renders\Attack1\frame_0037.png'
00:04.234  render           | Saved: 'C:\Users\29\Desktop\3y\_animation_tools\renders\Attack1\frame_0039.png'
00:04.265  render           | Saved: 'C:\Users\29\Desktop\3y\_animation_tools\renders\Attack1\frame_0041.png'
00:04.296  render           | Saved: 'C:\Users\29\Desktop\3y\_animation_tools\renders\Attack1\frame_0043.png'
00:04.343  render           | Saved: 'C:\Users\29\Desktop\3y\_animation_tools\renders\Attack1\frame_0045.png'
00:04.375  render           | Saved: 'C:\Users\29\Desktop\3y\_animation_tools\renders\Attack1\frame_0047.png'
00:04.421  render           | Saved: 'C:\Users\29\Desktop\3y\_animation_tools\renders\Attack1\frame_0049.png'
00:04.453  render           | Saved: 'C:\Users\29\Desktop\3y\_animation_tools\renders\Attack1\frame_0051.png'
00:04.500  render           | Saved: 'C:\Users\29\Desktop\3y\_animation_tools\renders\Attack1\frame_0053.png'
00:04.531  render           | Saved: 'C:\Users\29\Desktop\3y\_animation_tools\renders\Attack1\frame_0055.png'
00:04.562  render           | Saved: 'C:\Users\29\Desktop\3y\_animation_tools\renders\Attack1\frame_0057.png'
00:04.609  render           | Saved: 'C:\Users\29\Desktop\3y\_animation_tools\renders\Attack1\frame_0059.png'
00:04.640  render           | Saved: 'C:\Users\29\Desktop\3y\_animation_tools\renders\Attack1\frame_0061.png'
00:04.671  render           | Saved: 'C:\Users\29\Desktop\3y\_animation_tools\renders\Attack1\frame_0063.png'
00:04.765  render           | Saved: 'C:\Users\29\Desktop\3y\_animation_tools\renders\Attack2\frame_0001.png'
00:04.796  render           | Saved: 'C:\Users\29\Desktop\3y\_animation_tools\renders\Attack2\frame_0003.png'
00:04.828  render           | Saved: 'C:\Users\29\Desktop\3y\_animation_tools\renders\Attack2\frame_0005.png'
00:04.875  render           | Saved: 'C:\Users\29\Desktop\3y\_animation_tools\renders\Attack2\frame_0007.png'
00:04.906  render           | Saved: 'C:\Users\29\Desktop\3y\_animation_tools\renders\Attack2\frame_0009.png'
00:04.953  render           | Saved: 'C:\Users\29\Desktop\3y\_animation_tools\renders\Attack2\frame_0011.png'
00:05.000  render           | Saved: 'C:\Users\29\Desktop\3y\_animation_tools\renders\Attack2\frame_0013.png'
00:05.046  render           | Saved: 'C:\Users\29\Desktop\3y\_animation_tools\renders\Attack2\frame_0015.png'
00:05.093  render           | Saved: 'C:\Users\29\Desktop\3y\_animation_tools\renders\Attack2\frame_0017.png'
00:05.125  render           | Saved: 'C:\Users\29\Desktop\3y\_animation_tools\renders\Attack2\frame_0019.png'
00:05.156  render           | Saved: 'C:\Users\29\Desktop\3y\_animation_tools\renders\Attack2\frame_0021.png'
00:05.203  render           | Saved: 'C:\Users\29\Desktop\3y\_animation_tools\renders\Attack2\frame_0023.png'
00:05.234  render           | Saved: 'C:\Users\29\Desktop\3y\_animation_tools\renders\Attack2\frame_0025.png'
00:05.281  render           | Saved: 'C:\Users\29\Desktop\3y\_animation_tools\renders\Attack2\frame_0027.png'
00:05.312  render           | Saved: 'C:\Users\29\Desktop\3y\_animation_tools\renders\Attack2\frame_0029.png'
00:05.343  render           | Saved: 'C:\Users\29\Desktop\3y\_animation_tools\renders\Attack2\frame_0031.png'
00:05.390  render           | Saved: 'C:\Users\29\Desktop\3y\_animation_tools\renders\Attack2\frame_0033.png'
00:05.437  render           | Saved: 'C:\Users\29\Desktop\3y\_animation_tools\renders\Attack2\frame_0035.png'
00:05.468  render           | Saved: 'C:\Users\29\Desktop\3y\_animation_tools\renders\Attack2\frame_0037.png'
00:05.500  render           | Saved: 'C:\Users\29\Desktop\3y\_animation_tools\renders\Attack2\frame_0039.png'
00:05.546  render           | Saved: 'C:\Users\29\Desktop\3y\_animation_tools\renders\Attack2\frame_0041.png'
00:05.578  render           | Saved: 'C:\Users\29\Desktop\3y\_animation_tools\renders\Attack2\frame_0043.png'
00:05.625  render           | Saved: 'C:\Users\29\Desktop\3y\_animation_tools\renders\Attack2\frame_0045.png'
00:05.656  render           | Saved: 'C:\Users\29\Desktop\3y\_animation_tools\renders\Attack2\frame_0047.png'
00:05.703  render           | Saved: 'C:\Users\29\Desktop\3y\_animation_tools\renders\Attack2\frame_0049.png'
00:05.734  render           | Saved: 'C:\Users\29\Desktop\3y\_animation_tools\renders\Attack2\frame_0051.png'
00:05.781  render           | Saved: 'C:\Users\29\Desktop\3y\_animation_tools\renders\Attack2\frame_0053.png'
00:05.812  render           | Saved: 'C:\Users\29\Desktop\3y\_animation_tools\renders\Attack2\frame_0055.png'
00:05.843  render           | Saved: 'C:\Users\29\Desktop\3y\_animation_tools\renders\Attack2\frame_0057.png'
00:05.890  render           | Saved: 'C:\Users\29\Desktop\3y\_animation_tools\renders\Attack2\frame_0059.png'
00:05.937  render           | Saved: 'C:\Users\29\Desktop\3y\_animation_tools\renders\Attack2\frame_0061.png'
00:05.968  render           | Saved: 'C:\Users\29\Desktop\3y\_animation_tools\renders\Attack2\frame_0063.png'
00:06.093  render           | Saved: 'C:\Users\29\Desktop\3y\_animation_tools\renders\Attack3\frame_0001.png'
00:06.125  render           | Saved: 'C:\Users\29\Desktop\3y\_animation_tools\renders\Attack3\frame_0003.png'
00:06.156  render           | Saved: 'C:\Users\29\Desktop\3y\_animation_tools\renders\Attack3\frame_0005.png'
00:06.203  render           | Saved: 'C:\Users\29\Desktop\3y\_animation_tools\renders\Attack3\frame_0007.png'
00:06.250  render           | Saved: 'C:\Users\29\Desktop\3y\_animation_tools\renders\Attack3\frame_0009.png'
00:06.281  render           | Saved: 'C:\Users\29\Desktop\3y\_animation_tools\renders\Attack3\frame_0011.png'
00:06.328  render           | Saved: 'C:\Users\29\Desktop\3y\_animation_tools\renders\Attack3\frame_0013.png'
00:06.375  render           | Saved: 'C:\Users\29\Desktop\3y\_animation_tools\renders\Attack3\frame_0015.png'
00:06.421  render           | Saved: 'C:\Users\29\Desktop\3y\_animation_tools\renders\Attack3\frame_0017.png'
00:06.453  render           | Saved: 'C:\Users\29\Desktop\3y\_animation_tools\renders\Attack3\frame_0019.png'
00:06.500  render           | Saved: 'C:\Users\29\Desktop\3y\_animation_tools\renders\Attack3\frame_0021.png'
00:06.546  render           | Saved: 'C:\Users\29\Desktop\3y\_animation_tools\renders\Attack3\frame_0023.png'
00:06.593  render           | Saved: 'C:\Users\29\Desktop\3y\_animation_tools\renders\Attack3\frame_0025.png'
00:06.625  render           | Saved: 'C:\Users\29\Desktop\3y\_animation_tools\renders\Attack3\frame_0027.png'
00:06.671  render           | Saved: 'C:\Users\29\Desktop\3y\_animation_tools\renders\Attack3\frame_0029.png'
00:06.718  render           | Saved: 'C:\Users\29\Desktop\3y\_animation_tools\renders\Attack3\frame_0031.png'
00:06.750  render           | Saved: 'C:\Users\29\Desktop\3y\_animation_tools\renders\Attack3\frame_0033.png'
00:06.796  render           | Saved: 'C:\Users\29\Desktop\3y\_animation_tools\renders\Attack3\frame_0035.png'
00:06.843  render           | Saved: 'C:\Users\29\Desktop\3y\_animation_tools\renders\Attack3\frame_0037.png'
00:06.890  render           | Saved: 'C:\Users\29\Desktop\3y\_animation_tools\renders\Attack3\frame_0039.png'
00:06.921  render           | Saved: 'C:\Users\29\Desktop\3y\_animation_tools\renders\Attack3\frame_0041.png'
00:06.953  render           | Saved: 'C:\Users\29\Desktop\3y\_animation_tools\renders\Attack3\frame_0043.png'
00:07.000  render           | Saved: 'C:\Users\29\Desktop\3y\_animation_tools\renders\Attack3\frame_0045.png'
00:07.031  render           | Saved: 'C:\Users\29\Desktop\3y\_animation_tools\renders\Attack3\frame_0047.png'
00:07.078  render           | Saved: 'C:\Users\29\Desktop\3y\_animation_tools\renders\Attack3\frame_0049.png'
00:07.109  render           | Saved: 'C:\Users\29\Desktop\3y\_animation_tools\renders\Attack3\frame_0051.png'
00:07.140  render           | Saved: 'C:\Users\29\Desktop\3y\_animation_tools\renders\Attack3\frame_0053.png'
00:07.187  render           | Saved: 'C:\Users\29\Desktop\3y\_animation_tools\renders\Attack3\frame_0055.png'
00:07.234  render           | Saved: 'C:\Users\29\Desktop\3y\_animation_tools\renders\Attack3\frame_0057.png'
00:07.281  render           | Saved: 'C:\Users\29\Desktop\3y\_animation_tools\renders\Attack3\frame_0059.png'
00:07.312  render           | Saved: 'C:\Users\29\Desktop\3y\_animation_tools\renders\Attack3\frame_0061.png'
00:07.359  render           | Saved: 'C:\Users\29\Desktop\3y\_animation_tools\renders\Attack3\frame_0063.png'
00:07.390  render           | Saved: 'C:\Users\29\Desktop\3y\_animation_tools\renders\Attack3\frame_0065.png'
00:07.437  render           | Saved: 'C:\Users\29\Desktop\3y\_animation_tools\renders\Attack3\frame_0067.png'
00:07.484  render           | Saved: 'C:\Users\29\Desktop\3y\_animation_tools\renders\Attack3\frame_0069.png'
00:07.562  render           | Saved: 'C:\Users\29\Desktop\3y\_animation_tools\renders\BlockIn\frame_0001.png'
00:07.593  render           | Saved: 'C:\Users\29\Desktop\3y\_animation_tools\renders\BlockIn\frame_0003.png'
00:07.640  render           | Saved: 'C:\Users\29\Desktop\3y\_animation_tools\renders\BlockIn\frame_0005.png'
00:07.718  render           | Saved: 'C:\Users\29\Desktop\3y\_animation_tools\renders\BlockHold\frame_0001.png'
00:07.765  render           | Saved: 'C:\Users\29\Desktop\3y\_animation_tools\renders\BlockHold\frame_0003.png'
00:07.812  render           | Saved: 'C:\Users\29\Desktop\3y\_animation_tools\renders\BlockHold\frame_0005.png'
00:07.843  render           | Saved: 'C:\Users\29\Desktop\3y\_animation_tools\renders\BlockHold\frame_0007.png'
00:07.890  render           | Saved: 'C:\Users\29\Desktop\3y\_animation_tools\renders\BlockHold\frame_0009.png'
00:07.937  render           | Saved: 'C:\Users\29\Desktop\3y\_animation_tools\renders\BlockHold\frame_0011.png'
00:07.984  render           | Saved: 'C:\Users\29\Desktop\3y\_animation_tools\renders\BlockHold\frame_0013.png'
00:08.015  render           | Saved: 'C:\Users\29\Desktop\3y\_animation_tools\renders\BlockHold\frame_0015.png'
00:08.062  render           | Saved: 'C:\Users\29\Desktop\3y\_animation_tools\renders\BlockHold\frame_0017.png'
00:08.109  render           | Saved: 'C:\Users\29\Desktop\3y\_animation_tools\renders\BlockHold\frame_0019.png'
00:08.156  render           | Saved: 'C:\Users\29\Desktop\3y\_animation_tools\renders\BlockHold\frame_0021.png'
00:08.187  render           | Saved: 'C:\Users\29\Desktop\3y\_animation_tools\renders\BlockHold\frame_0023.png'
00:08.234  render           | Saved: 'C:\Users\29\Desktop\3y\_animation_tools\renders\BlockHold\frame_0025.png'
00:08.281  render           | Saved: 'C:\Users\29\Desktop\3y\_animation_tools\renders\BlockHold\frame_0027.png'
00:08.312  render           | Saved: 'C:\Users\29\Desktop\3y\_animation_tools\renders\BlockHold\frame_0029.png'
00:08.359  render           | Saved: 'C:\Users\29\Desktop\3y\_animation_tools\renders\BlockHold\frame_0031.png'
00:08.437  render           | Saved: 'C:\Users\29\Desktop\3y\_animation_tools\renders\BlockOut\frame_0001.png'
00:08.484  render           | Saved: 'C:\Users\29\Desktop\3y\_animation_tools\renders\BlockOut\frame_0003.png'
00:08.515  render           | Saved: 'C:\Users\29\Desktop\3y\_animation_tools\renders\BlockOut\frame_0005.png'
Traceback (most recent call last):
  File "C:\Users\29\Desktop\3y\_animation_tools\render_verify.py", line 10, in <module>
    for obj,key in [('Armature','action'),('Wakizashi_3P_R','sword_action'),('Wakizashi_3P_L','left_sword_action'),('Wakizashi_3P_Kunai','kunai_action')]:bpy.data.objects[obj].animation_data.action=bpy.data.actions[item[key]]
                                                                                                                                                                                                      ~~~~~~~~~~~~~~~~^^^^^^^^^^^
KeyError: 'bpy_prop_collection[key]: key "Wakizashi_KunaiThrow_CorrectedRelease" not found'
Blender 5.2.1 LTS (hash 9e2066aef7ef built 2026-08-25 02:38:20)

Blender quit
