00:00.422  blend            | Read blend: "C:\Users\29\Desktop\3y\Wakizashi_3P.blend"
00:02.734  render           | Saved: 'C:\Users\29\Desktop\3y\_animation_tools\renders\Idle\frame_0001.png'
00:02.765  render           | Saved: 'C:\Users\29\Desktop\3y\_animation_tools\renders\Idle\frame_0003.png'
00:02.812  render           | Saved: 'C:\Users\29\Desktop\3y\_animation_tools\renders\Idle\frame_0005.png'
00:02.844  render           | Saved: 'C:\Users\29\Desktop\3y\_animation_tools\renders\Idle\frame_0007.png'
00:02.875  render           | Saved: 'C:\Users\29\Desktop\3y\_animation_tools\renders\Idle\frame_0009.png'
00:02.906  render           | Saved: 'C:\Users\29\Desktop\3y\_animation_tools\renders\Idle\frame_0011.png'
00:02.953  render           | Saved: 'C:\Users\29\Desktop\3y\_animation_tools\renders\Idle\frame_0013.png'
00:02.984  render           | Saved: 'C:\Users\29\Desktop\3y\_animation_tools\renders\Idle\frame_0015.png'
00:03.015  render           | Saved: 'C:\Users\29\Desktop\3y\_animation_tools\renders\Idle\frame_0017.png'
00:03.062  render           | Saved: 'C:\Users\29\Desktop\3y\_animation_tools\renders\Idle\frame_0019.png'
00:03.094  render           | Saved: 'C:\Users\29\Desktop\3y\_animation_tools\renders\Idle\frame_0021.png'
00:03.140  render           | Saved: 'C:\Users\29\Desktop\3y\_animation_tools\renders\Idle\frame_0023.png'
00:03.172  render           | Saved: 'C:\Users\29\Desktop\3y\_animation_tools\renders\Idle\frame_0025.png'
00:03.203  render           | Saved: 'C:\Users\29\Desktop\3y\_animation_tools\renders\Idle\frame_0027.png'
00:03.250  render           | Saved: 'C:\Users\29\Desktop\3y\_animation_tools\renders\Idle\frame_0029.png'
00:03.281  render           | Saved: 'C:\Users\29\Desktop\3y\_animation_tools\renders\Idle\frame_0031.png'
00:03.312  render           | Saved: 'C:\Users\29\Desktop\3y\_animation_tools\renders\Idle\frame_0033.png'
00:03.359  render           | Saved: 'C:\Users\29\Desktop\3y\_animation_tools\renders\Idle\frame_0035.png'
00:03.390  render           | Saved: 'C:\Users\29\Desktop\3y\_animation_tools\renders\Idle\frame_0037.png'
00:03.422  render           | Saved: 'C:\Users\29\Desktop\3y\_animation_tools\renders\Idle\frame_0039.png'
00:03.469  render           | Saved: 'C:\Users\29\Desktop\3y\_animation_tools\renders\Idle\frame_0041.png'
00:03.500  render           | Saved: 'C:\Users\29\Desktop\3y\_animation_tools\renders\Idle\frame_0043.png'
00:03.547  render           | Saved: 'C:\Users\29\Desktop\3y\_animation_tools\renders\Idle\frame_0045.png'
00:03.578  render           | Saved: 'C:\Users\29\Desktop\3y\_animation_tools\renders\Idle\frame_0047.png'
00:03.609  render           | Saved: 'C:\Users\29\Desktop\3y\_animation_tools\renders\Idle\frame_0049.png'
00:03.656  render           | Saved: 'C:\Users\29\Desktop\3y\_animation_tools\renders\Idle\frame_0051.png'
00:03.687  render           | Saved: 'C:\Users\29\Desktop\3y\_animation_tools\renders\Idle\frame_0053.png'
00:03.719  render           | Saved: 'C:\Users\29\Desktop\3y\_animation_tools\renders\Idle\frame_0055.png'
00:03.765  render           | Saved: 'C:\Users\29\Desktop\3y\_animation_tools\renders\Idle\frame_0057.png'
00:03.797  render           | Saved: 'C:\Users\29\Desktop\3y\_animation_tools\renders\Idle\frame_0059.png'
00:03.844  render           | Saved: 'C:\Users\29\Desktop\3y\_animation_tools\renders\Idle\frame_0061.png'
00:03.937  render           | Saved: 'C:\Users\29\Desktop\3y\_animation_tools\renders\Attack1\frame_0001.png'
00:03.969  render           | Saved: 'C:\Users\29\Desktop\3y\_animation_tools\renders\Attack1\frame_0003.png'
00:04.015  render           | Saved: 'C:\Users\29\Desktop\3y\_animation_tools\renders\Attack1\frame_0005.png'
00:04.078  render           | Saved: 'C:\Users\29\Desktop\3y\_animation_tools\renders\Attack1\frame_0007.png'
00:04.125  render           | Saved: 'C:\Users\29\Desktop\3y\_animation_tools\renders\Attack1\frame_0009.png'
00:04.156  render           | Saved: 'C:\Users\29\Desktop\3y\_animation_tools\renders\Attack1\frame_0011.png'
00:04.203  render           | Saved: 'C:\Users\29\Desktop\3y\_animation_tools\renders\Attack1\frame_0013.png'
00:04.234  render           | Saved: 'C:\Users\29\Desktop\3y\_animation_tools\renders\Attack1\frame_0015.png'
00:04.281  render           | Saved: 'C:\Users\29\Desktop\3y\_animation_tools\renders\Attack1\frame_0017.png'
00:04.328  render           | Saved: 'C:\Users\29\Desktop\3y\_animation_tools\renders\Attack1\frame_0019.png'
00:04.359  render           | Saved: 'C:\Users\29\Desktop\3y\_animation_tools\renders\Attack1\frame_0021.png'
00:04.406  render           | Saved: 'C:\Users\29\Desktop\3y\_animation_tools\renders\Attack1\frame_0023.png'
00:04.453  render           | Saved: 'C:\Users\29\Desktop\3y\_animation_tools\renders\Attack1\frame_0025.png'
00:04.500  render           | Saved: 'C:\Users\29\Desktop\3y\_animation_tools\renders\Attack1\frame_0027.png'
00:04.531  render           | Saved: 'C:\Users\29\Desktop\3y\_animation_tools\renders\Attack1\frame_0029.png'
00:04.562  render           | Saved: 'C:\Users\29\Desktop\3y\_animation_tools\renders\Attack1\frame_0031.png'
00:04.609  render           | Saved: 'C:\Users\29\Desktop\3y\_animation_tools\renders\Attack1\frame_0033.png'
00:04.656  render           | Saved: 'C:\Users\29\Desktop\3y\_animation_tools\renders\Attack1\frame_0035.png'
00:04.703  render           | Saved: 'C:\Users\29\Desktop\3y\_animation_tools\renders\Attack1\frame_0037.png'
00:04.734  render           | Saved: 'C:\Users\29\Desktop\3y\_animation_tools\renders\Attack1\frame_0039.png'
00:04.765  render           | Saved: 'C:\Users\29\Desktop\3y\_animation_tools\renders\Attack1\frame_0041.png'
00:04.812  render           | Saved: 'C:\Users\29\Desktop\3y\_animation_tools\renders\Attack1\frame_0043.png'
00:04.844  render           | Saved: 'C:\Users\29\Desktop\3y\_animation_tools\renders\Attack1\frame_0045.png'
00:04.890  render           | Saved: 'C:\Users\29\Desktop\3y\_animation_tools\renders\Attack1\frame_0047.png'
00:04.922  render           | Saved: 'C:\Users\29\Desktop\3y\_animation_tools\renders\Attack1\frame_0049.png'
00:04.969  render           | Saved: 'C:\Users\29\Desktop\3y\_animation_tools\renders\Attack1\frame_0051.png'
00:05.000  render           | Saved: 'C:\Users\29\Desktop\3y\_animation_tools\renders\Attack1\frame_0053.png'
00:05.031  render           | Saved: 'C:\Users\29\Desktop\3y\_animation_tools\renders\Attack1\frame_0055.png'
00:05.078  render           | Saved: 'C:\Users\29\Desktop\3y\_animation_tools\renders\Attack1\frame_0057.png'
00:05.109  render           | Saved: 'C:\Users\29\Desktop\3y\_animation_tools\renders\Attack1\frame_0059.png'
00:05.156  render           | Saved: 'C:\Users\29\Desktop\3y\_animation_tools\renders\Attack1\frame_0061.png'
00:05.187  render           | Saved: 'C:\Users\29\Desktop\3y\_animation_tools\renders\Attack1\frame_0063.png'
00:05.281  render           | Saved: 'C:\Users\29\Desktop\3y\_animation_tools\renders\Attack2\frame_0001.png'
00:05.312  render           | Saved: 'C:\Users\29\Desktop\3y\_animation_tools\renders\Attack2\frame_0003.png'
00:05.359  render           | Saved: 'C:\Users\29\Desktop\3y\_animation_tools\renders\Attack2\frame_0005.png'
00:05.390  render           | Saved: 'C:\Users\29\Desktop\3y\_animation_tools\renders\Attack2\frame_0007.png'
00:05.422  render           | Saved: 'C:\Users\29\Desktop\3y\_animation_tools\renders\Attack2\frame_0009.png'
00:05.469  render           | Saved: 'C:\Users\29\Desktop\3y\_animation_tools\renders\Attack2\frame_0011.png'
00:05.500  render           | Saved: 'C:\Users\29\Desktop\3y\_animation_tools\renders\Attack2\frame_0013.png'
00:05.547  render           | Saved: 'C:\Users\29\Desktop\3y\_animation_tools\renders\Attack2\frame_0015.png'
00:05.578  render           | Saved: 'C:\Users\29\Desktop\3y\_animation_tools\renders\Attack2\frame_0017.png'
00:05.609  render           | Saved: 'C:\Users\29\Desktop\3y\_animation_tools\renders\Attack2\frame_0019.png'
00:05.656  render           | Saved: 'C:\Users\29\Desktop\3y\_animation_tools\renders\Attack2\frame_0021.png'
00:05.687  render           | Saved: 'C:\Users\29\Desktop\3y\_animation_tools\renders\Attack2\frame_0023.png'
00:05.719  render           | Saved: 'C:\Users\29\Desktop\3y\_animation_tools\renders\Attack2\frame_0025.png'
00:05.765  render           | Saved: 'C:\Users\29\Desktop\3y\_animation_tools\renders\Attack2\frame_0027.png'
00:05.797  render           | Saved: 'C:\Users\29\Desktop\3y\_animation_tools\renders\Attack2\frame_0029.png'
00:05.844  render           | Saved: 'C:\Users\29\Desktop\3y\_animation_tools\renders\Attack2\frame_0031.png'
00:05.875  render           | Saved: 'C:\Users\29\Desktop\3y\_animation_tools\renders\Attack2\frame_0033.png'
00:05.906  render           | Saved: 'C:\Users\29\Desktop\3y\_animation_tools\renders\Attack2\frame_0035.png'
00:05.953  render           | Saved: 'C:\Users\29\Desktop\3y\_animation_tools\renders\Attack2\frame_0037.png'
00:05.984  render           | Saved: 'C:\Users\29\Desktop\3y\_animation_tools\renders\Attack2\frame_0039.png'
00:06.015  render           | Saved: 'C:\Users\29\Desktop\3y\_animation_tools\renders\Attack2\frame_0041.png'
00:06.062  render           | Saved: 'C:\Users\29\Desktop\3y\_animation_tools\renders\Attack2\frame_0043.png'
00:06.094  render           | Saved: 'C:\Users\29\Desktop\3y\_animation_tools\renders\Attack2\frame_0045.png'
00:06.140  render           | Saved: 'C:\Users\29\Desktop\3y\_animation_tools\renders\Attack2\frame_0047.png'
00:06.172  render           | Saved: 'C:\Users\29\Desktop\3y\_animation_tools\renders\Attack2\frame_0049.png'
00:06.203  render           | Saved: 'C:\Users\29\Desktop\3y\_animation_tools\renders\Attack2\frame_0051.png'
00:06.250  render           | Saved: 'C:\Users\29\Desktop\3y\_animation_tools\renders\Attack2\frame_0053.png'
00:06.281  render           | Saved: 'C:\Users\29\Desktop\3y\_animation_tools\renders\Attack2\frame_0055.png'
00:06.312  render           | Saved: 'C:\Users\29\Desktop\3y\_animation_tools\renders\Attack2\frame_0057.png'
00:06.359  render           | Saved: 'C:\Users\29\Desktop\3y\_animation_tools\renders\Attack2\frame_0059.png'
00:06.390  render           | Saved: 'C:\Users\29\Desktop\3y\_animation_tools\renders\Attack2\frame_0061.png'
00:06.422  render           | Saved: 'C:\Users\29\Desktop\3y\_animation_tools\renders\Attack2\frame_0063.png'
00:06.531  render           | Saved: 'C:\Users\29\Desktop\3y\_animation_tools\renders\Attack3\frame_0001.png'
00:06.578  render           | Saved: 'C:\Users\29\Desktop\3y\_animation_tools\renders\Attack3\frame_0003.png'
00:06.625  render           | Saved: 'C:\Users\29\Desktop\3y\_animation_tools\renders\Attack3\frame_0005.png'
00:06.656  render           | Saved: 'C:\Users\29\Desktop\3y\_animation_tools\renders\Attack3\frame_0007.png'
00:06.687  render           | Saved: 'C:\Users\29\Desktop\3y\_animation_tools\renders\Attack3\frame_0009.png'
00:06.734  render           | Saved: 'C:\Users\29\Desktop\3y\_animation_tools\renders\Attack3\frame_0011.png'
00:06.765  render           | Saved: 'C:\Users\29\Desktop\3y\_animation_tools\renders\Attack3\frame_0013.png'
00:06.812  render           | Saved: 'C:\Users\29\Desktop\3y\_animation_tools\renders\Attack3\frame_0015.png'
00:06.844  render           | Saved: 'C:\Users\29\Desktop\3y\_animation_tools\renders\Attack3\frame_0017.png'
00:06.875  render           | Saved: 'C:\Users\29\Desktop\3y\_animation_tools\renders\Attack3\frame_0019.png'
00:06.906  render           | Saved: 'C:\Users\29\Desktop\3y\_animation_tools\renders\Attack3\frame_0021.png'
00:06.953  render           | Saved: 'C:\Users\29\Desktop\3y\_animation_tools\renders\Attack3\frame_0023.png'
00:06.984  render           | Saved: 'C:\Users\29\Desktop\3y\_animation_tools\renders\Attack3\frame_0025.png'
00:07.031  render           | Saved: 'C:\Users\29\Desktop\3y\_animation_tools\renders\Attack3\frame_0027.png'
00:07.062  render           | Saved: 'C:\Users\29\Desktop\3y\_animation_tools\renders\Attack3\frame_0029.png'
00:07.094  render           | Saved: 'C:\Users\29\Desktop\3y\_animation_tools\renders\Attack3\frame_0031.png'
00:07.140  render           | Saved: 'C:\Users\29\Desktop\3y\_animation_tools\renders\Attack3\frame_0033.png'
00:07.172  render           | Saved: 'C:\Users\29\Desktop\3y\_animation_tools\renders\Attack3\frame_0035.png'
00:07.203  render           | Saved: 'C:\Users\29\Desktop\3y\_animation_tools\renders\Attack3\frame_0037.png'
00:07.250  render           | Saved: 'C:\Users\29\Desktop\3y\_animation_tools\renders\Attack3\frame_0039.png'
00:07.281  render           | Saved: 'C:\Users\29\Desktop\3y\_animation_tools\renders\Attack3\frame_0041.png'
00:07.328  render           | Saved: 'C:\Users\29\Desktop\3y\_animation_tools\renders\Attack3\frame_0043.png'
00:07.359  render           | Saved: 'C:\Users\29\Desktop\3y\_animation_tools\renders\Attack3\frame_0045.png'
00:07.390  render           | Saved: 'C:\Users\29\Desktop\3y\_animation_tools\renders\Attack3\frame_0047.png'
00:07.437  render           | Saved: 'C:\Users\29\Desktop\3y\_animation_tools\renders\Attack3\frame_0049.png'
00:07.469  render           | Saved: 'C:\Users\29\Desktop\3y\_animation_tools\renders\Attack3\frame_0051.png'
00:07.515  render           | Saved: 'C:\Users\29\Desktop\3y\_animation_tools\renders\Attack3\frame_0053.png'
00:07.547  render           | Saved: 'C:\Users\29\Desktop\3y\_animation_tools\renders\Attack3\frame_0055.png'
00:07.594  render           | Saved: 'C:\Users\29\Desktop\3y\_animation_tools\renders\Attack3\frame_0057.png'
00:07.625  render           | Saved: 'C:\Users\29\Desktop\3y\_animation_tools\renders\Attack3\frame_0059.png'
00:07.656  render           | Saved: 'C:\Users\29\Desktop\3y\_animation_tools\renders\Attack3\frame_0061.png'
00:07.703  render           | Saved: 'C:\Users\29\Desktop\3y\_animation_tools\renders\Attack3\frame_0063.png'
00:07.734  render           | Saved: 'C:\Users\29\Desktop\3y\_animation_tools\renders\Attack3\frame_0065.png'
00:07.765  render           | Saved: 'C:\Users\29\Desktop\3y\_animation_tools\renders\Attack3\frame_0067.png'
00:07.812  render           | Saved: 'C:\Users\29\Desktop\3y\_animation_tools\renders\Attack3\frame_0069.png'
00:07.890  render           | Saved: 'C:\Users\29\Desktop\3y\_animation_tools\renders\BlockIn\frame_0001.png'
00:07.922  render           | Saved: 'C:\Users\29\Desktop\3y\_animation_tools\renders\BlockIn\frame_0003.png'
00:07.969  render           | Saved: 'C:\Users\29\Desktop\3y\_animation_tools\renders\BlockIn\frame_0005.png'
00:08.047  render           | Saved: 'C:\Users\29\Desktop\3y\_animation_tools\renders\BlockHold\frame_0001.png'
00:08.078  render           | Saved: 'C:\Users\29\Desktop\3y\_animation_tools\renders\BlockHold\frame_0003.png'
00:08.125  render           | Saved: 'C:\Users\29\Desktop\3y\_animation_tools\renders\BlockHold\frame_0005.png'
00:08.156  render           | Saved: 'C:\Users\29\Desktop\3y\_animation_tools\renders\BlockHold\frame_0007.png'
00:08.203  render           | Saved: 'C:\Users\29\Desktop\3y\_animation_tools\renders\BlockHold\frame_0009.png'
00:08.265  render           | Saved: 'C:\Users\29\Desktop\3y\_animation_tools\renders\BlockHold\frame_0011.png'
00:08.312  render           | Saved: 'C:\Users\29\Desktop\3y\_animation_tools\renders\BlockHold\frame_0013.png'
00:08.344  render           | Saved: 'C:\Users\29\Desktop\3y\_animation_tools\renders\BlockHold\frame_0015.png'
00:08.390  render           | Saved: 'C:\Users\29\Desktop\3y\_animation_tools\renders\BlockHold\frame_0017.png'
00:08.422  render           | Saved: 'C:\Users\29\Desktop\3y\_animation_tools\renders\BlockHold\frame_0019.png'
00:08.453  render           | Saved: 'C:\Users\29\Desktop\3y\_animation_tools\renders\BlockHold\frame_0021.png'
00:08.500  render           | Saved: 'C:\Users\29\Desktop\3y\_animation_tools\renders\BlockHold\frame_0023.png'
00:08.547  render           | Saved: 'C:\Users\29\Desktop\3y\_animation_tools\renders\BlockHold\frame_0025.png'
00:08.594  render           | Saved: 'C:\Users\29\Desktop\3y\_animation_tools\renders\BlockHold\frame_0027.png'
00:08.640  render           | Saved: 'C:\Users\29\Desktop\3y\_animation_tools\renders\BlockHold\frame_0029.png'
00:08.687  render           | Saved: 'C:\Users\29\Desktop\3y\_animation_tools\renders\BlockHold\frame_0031.png'
00:08.765  render           | Saved: 'C:\Users\29\Desktop\3y\_animation_tools\renders\BlockOut\frame_0001.png'
00:08.812  render           | Saved: 'C:\Users\29\Desktop\3y\_animation_tools\renders\BlockOut\frame_0003.png'
00:08.844  render           | Saved: 'C:\Users\29\Desktop\3y\_animation_tools\renders\BlockOut\frame_0005.png'
00:08.969  render           | Saved: 'C:\Users\29\Desktop\3y\_animation_tools\renders\KunaiThrow\frame_0001.png'
00:09.000  render           | Saved: 'C:\Users\29\Desktop\3y\_animation_tools\renders\KunaiThrow\frame_0003.png'
00:09.047  render           | Saved: 'C:\Users\29\Desktop\3y\_animation_tools\renders\KunaiThrow\frame_0005.png'
00:09.078  render           | Saved: 'C:\Users\29\Desktop\3y\_animation_tools\renders\KunaiThrow\frame_0007.png'
00:09.125  render           | Saved: 'C:\Users\29\Desktop\3y\_animation_tools\renders\KunaiThrow\frame_0009.png'
00:09.156  render           | Saved: 'C:\Users\29\Desktop\3y\_animation_tools\renders\KunaiThrow\frame_0011.png'
00:09.203  render           | Saved: 'C:\Users\29\Desktop\3y\_animation_tools\renders\KunaiThrow\frame_0013.png'
00:09.234  render           | Saved: 'C:\Users\29\Desktop\3y\_animation_tools\renders\KunaiThrow\frame_0015.png'
00:09.281  render           | Saved: 'C:\Users\29\Desktop\3y\_animation_tools\renders\KunaiThrow\frame_0017.png'
00:09.312  render           | Saved: 'C:\Users\29\Desktop\3y\_animation_tools\renders\KunaiThrow\frame_0019.png'
00:09.359  render           | Saved: 'C:\Users\29\Desktop\3y\_animation_tools\renders\KunaiThrow\frame_0021.png'
00:09.390  render           | Saved: 'C:\Users\29\Desktop\3y\_animation_tools\renders\KunaiThrow\frame_0023.png'
00:09.437  render           | Saved: 'C:\Users\29\Desktop\3y\_animation_tools\renders\KunaiThrow\frame_0025.png'
00:09.469  render           | Saved: 'C:\Users\29\Desktop\3y\_animation_tools\renders\KunaiThrow\frame_0027.png'
00:09.515  render           | Saved: 'C:\Users\29\Desktop\3y\_animation_tools\renders\KunaiThrow\frame_0029.png'
00:09.547  render           | Saved: 'C:\Users\29\Desktop\3y\_animation_tools\renders\KunaiThrow\frame_0031.png'
00:09.594  render           | Saved: 'C:\Users\29\Desktop\3y\_animation_tools\renders\KunaiThrow\frame_0033.png'
00:09.625  render           | Saved: 'C:\Users\29\Desktop\3y\_animation_tools\renders\KunaiThrow\frame_0035.png'
00:09.672  render           | Saved: 'C:\Users\29\Desktop\3y\_animation_tools\renders\KunaiThrow\frame_0037.png'
00:09.703  render           | Saved: 'C:\Users\29\Desktop\3y\_animation_tools\renders\KunaiThrow\frame_0039.png'
00:09.750  render           | Saved: 'C:\Users\29\Desktop\3y\_animation_tools\renders\KunaiThrow\frame_0041.png'
00:09.781  render           | Saved: 'C:\Users\29\Desktop\3y\_animation_tools\renders\KunaiThrow\frame_0043.png'
00:09.828  render           | Saved: 'C:\Users\29\Desktop\3y\_animation_tools\renders\KunaiThrow\frame_0045.png'
00:09.875  render           | Saved: 'C:\Users\29\Desktop\3y\_animation_tools\renders\KunaiThrow\frame_0047.png'
00:09.906  render           | Saved: 'C:\Users\29\Desktop\3y\_animation_tools\renders\KunaiThrow\frame_0049.png'
00:09.953  render           | Saved: 'C:\Users\29\Desktop\3y\_animation_tools\renders\KunaiThrow\frame_0051.png'
00:09.984  render           | Saved: 'C:\Users\29\Desktop\3y\_animation_tools\renders\KunaiThrow\frame_0053.png'
00:10.015  render           | Saved: 'C:\Users\29\Desktop\3y\_animation_tools\renders\KunaiThrow\frame_0055.png'
00:10.062  render           | Saved: 'C:\Users\29\Desktop\3y\_animation_tools\renders\KunaiThrow\frame_0057.png'
00:10.094  render           | Saved: 'C:\Users\29\Desktop\3y\_animation_tools\renders\KunaiThrow\frame_0059.png'
00:10.140  render           | Saved: 'C:\Users\29\Desktop\3y\_animation_tools\renders\KunaiThrow\frame_0061.png'
00:10.172  render           | Saved: 'C:\Users\29\Desktop\3y\_animation_tools\renders\KunaiThrow\frame_0063.png'
00:10.203  render           | Saved: 'C:\Users\29\Desktop\3y\_animation_tools\renders\KunaiThrow\frame_0065.png'
00:10.250  render           | Saved: 'C:\Users\29\Desktop\3y\_animation_tools\renders\KunaiThrow\frame_0067.png'
00:10.281  render           | Saved: 'C:\Users\29\Desktop\3y\_animation_tools\renders\KunaiThrow\frame_0069.png'
00:10.328  render           | Saved: 'C:\Users\29\Desktop\3y\_animation_tools\renders\KunaiThrow\frame_0071.png'
00:10.359  render           | Saved: 'C:\Users\29\Desktop\3y\_animation_tools\renders\KunaiThrow\frame_0073.png'
00:10.406  render           | Saved: 'C:\Users\29\Desktop\3y\_animation_tools\renders\KunaiThrow\frame_0075.png'
00:10.484  render           | Saved: 'C:\Users\29\Desktop\3y\_animation_tools\renders\Teleport\frame_0001.png'
00:10.515  render           | Saved: 'C:\Users\29\Desktop\3y\_animation_tools\renders\Teleport\frame_0003.png'
00:10.562  render           | Saved: 'C:\Users\29\Desktop\3y\_animation_tools\renders\Teleport\frame_0005.png'
00:10.609  render           | Saved: 'C:\Users\29\Desktop\3y\_animation_tools\renders\Teleport\frame_0007.png'
00:10.656  render           | Saved: 'C:\Users\29\Desktop\3y\_animation_tools\renders\Teleport\frame_0009.png'
00:10.703  render           | Saved: 'C:\Users\29\Desktop\3y\_animation_tools\renders\Teleport\frame_0011.png'
00:10.750  render           | Saved: 'C:\Users\29\Desktop\3y\_animation_tools\renders\Teleport\frame_0013.png'
00:10.797  render           | Saved: 'C:\Users\29\Desktop\3y\_animation_tools\renders\Teleport\frame_0015.png'
00:10.828  render           | Saved: 'C:\Users\29\Desktop\3y\_animation_tools\renders\Teleport\frame_0017.png'
00:10.875  render           | Saved: 'C:\Users\29\Desktop\3y\_animation_tools\renders\Teleport\frame_0019.png'
00:10.906  render           | Saved: 'C:\Users\29\Desktop\3y\_animation_tools\renders\Teleport\frame_0021.png'
00:11.015  render           | Saved: 'C:\Users\29\Desktop\3y\_animation_tools\renders\Draw\frame_0001.png'
00:11.062  render           | Saved: 'C:\Users\29\Desktop\3y\_animation_tools\renders\Draw\frame_0003.png'
00:11.109  render           | Saved: 'C:\Users\29\Desktop\3y\_animation_tools\renders\Draw\frame_0005.png'
00:11.172  render           | Saved: 'C:\Users\29\Desktop\3y\_animation_tools\renders\Draw\frame_0007.png'
00:11.203  render           | Saved: 'C:\Users\29\Desktop\3y\_animation_tools\renders\Draw\frame_0009.png'
00:11.250  render           | Saved: 'C:\Users\29\Desktop\3y\_animation_tools\renders\Draw\frame_0011.png'
00:11.297  render           | Saved: 'C:\Users\29\Desktop\3y\_animation_tools\renders\Draw\frame_0013.png'
00:11.328  render           | Saved: 'C:\Users\29\Desktop\3y\_animation_tools\renders\Draw\frame_0015.png'
00:11.375  render           | Saved: 'C:\Users\29\Desktop\3y\_animation_tools\renders\Draw\frame_0017.png'
00:11.422  render           | Saved: 'C:\Users\29\Desktop\3y\_animation_tools\renders\Draw\frame_0019.png'
00:11.453  render           | Saved: 'C:\Users\29\Desktop\3y\_animation_tools\renders\Draw\frame_0021.png'
00:11.500  render           | Saved: 'C:\Users\29\Desktop\3y\_animation_tools\renders\Draw\frame_0023.png'
00:11.547  render           | Saved: 'C:\Users\29\Desktop\3y\_animation_tools\renders\Draw\frame_0025.png'
00:11.578  render           | Saved: 'C:\Users\29\Desktop\3y\_animation_tools\renders\Draw\frame_0027.png'
00:11.625  render           | Saved: 'C:\Users\29\Desktop\3y\_animation_tools\renders\Draw\frame_0029.png'
00:11.672  render           | Saved: 'C:\Users\29\Desktop\3y\_animation_tools\renders\Draw\frame_0031.png'
00:11.719  render           | Saved: 'C:\Users\29\Desktop\3y\_animation_tools\renders\Draw\frame_0033.png'
00:11.750  render           | Saved: 'C:\Users\29\Desktop\3y\_animation_tools\renders\Draw\frame_0035.png'
00:11.797  render           | Saved: 'C:\Users\29\Desktop\3y\_animation_tools\renders\Draw\frame_0037.png'
00:11.844  render           | Saved: 'C:\Users\29\Desktop\3y\_animation_tools\renders\Draw\frame_0039.png'
00:11.875  render           | Saved: 'C:\Users\29\Desktop\3y\_animation_tools\renders\Draw\frame_0041.png'
00:11.922  render           | Saved: 'C:\Users\29\Desktop\3y\_animation_tools\renders\Draw\frame_0043.png'
00:11.953  render           | Saved: 'C:\Users\29\Desktop\3y\_animation_tools\renders\Draw\frame_0045.png'
00:12.000  render           | Saved: 'C:\Users\29\Desktop\3y\_animation_tools\renders\Draw\frame_0047.png'
00:12.047  render           | Saved: 'C:\Users\29\Desktop\3y\_animation_tools\renders\Draw\frame_0049.png'
00:12.078  render           | Saved: 'C:\Users\29\Desktop\3y\_animation_tools\renders\Draw\frame_0051.png'
00:12.125  render           | Saved: 'C:\Users\29\Desktop\3y\_animation_tools\renders\Draw\frame_0053.png'
00:12.156  render           | Saved: 'C:\Users\29\Desktop\3y\_animation_tools\renders\Draw\frame_0055.png'
00:12.203  render           | Saved: 'C:\Users\29\Desktop\3y\_animation_tools\renders\Draw\frame_0057.png'
00:12.250  render           | Saved: 'C:\Users\29\Desktop\3y\_animation_tools\renders\Draw\frame_0059.png'
00:12.281  render           | Saved: 'C:\Users\29\Desktop\3y\_animation_tools\renders\Draw\frame_0061.png'
00:12.328  render           | Saved: 'C:\Users\29\Desktop\3y\_animation_tools\renders\Draw\frame_0063.png'
00:12.359  render           | Saved: 'C:\Users\29\Desktop\3y\_animation_tools\renders\Draw\frame_0065.png'
00:12.406  render           | Saved: 'C:\Users\29\Desktop\3y\_animation_tools\renders\Draw\frame_0067.png'
00:12.453  render           | Saved: 'C:\Users\29\Desktop\3y\_animation_tools\renders\Draw\frame_0069.png'
00:12.484  render           | Saved: 'C:\Users\29\Desktop\3y\_animation_tools\renders\Draw\frame_0071.png'
00:12.531  render           | Saved: 'C:\Users\29\Desktop\3y\_animation_tools\renders\Draw\frame_0073.png'
00:12.578  render           | Saved: 'C:\Users\29\Desktop\3y\_animation_tools\renders\Draw\frame_0075.png'
00:12.609  render           | Saved: 'C:\Users\29\Desktop\3y\_animation_tools\renders\Draw\frame_0077.png'
00:12.656  render           | Saved: 'C:\Users\29\Desktop\3y\_animation_tools\renders\Draw\frame_0079.png'
00:12.703  render           | Saved: 'C:\Users\29\Desktop\3y\_animation_tools\renders\Draw\frame_0081.png'
00:12.734  render           | Saved: 'C:\Users\29\Desktop\3y\_animation_tools\renders\Draw\frame_0083.png'
00:12.781  render           | Saved: 'C:\Users\29\Desktop\3y\_animation_tools\renders\Draw\frame_0085.png'
00:12.844  render           | Saved: 'C:\Users\29\Desktop\3y\_animation_tools\renders\Draw\frame_0087.png'
00:12.890  render           | Saved: 'C:\Users\29\Desktop\3y\_animation_tools\renders\Draw\frame_0089.png'
00:12.937  render           | Saved: 'C:\Users\29\Desktop\3y\_animation_tools\renders\Draw\frame_0091.png'
00:13.000  render           | Saved: 'C:\Users\29\Desktop\3y\_animation_tools\renders\Draw\frame_0093.png'
00:13.125  render           | Saved: 'C:\Users\29\Desktop\3y\_animation_tools\renders\Ryunochi\frame_0001.png'
00:13.172  render           | Saved: 'C:\Users\29\Desktop\3y\_animation_tools\renders\Ryunochi\frame_0003.png'
00:13.219  render           | Saved: 'C:\Users\29\Desktop\3y\_animation_tools\renders\Ryunochi\frame_0005.png'
00:13.265  render           | Saved: 'C:\Users\29\Desktop\3y\_animation_tools\renders\Ryunochi\frame_0007.png'
00:13.312  render           | Saved: 'C:\Users\29\Desktop\3y\_animation_tools\renders\Ryunochi\frame_0009.png'
00:13.390  render           | Saved: 'C:\Users\29\Desktop\3y\_animation_tools\renders\Ryunochi\frame_0011.png'
00:13.437  render           | Saved: 'C:\Users\29\Desktop\3y\_animation_tools\renders\Ryunochi\frame_0013.png'
00:13.500  render           | Saved: 'C:\Users\29\Desktop\3y\_animation_tools\renders\Ryunochi\frame_0015.png'
00:13.547  render           | Saved: 'C:\Users\29\Desktop\3y\_animation_tools\renders\Ryunochi\frame_0017.png'
00:13.594  render           | Saved: 'C:\Users\29\Desktop\3y\_animation_tools\renders\Ryunochi\frame_0019.png'
00:13.640  render           | Saved: 'C:\Users\29\Desktop\3y\_animation_tools\renders\Ryunochi\frame_0021.png'
00:13.687  render           | Saved: 'C:\Users\29\Desktop\3y\_animation_tools\renders\Ryunochi\frame_0023.png'
00:13.734  render           | Saved: 'C:\Users\29\Desktop\3y\_animation_tools\renders\Ryunochi\frame_0025.png'
00:13.781  render           | Saved: 'C:\Users\29\Desktop\3y\_animation_tools\renders\Ryunochi\frame_0027.png'
00:13.828  render           | Saved: 'C:\Users\29\Desktop\3y\_animation_tools\renders\Ryunochi\frame_0029.png'
00:13.875  render           | Saved: 'C:\Users\29\Desktop\3y\_animation_tools\renders\Ryunochi\frame_0031.png'
00:13.922  render           | Saved: 'C:\Users\29\Desktop\3y\_animation_tools\renders\Ryunochi\frame_0033.png'
00:13.953  render           | Saved: 'C:\Users\29\Desktop\3y\_animation_tools\renders\Ryunochi\frame_0035.png'
00:14.000  render           | Saved: 'C:\Users\29\Desktop\3y\_animation_tools\renders\Ryunochi\frame_0037.png'
00:14.047  render           | Saved: 'C:\Users\29\Desktop\3y\_animation_tools\renders\Ryunochi\frame_0039.png'
00:14.094  render           | Saved: 'C:\Users\29\Desktop\3y\_animation_tools\renders\Ryunochi\frame_0041.png'
00:14.125  render           | Saved: 'C:\Users\29\Desktop\3y\_animation_tools\renders\Ryunochi\frame_0043.png'
00:14.172  render           | Saved: 'C:\Users\29\Desktop\3y\_animation_tools\renders\Ryunochi\frame_0045.png'
00:14.203  render           | Saved: 'C:\Users\29\Desktop\3y\_animation_tools\renders\Ryunochi\frame_0047.png'
00:14.250  render           | Saved: 'C:\Users\29\Desktop\3y\_animation_tools\renders\Ryunochi\frame_0049.png'
00:14.297  render           | Saved: 'C:\Users\29\Desktop\3y\_animation_tools\renders\Ryunochi\frame_0051.png'
00:14.328  render           | Saved: 'C:\Users\29\Desktop\3y\_animation_tools\renders\Ryunochi\frame_0053.png'
00:14.375  render           | Saved: 'C:\Users\29\Desktop\3y\_animation_tools\renders\Ryunochi\frame_0055.png'
00:14.406  render           | Saved: 'C:\Users\29\Desktop\3y\_animation_tools\renders\Ryunochi\frame_0057.png'
00:14.453  render           | Saved: 'C:\Users\29\Desktop\3y\_animation_tools\renders\Ryunochi\frame_0059.png'
00:14.500  render           | Saved: 'C:\Users\29\Desktop\3y\_animation_tools\renders\Ryunochi\frame_0061.png'
00:14.531  render           | Saved: 'C:\Users\29\Desktop\3y\_animation_tools\renders\Ryunochi\frame_0063.png'
00:14.578  render           | Saved: 'C:\Users\29\Desktop\3y\_animation_tools\renders\Ryunochi\frame_0065.png'
00:14.625  render           | Saved: 'C:\Users\29\Desktop\3y\_animation_tools\renders\Ryunochi\frame_0067.png'
00:14.656  render           | Saved: 'C:\Users\29\Desktop\3y\_animation_tools\renders\Ryunochi\frame_0069.png'
00:14.703  render           | Saved: 'C:\Users\29\Desktop\3y\_animation_tools\renders\Ryunochi\frame_0071.png'
00:14.734  render           | Saved: 'C:\Users\29\Desktop\3y\_animation_tools\renders\Ryunochi\frame_0073.png'
00:14.781  render           | Saved: 'C:\Users\29\Desktop\3y\_animation_tools\renders\Ryunochi\frame_0075.png'
00:14.828  render           | Saved: 'C:\Users\29\Desktop\3y\_animation_tools\renders\Ryunochi\frame_0077.png'
00:14.859  render           | Saved: 'C:\Users\29\Desktop\3y\_animation_tools\renders\Ryunochi\frame_0079.png'
00:14.906  render           | Saved: 'C:\Users\29\Desktop\3y\_animation_tools\renders\Ryunochi\frame_0081.png'
00:14.953  render           | Saved: 'C:\Users\29\Desktop\3y\_animation_tools\renders\Ryunochi\frame_0083.png'
00:15.000  render           | Saved: 'C:\Users\29\Desktop\3y\_animation_tools\renders\Ryunochi\frame_0085.png'
00:15.031  render           | Saved: 'C:\Users\29\Desktop\3y\_animation_tools\renders\Ryunochi\frame_0087.png'
00:15.078  render           | Saved: 'C:\Users\29\Desktop\3y\_animation_tools\renders\Ryunochi\frame_0089.png'
00:15.125  render           | Saved: 'C:\Users\29\Desktop\3y\_animation_tools\renders\Ryunochi\frame_0091.png'
00:15.156  render           | Saved: 'C:\Users\29\Desktop\3y\_animation_tools\renders\Ryunochi\frame_0093.png'
00:15.203  render           | Saved: 'C:\Users\29\Desktop\3y\_animation_tools\renders\Ryunochi\frame_0095.png'
00:15.234  render           | Saved: 'C:\Users\29\Desktop\3y\_animation_tools\renders\Ryunochi\frame_0097.png'
00:15.281  render           | Saved: 'C:\Users\29\Desktop\3y\_animation_tools\renders\Ryunochi\frame_0099.png'
00:15.328  render           | Saved: 'C:\Users\29\Desktop\3y\_animation_tools\renders\Ryunochi\frame_0101.png'
00:15.375  render           | Saved: 'C:\Users\29\Desktop\3y\_animation_tools\renders\Ryunochi\frame_0103.png'
00:15.422  render           | Saved: 'C:\Users\29\Desktop\3y\_animation_tools\renders\Ryunochi\frame_0105.png'
00:15.469  render           | Saved: 'C:\Users\29\Desktop\3y\_animation_tools\renders\Ryunochi\frame_0107.png'
00:15.531  render           | Saved: 'C:\Users\29\Desktop\3y\_animation_tools\renders\Ryunochi\frame_0109.png'
00:15.578  render           | Saved: 'C:\Users\29\Desktop\3y\_animation_tools\renders\Ryunochi\frame_0111.png'
00:15.640  render           | Saved: 'C:\Users\29\Desktop\3y\_animation_tools\renders\Ryunochi\frame_0113.png'
FBX version: 7400
FBX version: 7400
FBX version: 7400
FBX version: 7400
FBX version: 7400
FBX version: 7400
FBX version: 7400
FBX version: 7400
FBX version: 7400
FBX version: 7400
FBX version: 7400
RESULTS {'Idle': {'max_error_m': 2.7477741241455078e-05, 'pass': True}, 'Attack1': {'max_error_m': 2.6524066925048828e-05, 'pass': True}, 'Attack2': {'max_error_m': 2.6524066925048828e-05, 'pass': True}, 'Attack3': {'max_error_m': 2.92360782623291e-05, 'pass': True}, 'BlockIn': {'max_error_m': 3.651157021522522e-05, 'pass': True}, 'BlockHold': {'max_error_m': 2.7298927307128906e-05, 'pass': True}, 'BlockOut': {'max_error_m': 2.7298927307128906e-05, 'pass': True}, 'KunaiThrow': {'max_error_m': 3.6597251892089844e-05, 'pass': True}, 'Teleport': {'max_error_m': 3.707408905029297e-05, 'pass': True}, 'Draw': {'max_error_m': 3.707408905029297e-05, 'pass': True}, 'Ryunochi': {'max_error_m': 3.853440284729004e-05, 'pass': True}}
Blender 5.2.1 LTS (hash 9e2066aef7ef built 2026-08-25 02:38:20)

Blender quit
