00:00.375  blend            | Read blend: "C:\Users\29\Desktop\3y\Wakizashi_3P.blend"
00:02.422  render           | Saved: 'C:\Users\29\Desktop\3y\_animation_tools\renders\Idle\frame_0001.png'
00:02.469  render           | Saved: 'C:\Users\29\Desktop\3y\_animation_tools\renders\Idle\frame_0003.png'
00:02.500  render           | Saved: 'C:\Users\29\Desktop\3y\_animation_tools\renders\Idle\frame_0005.png'
00:02.547  render           | Saved: 'C:\Users\29\Desktop\3y\_animation_tools\renders\Idle\frame_0007.png'
00:02.578  render           | Saved: 'C:\Users\29\Desktop\3y\_animation_tools\renders\Idle\frame_0009.png'
00:02.609  render           | Saved: 'C:\Users\29\Desktop\3y\_animation_tools\renders\Idle\frame_0011.png'
00:02.656  render           | Saved: 'C:\Users\29\Desktop\3y\_animation_tools\renders\Idle\frame_0013.png'
00:02.703  render           | Saved: 'C:\Users\29\Desktop\3y\_animation_tools\renders\Idle\frame_0015.png'
00:02.734  render           | Saved: 'C:\Users\29\Desktop\3y\_animation_tools\renders\Idle\frame_0017.png'
00:02.781  render           | Saved: 'C:\Users\29\Desktop\3y\_animation_tools\renders\Idle\frame_0019.png'
00:02.813  render           | Saved: 'C:\Users\29\Desktop\3y\_animation_tools\renders\Idle\frame_0021.png'
00:02.844  render           | Saved: 'C:\Users\29\Desktop\3y\_animation_tools\renders\Idle\frame_0023.png'
00:02.891  render           | Saved: 'C:\Users\29\Desktop\3y\_animation_tools\renders\Idle\frame_0025.png'
00:02.922  render           | Saved: 'C:\Users\29\Desktop\3y\_animation_tools\renders\Idle\frame_0027.png'
00:02.969  render           | Saved: 'C:\Users\29\Desktop\3y\_animation_tools\renders\Idle\frame_0029.png'
00:03.016  render           | Saved: 'C:\Users\29\Desktop\3y\_animation_tools\renders\Idle\frame_0031.png'
00:03.047  render           | Saved: 'C:\Users\29\Desktop\3y\_animation_tools\renders\Idle\frame_0033.png'
00:03.094  render           | Saved: 'C:\Users\29\Desktop\3y\_animation_tools\renders\Idle\frame_0035.png'
00:03.141  render           | Saved: 'C:\Users\29\Desktop\3y\_animation_tools\renders\Idle\frame_0037.png'
00:03.172  render           | Saved: 'C:\Users\29\Desktop\3y\_animation_tools\renders\Idle\frame_0039.png'
00:03.203  render           | Saved: 'C:\Users\29\Desktop\3y\_animation_tools\renders\Idle\frame_0041.png'
00:03.250  render           | Saved: 'C:\Users\29\Desktop\3y\_animation_tools\renders\Idle\frame_0043.png'
00:03.281  render           | Saved: 'C:\Users\29\Desktop\3y\_animation_tools\renders\Idle\frame_0045.png'
00:03.328  render           | Saved: 'C:\Users\29\Desktop\3y\_animation_tools\renders\Idle\frame_0047.png'
00:03.375  render           | Saved: 'C:\Users\29\Desktop\3y\_animation_tools\renders\Idle\frame_0049.png'
00:03.406  render           | Saved: 'C:\Users\29\Desktop\3y\_animation_tools\renders\Idle\frame_0051.png'
00:03.453  render           | Saved: 'C:\Users\29\Desktop\3y\_animation_tools\renders\Idle\frame_0053.png'
00:03.500  render           | Saved: 'C:\Users\29\Desktop\3y\_animation_tools\renders\Idle\frame_0055.png'
00:03.531  render           | Saved: 'C:\Users\29\Desktop\3y\_animation_tools\renders\Idle\frame_0057.png'
00:03.578  render           | Saved: 'C:\Users\29\Desktop\3y\_animation_tools\renders\Idle\frame_0059.png'
00:03.609  render           | Saved: 'C:\Users\29\Desktop\3y\_animation_tools\renders\Idle\frame_0061.png'
00:03.703  render           | Saved: 'C:\Users\29\Desktop\3y\_animation_tools\renders\Attack1\frame_0001.png'
00:03.734  render           | Saved: 'C:\Users\29\Desktop\3y\_animation_tools\renders\Attack1\frame_0003.png'
00:03.781  render           | Saved: 'C:\Users\29\Desktop\3y\_animation_tools\renders\Attack1\frame_0005.png'
00:03.813  render           | Saved: 'C:\Users\29\Desktop\3y\_animation_tools\renders\Attack1\frame_0007.png'
00:03.844  render           | Saved: 'C:\Users\29\Desktop\3y\_animation_tools\renders\Attack1\frame_0009.png'
00:03.891  render           | Saved: 'C:\Users\29\Desktop\3y\_animation_tools\renders\Attack1\frame_0011.png'
00:03.922  render           | Saved: 'C:\Users\29\Desktop\3y\_animation_tools\renders\Attack1\frame_0013.png'
00:03.969  render           | Saved: 'C:\Users\29\Desktop\3y\_animation_tools\renders\Attack1\frame_0015.png'
00:04.016  render           | Saved: 'C:\Users\29\Desktop\3y\_animation_tools\renders\Attack1\frame_0017.png'
00:04.047  render           | Saved: 'C:\Users\29\Desktop\3y\_animation_tools\renders\Attack1\frame_0019.png'
00:04.094  render           | Saved: 'C:\Users\29\Desktop\3y\_animation_tools\renders\Attack1\frame_0021.png'
00:04.125  render           | Saved: 'C:\Users\29\Desktop\3y\_animation_tools\renders\Attack1\frame_0023.png'
00:04.172  render           | Saved: 'C:\Users\29\Desktop\3y\_animation_tools\renders\Attack1\frame_0025.png'
00:04.219  render           | Saved: 'C:\Users\29\Desktop\3y\_animation_tools\renders\Attack1\frame_0027.png'
00:04.250  render           | Saved: 'C:\Users\29\Desktop\3y\_animation_tools\renders\Attack1\frame_0029.png'
00:04.297  render           | Saved: 'C:\Users\29\Desktop\3y\_animation_tools\renders\Attack1\frame_0031.png'
00:04.344  render           | Saved: 'C:\Users\29\Desktop\3y\_animation_tools\renders\Attack1\frame_0033.png'
00:04.375  render           | Saved: 'C:\Users\29\Desktop\3y\_animation_tools\renders\Attack1\frame_0035.png'
00:04.406  render           | Saved: 'C:\Users\29\Desktop\3y\_animation_tools\renders\Attack1\frame_0037.png'
00:04.453  render           | Saved: 'C:\Users\29\Desktop\3y\_animation_tools\renders\Attack1\frame_0039.png'
00:04.500  render           | Saved: 'C:\Users\29\Desktop\3y\_animation_tools\renders\Attack1\frame_0041.png'
00:04.547  render           | Saved: 'C:\Users\29\Desktop\3y\_animation_tools\renders\Attack1\frame_0043.png'
00:04.578  render           | Saved: 'C:\Users\29\Desktop\3y\_animation_tools\renders\Attack1\frame_0045.png'
00:04.625  render           | Saved: 'C:\Users\29\Desktop\3y\_animation_tools\renders\Attack1\frame_0047.png'
00:04.656  render           | Saved: 'C:\Users\29\Desktop\3y\_animation_tools\renders\Attack1\frame_0049.png'
00:04.703  render           | Saved: 'C:\Users\29\Desktop\3y\_animation_tools\renders\Attack1\frame_0051.png'
00:04.734  render           | Saved: 'C:\Users\29\Desktop\3y\_animation_tools\renders\Attack1\frame_0053.png'
00:04.781  render           | Saved: 'C:\Users\29\Desktop\3y\_animation_tools\renders\Attack1\frame_0055.png'
00:04.813  render           | Saved: 'C:\Users\29\Desktop\3y\_animation_tools\renders\Attack1\frame_0057.png'
00:04.859  render           | Saved: 'C:\Users\29\Desktop\3y\_animation_tools\renders\Attack1\frame_0059.png'
00:04.891  render           | Saved: 'C:\Users\29\Desktop\3y\_animation_tools\renders\Attack1\frame_0061.png'
00:04.938  render           | Saved: 'C:\Users\29\Desktop\3y\_animation_tools\renders\Attack1\frame_0063.png'
00:05.031  render           | Saved: 'C:\Users\29\Desktop\3y\_animation_tools\renders\Attack2\frame_0001.png'
00:05.063  render           | Saved: 'C:\Users\29\Desktop\3y\_animation_tools\renders\Attack2\frame_0003.png'
00:05.109  render           | Saved: 'C:\Users\29\Desktop\3y\_animation_tools\renders\Attack2\frame_0005.png'
00:05.141  render           | Saved: 'C:\Users\29\Desktop\3y\_animation_tools\renders\Attack2\frame_0007.png'
00:05.188  render           | Saved: 'C:\Users\29\Desktop\3y\_animation_tools\renders\Attack2\frame_0009.png'
00:05.219  render           | Saved: 'C:\Users\29\Desktop\3y\_animation_tools\renders\Attack2\frame_0011.png'
00:05.266  render           | Saved: 'C:\Users\29\Desktop\3y\_animation_tools\renders\Attack2\frame_0013.png'
00:05.313  render           | Saved: 'C:\Users\29\Desktop\3y\_animation_tools\renders\Attack2\frame_0015.png'
00:05.344  render           | Saved: 'C:\Users\29\Desktop\3y\_animation_tools\renders\Attack2\frame_0017.png'
00:05.391  render           | Saved: 'C:\Users\29\Desktop\3y\_animation_tools\renders\Attack2\frame_0019.png'
00:05.438  render           | Saved: 'C:\Users\29\Desktop\3y\_animation_tools\renders\Attack2\frame_0021.png'
00:05.484  render           | Saved: 'C:\Users\29\Desktop\3y\_animation_tools\renders\Attack2\frame_0023.png'
00:05.531  render           | Saved: 'C:\Users\29\Desktop\3y\_animation_tools\renders\Attack2\frame_0025.png'
00:05.578  render           | Saved: 'C:\Users\29\Desktop\3y\_animation_tools\renders\Attack2\frame_0027.png'
00:05.609  render           | Saved: 'C:\Users\29\Desktop\3y\_animation_tools\renders\Attack2\frame_0029.png'
00:05.656  render           | Saved: 'C:\Users\29\Desktop\3y\_animation_tools\renders\Attack2\frame_0031.png'
00:05.703  render           | Saved: 'C:\Users\29\Desktop\3y\_animation_tools\renders\Attack2\frame_0033.png'
00:05.734  render           | Saved: 'C:\Users\29\Desktop\3y\_animation_tools\renders\Attack2\frame_0035.png'
00:05.781  render           | Saved: 'C:\Users\29\Desktop\3y\_animation_tools\renders\Attack2\frame_0037.png'
00:05.828  render           | Saved: 'C:\Users\29\Desktop\3y\_animation_tools\renders\Attack2\frame_0039.png'
00:05.859  render           | Saved: 'C:\Users\29\Desktop\3y\_animation_tools\renders\Attack2\frame_0041.png'
00:05.906  render           | Saved: 'C:\Users\29\Desktop\3y\_animation_tools\renders\Attack2\frame_0043.png'
00:05.953  render           | Saved: 'C:\Users\29\Desktop\3y\_animation_tools\renders\Attack2\frame_0045.png'
00:05.984  render           | Saved: 'C:\Users\29\Desktop\3y\_animation_tools\renders\Attack2\frame_0047.png'
00:06.047  render           | Saved: 'C:\Users\29\Desktop\3y\_animation_tools\renders\Attack2\frame_0049.png'
00:06.078  render           | Saved: 'C:\Users\29\Desktop\3y\_animation_tools\renders\Attack2\frame_0051.png'
00:06.125  render           | Saved: 'C:\Users\29\Desktop\3y\_animation_tools\renders\Attack2\frame_0053.png'
00:06.172  render           | Saved: 'C:\Users\29\Desktop\3y\_animation_tools\renders\Attack2\frame_0055.png'
00:06.219  render           | Saved: 'C:\Users\29\Desktop\3y\_animation_tools\renders\Attack2\frame_0057.png'
00:06.250  render           | Saved: 'C:\Users\29\Desktop\3y\_animation_tools\renders\Attack2\frame_0059.png'
00:06.297  render           | Saved: 'C:\Users\29\Desktop\3y\_animation_tools\renders\Attack2\frame_0061.png'
00:06.344  render           | Saved: 'C:\Users\29\Desktop\3y\_animation_tools\renders\Attack2\frame_0063.png'
00:06.469  render           | Saved: 'C:\Users\29\Desktop\3y\_animation_tools\renders\Attack3\frame_0001.png'
00:06.516  render           | Saved: 'C:\Users\29\Desktop\3y\_animation_tools\renders\Attack3\frame_0003.png'
00:06.563  render           | Saved: 'C:\Users\29\Desktop\3y\_animation_tools\renders\Attack3\frame_0005.png'
00:06.609  render           | Saved: 'C:\Users\29\Desktop\3y\_animation_tools\renders\Attack3\frame_0007.png'
00:06.656  render           | Saved: 'C:\Users\29\Desktop\3y\_animation_tools\renders\Attack3\frame_0009.png'
00:06.703  render           | Saved: 'C:\Users\29\Desktop\3y\_animation_tools\renders\Attack3\frame_0011.png'
00:06.750  render           | Saved: 'C:\Users\29\Desktop\3y\_animation_tools\renders\Attack3\frame_0013.png'
00:06.781  render           | Saved: 'C:\Users\29\Desktop\3y\_animation_tools\renders\Attack3\frame_0015.png'
00:06.844  render           | Saved: 'C:\Users\29\Desktop\3y\_animation_tools\renders\Attack3\frame_0017.png'
00:06.891  render           | Saved: 'C:\Users\29\Desktop\3y\_animation_tools\renders\Attack3\frame_0019.png'
00:06.938  render           | Saved: 'C:\Users\29\Desktop\3y\_animation_tools\renders\Attack3\frame_0021.png'
00:06.984  render           | Saved: 'C:\Users\29\Desktop\3y\_animation_tools\renders\Attack3\frame_0023.png'
00:07.031  render           | Saved: 'C:\Users\29\Desktop\3y\_animation_tools\renders\Attack3\frame_0025.png'
00:07.063  render           | Saved: 'C:\Users\29\Desktop\3y\_animation_tools\renders\Attack3\frame_0027.png'
00:07.125  render           | Saved: 'C:\Users\29\Desktop\3y\_animation_tools\renders\Attack3\frame_0029.png'
00:07.172  render           | Saved: 'C:\Users\29\Desktop\3y\_animation_tools\renders\Attack3\frame_0031.png'
00:07.234  render           | Saved: 'C:\Users\29\Desktop\3y\_animation_tools\renders\Attack3\frame_0033.png'
00:07.266  render           | Saved: 'C:\Users\29\Desktop\3y\_animation_tools\renders\Attack3\frame_0035.png'
00:07.313  render           | Saved: 'C:\Users\29\Desktop\3y\_animation_tools\renders\Attack3\frame_0037.png'
00:07.359  render           | Saved: 'C:\Users\29\Desktop\3y\_animation_tools\renders\Attack3\frame_0039.png'
00:07.391  render           | Saved: 'C:\Users\29\Desktop\3y\_animation_tools\renders\Attack3\frame_0041.png'
00:07.438  render           | Saved: 'C:\Users\29\Desktop\3y\_animation_tools\renders\Attack3\frame_0043.png'
00:07.469  render           | Saved: 'C:\Users\29\Desktop\3y\_animation_tools\renders\Attack3\frame_0045.png'
00:07.516  render           | Saved: 'C:\Users\29\Desktop\3y\_animation_tools\renders\Attack3\frame_0047.png'
00:07.563  render           | Saved: 'C:\Users\29\Desktop\3y\_animation_tools\renders\Attack3\frame_0049.png'
00:07.609  render           | Saved: 'C:\Users\29\Desktop\3y\_animation_tools\renders\Attack3\frame_0051.png'
00:07.641  render           | Saved: 'C:\Users\29\Desktop\3y\_animation_tools\renders\Attack3\frame_0053.png'
00:07.703  render           | Saved: 'C:\Users\29\Desktop\3y\_animation_tools\renders\Attack3\frame_0055.png'
00:07.734  render           | Saved: 'C:\Users\29\Desktop\3y\_animation_tools\renders\Attack3\frame_0057.png'
00:07.781  render           | Saved: 'C:\Users\29\Desktop\3y\_animation_tools\renders\Attack3\frame_0059.png'
00:07.828  render           | Saved: 'C:\Users\29\Desktop\3y\_animation_tools\renders\Attack3\frame_0061.png'
00:07.875  render           | Saved: 'C:\Users\29\Desktop\3y\_animation_tools\renders\Attack3\frame_0063.png'
00:07.922  render           | Saved: 'C:\Users\29\Desktop\3y\_animation_tools\renders\Attack3\frame_0065.png'
00:07.953  render           | Saved: 'C:\Users\29\Desktop\3y\_animation_tools\renders\Attack3\frame_0067.png'
00:08.000  render           | Saved: 'C:\Users\29\Desktop\3y\_animation_tools\renders\Attack3\frame_0069.png'
00:08.078  render           | Saved: 'C:\Users\29\Desktop\3y\_animation_tools\renders\BlockIn\frame_0001.png'
00:08.125  render           | Saved: 'C:\Users\29\Desktop\3y\_animation_tools\renders\BlockIn\frame_0003.png'
00:08.156  render           | Saved: 'C:\Users\29\Desktop\3y\_animation_tools\renders\BlockIn\frame_0005.png'
00:08.250  render           | Saved: 'C:\Users\29\Desktop\3y\_animation_tools\renders\BlockHold\frame_0001.png'
00:08.281  render           | Saved: 'C:\Users\29\Desktop\3y\_animation_tools\renders\BlockHold\frame_0003.png'
00:08.328  render           | Saved: 'C:\Users\29\Desktop\3y\_animation_tools\renders\BlockHold\frame_0005.png'
00:08.375  render           | Saved: 'C:\Users\29\Desktop\3y\_animation_tools\renders\BlockHold\frame_0007.png'
00:08.422  render           | Saved: 'C:\Users\29\Desktop\3y\_animation_tools\renders\BlockHold\frame_0009.png'
00:08.469  render           | Saved: 'C:\Users\29\Desktop\3y\_animation_tools\renders\BlockHold\frame_0011.png'
00:08.500  render           | Saved: 'C:\Users\29\Desktop\3y\_animation_tools\renders\BlockHold\frame_0013.png'
00:08.563  render           | Saved: 'C:\Users\29\Desktop\3y\_animation_tools\renders\BlockHold\frame_0015.png'
00:08.609  render           | Saved: 'C:\Users\29\Desktop\3y\_animation_tools\renders\BlockHold\frame_0017.png'
00:08.641  render           | Saved: 'C:\Users\29\Desktop\3y\_animation_tools\renders\BlockHold\frame_0019.png'
00:08.688  render           | Saved: 'C:\Users\29\Desktop\3y\_animation_tools\renders\BlockHold\frame_0021.png'
00:08.734  render           | Saved: 'C:\Users\29\Desktop\3y\_animation_tools\renders\BlockHold\frame_0023.png'
00:08.781  render           | Saved: 'C:\Users\29\Desktop\3y\_animation_tools\renders\BlockHold\frame_0025.png'
00:08.828  render           | Saved: 'C:\Users\29\Desktop\3y\_animation_tools\renders\BlockHold\frame_0027.png'
00:08.875  render           | Saved: 'C:\Users\29\Desktop\3y\_animation_tools\renders\BlockHold\frame_0029.png'
00:08.922  render           | Saved: 'C:\Users\29\Desktop\3y\_animation_tools\renders\BlockHold\frame_0031.png'
00:09.016  render           | Saved: 'C:\Users\29\Desktop\3y\_animation_tools\renders\BlockOut\frame_0001.png'
00:09.078  render           | Saved: 'C:\Users\29\Desktop\3y\_animation_tools\renders\BlockOut\frame_0003.png'
00:09.109  render           | Saved: 'C:\Users\29\Desktop\3y\_animation_tools\renders\BlockOut\frame_0005.png'
00:09.234  render           | Saved: 'C:\Users\29\Desktop\3y\_animation_tools\renders\KunaiThrow\frame_0001.png'
00:09.281  render           | Saved: 'C:\Users\29\Desktop\3y\_animation_tools\renders\KunaiThrow\frame_0003.png'
00:09.313  render           | Saved: 'C:\Users\29\Desktop\3y\_animation_tools\renders\KunaiThrow\frame_0005.png'
00:09.359  render           | Saved: 'C:\Users\29\Desktop\3y\_animation_tools\renders\KunaiThrow\frame_0007.png'
00:09.422  render           | Saved: 'C:\Users\29\Desktop\3y\_animation_tools\renders\KunaiThrow\frame_0009.png'
00:09.484  render           | Saved: 'C:\Users\29\Desktop\3y\_animation_tools\renders\KunaiThrow\frame_0011.png'
00:09.531  render           | Saved: 'C:\Users\29\Desktop\3y\_animation_tools\renders\KunaiThrow\frame_0013.png'
00:09.594  render           | Saved: 'C:\Users\29\Desktop\3y\_animation_tools\renders\KunaiThrow\frame_0015.png'
00:09.656  render           | Saved: 'C:\Users\29\Desktop\3y\_animation_tools\renders\KunaiThrow\frame_0017.png'
00:09.688  render           | Saved: 'C:\Users\29\Desktop\3y\_animation_tools\renders\KunaiThrow\frame_0019.png'
00:09.734  render           | Saved: 'C:\Users\29\Desktop\3y\_animation_tools\renders\KunaiThrow\frame_0021.png'
00:09.781  render           | Saved: 'C:\Users\29\Desktop\3y\_animation_tools\renders\KunaiThrow\frame_0023.png'
00:09.813  render           | Saved: 'C:\Users\29\Desktop\3y\_animation_tools\renders\KunaiThrow\frame_0025.png'
00:09.859  render           | Saved: 'C:\Users\29\Desktop\3y\_animation_tools\renders\KunaiThrow\frame_0027.png'
00:09.922  render           | Saved: 'C:\Users\29\Desktop\3y\_animation_tools\renders\KunaiThrow\frame_0029.png'
00:09.953  render           | Saved: 'C:\Users\29\Desktop\3y\_animation_tools\renders\KunaiThrow\frame_0031.png'
00:10.000  render           | Saved: 'C:\Users\29\Desktop\3y\_animation_tools\renders\KunaiThrow\frame_0033.png'
00:10.047  render           | Saved: 'C:\Users\29\Desktop\3y\_animation_tools\renders\KunaiThrow\frame_0035.png'
00:10.094  render           | Saved: 'C:\Users\29\Desktop\3y\_animation_tools\renders\KunaiThrow\frame_0037.png'
00:10.141  render           | Saved: 'C:\Users\29\Desktop\3y\_animation_tools\renders\KunaiThrow\frame_0039.png'
00:10.188  render           | Saved: 'C:\Users\29\Desktop\3y\_animation_tools\renders\KunaiThrow\frame_0041.png'
00:10.234  render           | Saved: 'C:\Users\29\Desktop\3y\_animation_tools\renders\KunaiThrow\frame_0043.png'
00:10.281  render           | Saved: 'C:\Users\29\Desktop\3y\_animation_tools\renders\KunaiThrow\frame_0045.png'
00:10.328  render           | Saved: 'C:\Users\29\Desktop\3y\_animation_tools\renders\KunaiThrow\frame_0047.png'
00:10.375  render           | Saved: 'C:\Users\29\Desktop\3y\_animation_tools\renders\KunaiThrow\frame_0049.png'
00:10.422  render           | Saved: 'C:\Users\29\Desktop\3y\_animation_tools\renders\KunaiThrow\frame_0051.png'
00:10.469  render           | Saved: 'C:\Users\29\Desktop\3y\_animation_tools\renders\KunaiThrow\frame_0053.png'
00:10.516  render           | Saved: 'C:\Users\29\Desktop\3y\_animation_tools\renders\KunaiThrow\frame_0055.png'
00:10.547  render           | Saved: 'C:\Users\29\Desktop\3y\_animation_tools\renders\KunaiThrow\frame_0057.png'
00:10.594  render           | Saved: 'C:\Users\29\Desktop\3y\_animation_tools\renders\KunaiThrow\frame_0059.png'
00:10.641  render           | Saved: 'C:\Users\29\Desktop\3y\_animation_tools\renders\KunaiThrow\frame_0061.png'
00:10.672  render           | Saved: 'C:\Users\29\Desktop\3y\_animation_tools\renders\KunaiThrow\frame_0063.png'
00:10.719  render           | Saved: 'C:\Users\29\Desktop\3y\_animation_tools\renders\KunaiThrow\frame_0065.png'
00:10.766  render           | Saved: 'C:\Users\29\Desktop\3y\_animation_tools\renders\KunaiThrow\frame_0067.png'
00:10.813  render           | Saved: 'C:\Users\29\Desktop\3y\_animation_tools\renders\KunaiThrow\frame_0069.png'
00:10.859  render           | Saved: 'C:\Users\29\Desktop\3y\_animation_tools\renders\KunaiThrow\frame_0071.png'
00:10.906  render           | Saved: 'C:\Users\29\Desktop\3y\_animation_tools\renders\KunaiThrow\frame_0073.png'
00:10.953  render           | Saved: 'C:\Users\29\Desktop\3y\_animation_tools\renders\KunaiThrow\frame_0075.png'
00:11.031  render           | Saved: 'C:\Users\29\Desktop\3y\_animation_tools\renders\Teleport\frame_0001.png'
00:11.078  render           | Saved: 'C:\Users\29\Desktop\3y\_animation_tools\renders\Teleport\frame_0003.png'
00:11.125  render           | Saved: 'C:\Users\29\Desktop\3y\_animation_tools\renders\Teleport\frame_0005.png'
00:11.172  render           | Saved: 'C:\Users\29\Desktop\3y\_animation_tools\renders\Teleport\frame_0007.png'
00:11.219  render           | Saved: 'C:\Users\29\Desktop\3y\_animation_tools\renders\Teleport\frame_0009.png'
00:11.266  render           | Saved: 'C:\Users\29\Desktop\3y\_animation_tools\renders\Teleport\frame_0011.png'
00:11.313  render           | Saved: 'C:\Users\29\Desktop\3y\_animation_tools\renders\Teleport\frame_0013.png'
00:11.359  render           | Saved: 'C:\Users\29\Desktop\3y\_animation_tools\renders\Teleport\frame_0015.png'
00:11.406  render           | Saved: 'C:\Users\29\Desktop\3y\_animation_tools\renders\Teleport\frame_0017.png'
00:11.453  render           | Saved: 'C:\Users\29\Desktop\3y\_animation_tools\renders\Teleport\frame_0019.png'
00:11.516  render           | Saved: 'C:\Users\29\Desktop\3y\_animation_tools\renders\Teleport\frame_0021.png'
00:11.625  render           | Saved: 'C:\Users\29\Desktop\3y\_animation_tools\renders\Draw\frame_0001.png'
00:11.656  render           | Saved: 'C:\Users\29\Desktop\3y\_animation_tools\renders\Draw\frame_0003.png'
00:11.703  render           | Saved: 'C:\Users\29\Desktop\3y\_animation_tools\renders\Draw\frame_0005.png'
00:11.781  render           | Saved: 'C:\Users\29\Desktop\3y\_animation_tools\renders\Draw\frame_0007.png'
00:11.828  render           | Saved: 'C:\Users\29\Desktop\3y\_animation_tools\renders\Draw\frame_0009.png'
00:11.875  render           | Saved: 'C:\Users\29\Desktop\3y\_animation_tools\renders\Draw\frame_0011.png'
00:11.938  render           | Saved: 'C:\Users\29\Desktop\3y\_animation_tools\renders\Draw\frame_0013.png'
00:11.984  render           | Saved: 'C:\Users\29\Desktop\3y\_animation_tools\renders\Draw\frame_0015.png'
00:12.031  render           | Saved: 'C:\Users\29\Desktop\3y\_animation_tools\renders\Draw\frame_0017.png'
00:12.078  render           | Saved: 'C:\Users\29\Desktop\3y\_animation_tools\renders\Draw\frame_0019.png'
00:12.109  render           | Saved: 'C:\Users\29\Desktop\3y\_animation_tools\renders\Draw\frame_0021.png'
00:12.156  render           | Saved: 'C:\Users\29\Desktop\3y\_animation_tools\renders\Draw\frame_0023.png'
00:12.188  render           | Saved: 'C:\Users\29\Desktop\3y\_animation_tools\renders\Draw\frame_0025.png'
00:12.234  render           | Saved: 'C:\Users\29\Desktop\3y\_animation_tools\renders\Draw\frame_0027.png'
00:12.281  render           | Saved: 'C:\Users\29\Desktop\3y\_animation_tools\renders\Draw\frame_0029.png'
00:12.313  render           | Saved: 'C:\Users\29\Desktop\3y\_animation_tools\renders\Draw\frame_0031.png'
00:12.359  render           | Saved: 'C:\Users\29\Desktop\3y\_animation_tools\renders\Draw\frame_0033.png'
00:12.406  render           | Saved: 'C:\Users\29\Desktop\3y\_animation_tools\renders\Draw\frame_0035.png'
00:12.438  render           | Saved: 'C:\Users\29\Desktop\3y\_animation_tools\renders\Draw\frame_0037.png'
00:12.500  render           | Saved: 'C:\Users\29\Desktop\3y\_animation_tools\renders\Draw\frame_0039.png'
00:12.547  render           | Saved: 'C:\Users\29\Desktop\3y\_animation_tools\renders\Draw\frame_0041.png'
00:12.578  render           | Saved: 'C:\Users\29\Desktop\3y\_animation_tools\renders\Draw\frame_0043.png'
00:12.641  render           | Saved: 'C:\Users\29\Desktop\3y\_animation_tools\renders\Draw\frame_0045.png'
00:12.672  render           | Saved: 'C:\Users\29\Desktop\3y\_animation_tools\renders\Draw\frame_0047.png'
00:12.719  render           | Saved: 'C:\Users\29\Desktop\3y\_animation_tools\renders\Draw\frame_0049.png'
00:12.766  render           | Saved: 'C:\Users\29\Desktop\3y\_animation_tools\renders\Draw\frame_0051.png'
00:12.797  render           | Saved: 'C:\Users\29\Desktop\3y\_animation_tools\renders\Draw\frame_0053.png'
00:12.844  render           | Saved: 'C:\Users\29\Desktop\3y\_animation_tools\renders\Draw\frame_0055.png'
00:12.891  render           | Saved: 'C:\Users\29\Desktop\3y\_animation_tools\renders\Draw\frame_0057.png'
00:12.938  render           | Saved: 'C:\Users\29\Desktop\3y\_animation_tools\renders\Draw\frame_0059.png'
00:12.984  render           | Saved: 'C:\Users\29\Desktop\3y\_animation_tools\renders\Draw\frame_0061.png'
00:13.031  render           | Saved: 'C:\Users\29\Desktop\3y\_animation_tools\renders\Draw\frame_0063.png'
00:13.078  render           | Saved: 'C:\Users\29\Desktop\3y\_animation_tools\renders\Draw\frame_0065.png'
00:13.125  render           | Saved: 'C:\Users\29\Desktop\3y\_animation_tools\renders\Draw\frame_0067.png'
00:13.188  render           | Saved: 'C:\Users\29\Desktop\3y\_animation_tools\renders\Draw\frame_0069.png'
00:13.234  render           | Saved: 'C:\Users\29\Desktop\3y\_animation_tools\renders\Draw\frame_0071.png'
00:13.297  render           | Saved: 'C:\Users\29\Desktop\3y\_animation_tools\renders\Draw\frame_0073.png'
00:13.359  render           | Saved: 'C:\Users\29\Desktop\3y\_animation_tools\renders\Draw\frame_0075.png'
00:13.406  render           | Saved: 'C:\Users\29\Desktop\3y\_animation_tools\renders\Draw\frame_0077.png'
00:13.469  render           | Saved: 'C:\Users\29\Desktop\3y\_animation_tools\renders\Draw\frame_0079.png'
00:13.516  render           | Saved: 'C:\Users\29\Desktop\3y\_animation_tools\renders\Draw\frame_0081.png'
00:13.563  render           | Saved: 'C:\Users\29\Desktop\3y\_animation_tools\renders\Draw\frame_0083.png'
00:13.625  render           | Saved: 'C:\Users\29\Desktop\3y\_animation_tools\renders\Draw\frame_0085.png'
00:13.656  render           | Saved: 'C:\Users\29\Desktop\3y\_animation_tools\renders\Draw\frame_0087.png'
00:13.703  render           | Saved: 'C:\Users\29\Desktop\3y\_animation_tools\renders\Draw\frame_0089.png'
00:13.750  render           | Saved: 'C:\Users\29\Desktop\3y\_animation_tools\renders\Draw\frame_0091.png'
00:13.797  render           | Saved: 'C:\Users\29\Desktop\3y\_animation_tools\renders\Draw\frame_0093.png'
00:13.906  render           | Saved: 'C:\Users\29\Desktop\3y\_animation_tools\renders\Ryunochi\frame_0001.png'
00:13.969  render           | Saved: 'C:\Users\29\Desktop\3y\_animation_tools\renders\Ryunochi\frame_0003.png'
00:14.047  render           | Saved: 'C:\Users\29\Desktop\3y\_animation_tools\renders\Ryunochi\frame_0005.png'
00:14.078  render           | Saved: 'C:\Users\29\Desktop\3y\_animation_tools\renders\Ryunochi\frame_0007.png'
00:14.125  render           | Saved: 'C:\Users\29\Desktop\3y\_animation_tools\renders\Ryunochi\frame_0009.png'
00:14.172  render           | Saved: 'C:\Users\29\Desktop\3y\_animation_tools\renders\Ryunochi\frame_0011.png'
00:14.234  render           | Saved: 'C:\Users\29\Desktop\3y\_animation_tools\renders\Ryunochi\frame_0013.png'
00:14.281  render           | Saved: 'C:\Users\29\Desktop\3y\_animation_tools\renders\Ryunochi\frame_0015.png'
00:14.328  render           | Saved: 'C:\Users\29\Desktop\3y\_animation_tools\renders\Ryunochi\frame_0017.png'
00:14.375  render           | Saved: 'C:\Users\29\Desktop\3y\_animation_tools\renders\Ryunochi\frame_0019.png'
00:14.406  render           | Saved: 'C:\Users\29\Desktop\3y\_animation_tools\renders\Ryunochi\frame_0021.png'
00:14.453  render           | Saved: 'C:\Users\29\Desktop\3y\_animation_tools\renders\Ryunochi\frame_0023.png'
00:14.500  render           | Saved: 'C:\Users\29\Desktop\3y\_animation_tools\renders\Ryunochi\frame_0025.png'
00:14.547  render           | Saved: 'C:\Users\29\Desktop\3y\_animation_tools\renders\Ryunochi\frame_0027.png'
00:14.594  render           | Saved: 'C:\Users\29\Desktop\3y\_animation_tools\renders\Ryunochi\frame_0029.png'
00:14.625  render           | Saved: 'C:\Users\29\Desktop\3y\_animation_tools\renders\Ryunochi\frame_0031.png'
00:14.672  render           | Saved: 'C:\Users\29\Desktop\3y\_animation_tools\renders\Ryunochi\frame_0033.png'
00:14.719  render           | Saved: 'C:\Users\29\Desktop\3y\_animation_tools\renders\Ryunochi\frame_0035.png'
00:14.766  render           | Saved: 'C:\Users\29\Desktop\3y\_animation_tools\renders\Ryunochi\frame_0037.png'
00:14.813  render           | Saved: 'C:\Users\29\Desktop\3y\_animation_tools\renders\Ryunochi\frame_0039.png'
00:14.859  render           | Saved: 'C:\Users\29\Desktop\3y\_animation_tools\renders\Ryunochi\frame_0041.png'
00:14.906  render           | Saved: 'C:\Users\29\Desktop\3y\_animation_tools\renders\Ryunochi\frame_0043.png'
00:14.953  render           | Saved: 'C:\Users\29\Desktop\3y\_animation_tools\renders\Ryunochi\frame_0045.png'
00:14.984  render           | Saved: 'C:\Users\29\Desktop\3y\_animation_tools\renders\Ryunochi\frame_0047.png'
00:15.047  render           | Saved: 'C:\Users\29\Desktop\3y\_animation_tools\renders\Ryunochi\frame_0049.png'
00:15.078  render           | Saved: 'C:\Users\29\Desktop\3y\_animation_tools\renders\Ryunochi\frame_0051.png'
00:15.125  render           | Saved: 'C:\Users\29\Desktop\3y\_animation_tools\renders\Ryunochi\frame_0053.png'
00:15.172  render           | Saved: 'C:\Users\29\Desktop\3y\_animation_tools\renders\Ryunochi\frame_0055.png'
00:15.234  render           | Saved: 'C:\Users\29\Desktop\3y\_animation_tools\renders\Ryunochi\frame_0057.png'
00:15.266  render           | Saved: 'C:\Users\29\Desktop\3y\_animation_tools\renders\Ryunochi\frame_0059.png'
00:15.313  render           | Saved: 'C:\Users\29\Desktop\3y\_animation_tools\renders\Ryunochi\frame_0061.png'
00:15.375  render           | Saved: 'C:\Users\29\Desktop\3y\_animation_tools\renders\Ryunochi\frame_0063.png'
00:15.422  render           | Saved: 'C:\Users\29\Desktop\3y\_animation_tools\renders\Ryunochi\frame_0065.png'
00:15.469  render           | Saved: 'C:\Users\29\Desktop\3y\_animation_tools\renders\Ryunochi\frame_0067.png'
00:15.516  render           | Saved: 'C:\Users\29\Desktop\3y\_animation_tools\renders\Ryunochi\frame_0069.png'
00:15.578  render           | Saved: 'C:\Users\29\Desktop\3y\_animation_tools\renders\Ryunochi\frame_0071.png'
00:15.625  render           | Saved: 'C:\Users\29\Desktop\3y\_animation_tools\renders\Ryunochi\frame_0073.png'
00:15.672  render           | Saved: 'C:\Users\29\Desktop\3y\_animation_tools\renders\Ryunochi\frame_0075.png'
00:15.719  render           | Saved: 'C:\Users\29\Desktop\3y\_animation_tools\renders\Ryunochi\frame_0077.png'
00:15.766  render           | Saved: 'C:\Users\29\Desktop\3y\_animation_tools\renders\Ryunochi\frame_0079.png'
00:15.813  render           | Saved: 'C:\Users\29\Desktop\3y\_animation_tools\renders\Ryunochi\frame_0081.png'
00:15.844  render           | Saved: 'C:\Users\29\Desktop\3y\_animation_tools\renders\Ryunochi\frame_0083.png'
00:15.891  render           | Saved: 'C:\Users\29\Desktop\3y\_animation_tools\renders\Ryunochi\frame_0085.png'
00:15.938  render           | Saved: 'C:\Users\29\Desktop\3y\_animation_tools\renders\Ryunochi\frame_0087.png'
00:15.984  render           | Saved: 'C:\Users\29\Desktop\3y\_animation_tools\renders\Ryunochi\frame_0089.png'
00:16.031  render           | Saved: 'C:\Users\29\Desktop\3y\_animation_tools\renders\Ryunochi\frame_0091.png'
00:16.078  render           | Saved: 'C:\Users\29\Desktop\3y\_animation_tools\renders\Ryunochi\frame_0093.png'
00:16.125  render           | Saved: 'C:\Users\29\Desktop\3y\_animation_tools\renders\Ryunochi\frame_0095.png'
00:16.172  render           | Saved: 'C:\Users\29\Desktop\3y\_animation_tools\renders\Ryunochi\frame_0097.png'
00:16.203  render           | Saved: 'C:\Users\29\Desktop\3y\_animation_tools\renders\Ryunochi\frame_0099.png'
00:16.250  render           | Saved: 'C:\Users\29\Desktop\3y\_animation_tools\renders\Ryunochi\frame_0101.png'
00:16.297  render           | Saved: 'C:\Users\29\Desktop\3y\_animation_tools\renders\Ryunochi\frame_0103.png'
00:16.344  render           | Saved: 'C:\Users\29\Desktop\3y\_animation_tools\renders\Ryunochi\frame_0105.png'
00:16.391  render           | Saved: 'C:\Users\29\Desktop\3y\_animation_tools\renders\Ryunochi\frame_0107.png'
00:16.438  render           | Saved: 'C:\Users\29\Desktop\3y\_animation_tools\renders\Ryunochi\frame_0109.png'
00:16.469  render           | Saved: 'C:\Users\29\Desktop\3y\_animation_tools\renders\Ryunochi\frame_0111.png'
00:16.531  render           | Saved: 'C:\Users\29\Desktop\3y\_animation_tools\renders\Ryunochi\frame_0113.png'
FBX version: 7400
FBX version: 7400
FBX version: 7400
FBX version: 7400
FBX version: 7400
FBX version: 7400
FBX version: 7400
FBX version: 7400
FBX version: 7400
FBX version: 7400
FBX version: 7400
RESULTS {'Idle': {'max_error_m': 1.1444091796875e-05, 'pass': True}, 'Attack1': {'max_error_m': 1.0848045349121094e-05, 'pass': True}, 'Attack2': {'max_error_m': 1.0967254638671875e-05, 'pass': True}, 'Attack3': {'max_error_m': 1.1787284165620804e-05, 'pass': True}, 'BlockIn': {'max_error_m': 1.239776611328125e-05, 'pass': True}, 'BlockHold': {'max_error_m': 7.510185241699219e-06, 'pass': True}, 'BlockOut': {'max_error_m': 1.3649463653564453e-05, 'pass': True}, 'KunaiThrow': {'max_error_m': 1.6063451766967773e-05, 'pass': True}, 'Teleport': {'max_error_m': 1.1742115020751953e-05, 'pass': True}, 'Draw': {'max_error_m': 1.2129545211791992e-05, 'pass': True}, 'Ryunochi': {'max_error_m': 1.3709068298339844e-05, 'pass': True}}
Blender 5.2.1 LTS (hash 9e2066aef7ef built 2026-08-25 02:38:20)

Blender quit
