00:00.375  blend            | Read blend: "C:\Users\29\Desktop\3y\Gukgung_3P.blend"

FBX export starting... 'C:\\Users\\29\\Desktop\\3y\\Gukgung_3P_For_OVDR.fbx'
(bpy.data.armatures['Gukgung_WeaponSkeleton.003'], 'POSE')
(bpy.data.armatures['Gukgung_WeaponSkeleton.003'], 'POSE')
(bpy.data.armatures['Gukgung_WeaponSkeleton.003'], 'POSE')
(bpy.data.armatures['Armature'], 'POSE')
(bpy.data.armatures['Armature'], 'POSE')
(bpy.data.armatures['Armature'], 'POSE')
(bpy.data.armatures['Armature'], 'POSE')
(bpy.data.armatures['Armature'], 'POSE')
(bpy.data.armatures['Armature'], 'POSE')
export finished in 0.0847 sec.

FBX export starting... 'C:\\Users\\29\\Desktop\\3y\\Gukgung_3P_WeaponsOnly.fbx'
(bpy.data.armatures['Gukgung_WeaponSkeleton.003'], 'POSE')
(bpy.data.armatures['Gukgung_WeaponSkeleton.003'], 'POSE')
(bpy.data.armatures['Gukgung_WeaponSkeleton.003'], 'POSE')
export finished in 0.0409 sec.
INFO Draco is available, use library at C:\Program Files (x86)\Steam\steamapps\common\Blender\5.2\scripts\addons_core\io_scene_gltf2\bf_intern_draco_bridge.dll
INFO MeshOptimizer is available, use library at C:\Program Files (x86)\Steam\steamapps\common\Blender\5.2\scripts\addons_core\io_scene_gltf2\bf_intern_meshopt_bridge.dll
16:24:26 | INFO: Starting glTF 2.0 export
16:24:26 | INFO: Extracting primitive: Mesh.001
16:24:26 | WARNING: The active Vertex Color will not be exported, as it is not used in the node tree of the material
16:24:26 | INFO: Primitives created: 1
16:24:26 | INFO: Extracting primitive: Mesh
16:24:26 | WARNING: The active Vertex Color will not be exported, as it is not used in the node tree of the material
16:24:26 | INFO: Primitives created: 1
16:24:26 | INFO: Extracting primitive: Mesh.005
16:24:26 | WARNING: The active Vertex Color will not be exported, as it is not used in the node tree of the material
16:24:26 | INFO: Primitives created: 1
16:24:26 | INFO: Extracting primitive: Mesh.003
16:24:26 | WARNING: The active Vertex Color will not be exported, as it is not used in the node tree of the material
16:24:26 | INFO: Primitives created: 1
16:24:26 | INFO: Extracting primitive: Mesh.004
16:24:26 | WARNING: The active Vertex Color will not be exported, as it is not used in the node tree of the material
16:24:26 | INFO: Primitives created: 1
16:24:26 | INFO: Extracting primitive: Mesh.002
16:24:26 | WARNING: The active Vertex Color will not be exported, as it is not used in the node tree of the material
16:24:26 | INFO: Primitives created: 1
16:24:26 | INFO: Extracting primitive: Arrow_Gukgung_mesh.004
16:24:26 | INFO: Primitives created: 5
16:24:26 | INFO: Extracting primitive: Gukgung_Bow_mesh.004
16:24:26 | INFO: Primitives created: 1
16:24:26 | INFO: Extracting primitive: Gukgung_DeformableString.003
16:24:26 | INFO: Primitives created: 1
16:24:26 | INFO: Finished glTF 2.0 export in 0.1493833065032959 s


FBX export starting... 'C:\\Users\\29\\Desktop\\3y\\Gukgung_3P_HorizontalAttack_For_OVDR.fbx'
(bpy.data.armatures['Gukgung_WeaponSkeleton.003'], 'POSE')
(bpy.data.armatures['Gukgung_WeaponSkeleton.003'], 'POSE')
(bpy.data.armatures['Gukgung_WeaponSkeleton.003'], 'POSE')
(bpy.data.armatures['Armature'], 'POSE')
(bpy.data.armatures['Armature'], 'POSE')
(bpy.data.armatures['Armature'], 'POSE')
(bpy.data.armatures['Armature'], 'POSE')
(bpy.data.armatures['Armature'], 'POSE')
(bpy.data.armatures['Armature'], 'POSE')
export finished in 0.0833 sec.

FBX export starting... 'C:\\Users\\29\\Desktop\\3y\\Gukgung_3P_HorizontalAttack_WeaponsOnly.fbx'
(bpy.data.armatures['Gukgung_WeaponSkeleton.003'], 'POSE')
(bpy.data.armatures['Gukgung_WeaponSkeleton.003'], 'POSE')
(bpy.data.armatures['Gukgung_WeaponSkeleton.003'], 'POSE')
export finished in 0.0434 sec.
16:24:27 | INFO: Starting glTF 2.0 export
16:24:27 | INFO: Extracting primitive: Mesh.001
16:24:27 | WARNING: The active Vertex Color will not be exported, as it is not used in the node tree of the material
16:24:27 | INFO: Primitives created: 1
16:24:27 | INFO: Extracting primitive: Mesh
16:24:27 | WARNING: The active Vertex Color will not be exported, as it is not used in the node tree of the material
16:24:27 | INFO: Primitives created: 1
16:24:27 | INFO: Extracting primitive: Mesh.005
16:24:27 | WARNING: The active Vertex Color will not be exported, as it is not used in the node tree of the material
16:24:27 | INFO: Primitives created: 1
16:24:27 | INFO: Extracting primitive: Mesh.003
16:24:27 | WARNING: The active Vertex Color will not be exported, as it is not used in the node tree of the material
16:24:27 | INFO: Primitives created: 1
16:24:27 | INFO: Extracting primitive: Mesh.004
16:24:27 | WARNING: The active Vertex Color will not be exported, as it is not used in the node tree of the material
16:24:27 | INFO: Primitives created: 1
16:24:27 | INFO: Extracting primitive: Mesh.002
16:24:27 | WARNING: The active Vertex Color will not be exported, as it is not used in the node tree of the material
16:24:27 | INFO: Primitives created: 1
16:24:27 | INFO: Extracting primitive: Arrow_Gukgung_mesh.004
16:24:27 | INFO: Primitives created: 5
16:24:27 | INFO: Extracting primitive: Gukgung_Bow_mesh.004
16:24:27 | INFO: Primitives created: 1
16:24:27 | INFO: Extracting primitive: Gukgung_DeformableString.003
16:24:27 | INFO: Primitives created: 1
16:24:27 | INFO: Finished glTF 2.0 export in 0.16356468200683594 s
00:03.532  render           | Saved: 'C:\Users\29\Desktop\3y\_animation_tools\renders\BowVertical\frame_0001.png'
00:03.563  render           | Saved: 'C:\Users\29\Desktop\3y\_animation_tools\renders\BowVertical\frame_0003.png'
00:03.594  render           | Saved: 'C:\Users\29\Desktop\3y\_animation_tools\renders\BowVertical\frame_0005.png'
00:03.625  render           | Saved: 'C:\Users\29\Desktop\3y\_animation_tools\renders\BowVertical\frame_0007.png'
00:03.657  render           | Saved: 'C:\Users\29\Desktop\3y\_animation_tools\renders\BowVertical\frame_0009.png'
00:03.703  render           | Saved: 'C:\Users\29\Desktop\3y\_animation_tools\renders\BowVertical\frame_0011.png'
00:03.735  render           | Saved: 'C:\Users\29\Desktop\3y\_animation_tools\renders\BowVertical\frame_0013.png'
00:03.766  render           | Saved: 'C:\Users\29\Desktop\3y\_animation_tools\renders\BowVertical\frame_0015.png'
00:03.797  render           | Saved: 'C:\Users\29\Desktop\3y\_animation_tools\renders\BowVertical\frame_0017.png'
00:03.828  render           | Saved: 'C:\Users\29\Desktop\3y\_animation_tools\renders\BowVertical\frame_0019.png'
00:03.860  render           | Saved: 'C:\Users\29\Desktop\3y\_animation_tools\renders\BowVertical\frame_0021.png'
00:03.891  render           | Saved: 'C:\Users\29\Desktop\3y\_animation_tools\renders\BowVertical\frame_0023.png'
00:03.938  render           | Saved: 'C:\Users\29\Desktop\3y\_animation_tools\renders\BowVertical\frame_0025.png'
00:03.969  render           | Saved: 'C:\Users\29\Desktop\3y\_animation_tools\renders\BowVertical\frame_0027.png'
00:04.000  render           | Saved: 'C:\Users\29\Desktop\3y\_animation_tools\renders\BowVertical\frame_0029.png'
00:04.032  render           | Saved: 'C:\Users\29\Desktop\3y\_animation_tools\renders\BowVertical\frame_0031.png'
00:04.063  render           | Saved: 'C:\Users\29\Desktop\3y\_animation_tools\renders\BowVertical\frame_0033.png'
00:04.094  render           | Saved: 'C:\Users\29\Desktop\3y\_animation_tools\renders\BowVertical\frame_0035.png'
00:04.125  render           | Saved: 'C:\Users\29\Desktop\3y\_animation_tools\renders\BowVertical\frame_0037.png'
00:04.157  render           | Saved: 'C:\Users\29\Desktop\3y\_animation_tools\renders\BowVertical\frame_0039.png'
00:04.203  render           | Saved: 'C:\Users\29\Desktop\3y\_animation_tools\renders\BowVertical\frame_0041.png'
00:04.235  render           | Saved: 'C:\Users\29\Desktop\3y\_animation_tools\renders\BowVertical\frame_0043.png'
00:04.266  render           | Saved: 'C:\Users\29\Desktop\3y\_animation_tools\renders\BowVertical\frame_0045.png'
00:04.297  render           | Saved: 'C:\Users\29\Desktop\3y\_animation_tools\renders\BowVertical\frame_0047.png'
00:04.328  render           | Saved: 'C:\Users\29\Desktop\3y\_animation_tools\renders\BowVertical\frame_0049.png'
00:04.360  render           | Saved: 'C:\Users\29\Desktop\3y\_animation_tools\renders\BowVertical\frame_0051.png'
00:04.391  render           | Saved: 'C:\Users\29\Desktop\3y\_animation_tools\renders\BowVertical\frame_0053.png'
00:04.422  render           | Saved: 'C:\Users\29\Desktop\3y\_animation_tools\renders\BowVertical\frame_0055.png'
00:04.453  render           | Saved: 'C:\Users\29\Desktop\3y\_animation_tools\renders\BowVertical\frame_0057.png'
00:04.485  render           | Saved: 'C:\Users\29\Desktop\3y\_animation_tools\renders\BowVertical\frame_0059.png'
00:04.516  render           | Saved: 'C:\Users\29\Desktop\3y\_animation_tools\renders\BowVertical\frame_0061.png'
00:04.547  render           | Saved: 'C:\Users\29\Desktop\3y\_animation_tools\renders\BowVertical\frame_0063.png'
00:04.578  render           | Saved: 'C:\Users\29\Desktop\3y\_animation_tools\renders\BowVertical\frame_0065.png'
00:04.610  render           | Saved: 'C:\Users\29\Desktop\3y\_animation_tools\renders\BowVertical\frame_0067.png'
00:04.641  render           | Saved: 'C:\Users\29\Desktop\3y\_animation_tools\renders\BowVertical\frame_0069.png'
00:04.672  render           | Saved: 'C:\Users\29\Desktop\3y\_animation_tools\renders\BowVertical\frame_0071.png'
00:04.703  render           | Saved: 'C:\Users\29\Desktop\3y\_animation_tools\renders\BowVertical\frame_0073.png'
00:04.735  render           | Saved: 'C:\Users\29\Desktop\3y\_animation_tools\renders\BowVertical\frame_0075.png'
00:04.766  render           | Saved: 'C:\Users\29\Desktop\3y\_animation_tools\renders\BowVertical\frame_0077.png'
00:04.797  render           | Saved: 'C:\Users\29\Desktop\3y\_animation_tools\renders\BowVertical\frame_0079.png'
00:04.828  render           | Saved: 'C:\Users\29\Desktop\3y\_animation_tools\renders\BowVertical\frame_0081.png'
00:04.860  render           | Saved: 'C:\Users\29\Desktop\3y\_animation_tools\renders\BowVertical\frame_0083.png'
00:04.891  render           | Saved: 'C:\Users\29\Desktop\3y\_animation_tools\renders\BowVertical\frame_0085.png'
00:04.922  render           | Saved: 'C:\Users\29\Desktop\3y\_animation_tools\renders\BowVertical\frame_0087.png'
00:04.953  render           | Saved: 'C:\Users\29\Desktop\3y\_animation_tools\renders\BowVertical\frame_0089.png'
00:05.000  render           | Saved: 'C:\Users\29\Desktop\3y\_animation_tools\renders\BowVertical\frame_0091.png'
00:05.047  render           | Saved: 'C:\Users\29\Desktop\3y\_animation_tools\renders\BowHorizontal\frame_0001.png'
00:05.078  render           | Saved: 'C:\Users\29\Desktop\3y\_animation_tools\renders\BowHorizontal\frame_0003.png'
00:05.110  render           | Saved: 'C:\Users\29\Desktop\3y\_animation_tools\renders\BowHorizontal\frame_0005.png'
00:05.141  render           | Saved: 'C:\Users\29\Desktop\3y\_animation_tools\renders\BowHorizontal\frame_0007.png'
00:05.172  render           | Saved: 'C:\Users\29\Desktop\3y\_animation_tools\renders\BowHorizontal\frame_0009.png'
00:05.203  render           | Saved: 'C:\Users\29\Desktop\3y\_animation_tools\renders\BowHorizontal\frame_0011.png'
00:05.235  render           | Saved: 'C:\Users\29\Desktop\3y\_animation_tools\renders\BowHorizontal\frame_0013.png'
00:05.266  render           | Saved: 'C:\Users\29\Desktop\3y\_animation_tools\renders\BowHorizontal\frame_0015.png'
00:05.297  render           | Saved: 'C:\Users\29\Desktop\3y\_animation_tools\renders\BowHorizontal\frame_0017.png'
00:05.328  render           | Saved: 'C:\Users\29\Desktop\3y\_animation_tools\renders\BowHorizontal\frame_0019.png'
00:05.360  render           | Saved: 'C:\Users\29\Desktop\3y\_animation_tools\renders\BowHorizontal\frame_0021.png'
00:05.391  render           | Saved: 'C:\Users\29\Desktop\3y\_animation_tools\renders\BowHorizontal\frame_0023.png'
00:05.422  render           | Saved: 'C:\Users\29\Desktop\3y\_animation_tools\renders\BowHorizontal\frame_0025.png'
00:05.453  render           | Saved: 'C:\Users\29\Desktop\3y\_animation_tools\renders\BowHorizontal\frame_0027.png'
00:05.485  render           | Saved: 'C:\Users\29\Desktop\3y\_animation_tools\renders\BowHorizontal\frame_0029.png'
00:05.532  render           | Saved: 'C:\Users\29\Desktop\3y\_animation_tools\renders\BowHorizontal\frame_0031.png'
00:05.563  render           | Saved: 'C:\Users\29\Desktop\3y\_animation_tools\renders\BowHorizontal\frame_0033.png'
00:05.594  render           | Saved: 'C:\Users\29\Desktop\3y\_animation_tools\renders\BowHorizontal\frame_0035.png'
00:05.625  render           | Saved: 'C:\Users\29\Desktop\3y\_animation_tools\renders\BowHorizontal\frame_0037.png'
00:05.657  render           | Saved: 'C:\Users\29\Desktop\3y\_animation_tools\renders\BowHorizontal\frame_0039.png'
00:05.688  render           | Saved: 'C:\Users\29\Desktop\3y\_animation_tools\renders\BowHorizontal\frame_0041.png'
00:05.719  render           | Saved: 'C:\Users\29\Desktop\3y\_animation_tools\renders\BowHorizontal\frame_0043.png'
00:05.750  render           | Saved: 'C:\Users\29\Desktop\3y\_animation_tools\renders\BowHorizontal\frame_0045.png'
00:05.797  render           | Saved: 'C:\Users\29\Desktop\3y\_animation_tools\renders\BowHorizontal\frame_0047.png'
00:05.828  render           | Saved: 'C:\Users\29\Desktop\3y\_animation_tools\renders\BowHorizontal\frame_0049.png'
00:05.860  render           | Saved: 'C:\Users\29\Desktop\3y\_animation_tools\renders\BowHorizontal\frame_0051.png'
00:05.891  render           | Saved: 'C:\Users\29\Desktop\3y\_animation_tools\renders\BowHorizontal\frame_0053.png'
00:05.922  render           | Saved: 'C:\Users\29\Desktop\3y\_animation_tools\renders\BowHorizontal\frame_0055.png'
00:05.953  render           | Saved: 'C:\Users\29\Desktop\3y\_animation_tools\renders\BowHorizontal\frame_0057.png'
00:05.985  render           | Saved: 'C:\Users\29\Desktop\3y\_animation_tools\renders\BowHorizontal\frame_0059.png'
00:06.016  render           | Saved: 'C:\Users\29\Desktop\3y\_animation_tools\renders\BowHorizontal\frame_0061.png'
00:06.063  render           | Saved: 'C:\Users\29\Desktop\3y\_animation_tools\renders\BowHorizontal\frame_0063.png'
00:06.094  render           | Saved: 'C:\Users\29\Desktop\3y\_animation_tools\renders\BowHorizontal\frame_0065.png'
00:06.125  render           | Saved: 'C:\Users\29\Desktop\3y\_animation_tools\renders\BowHorizontal\frame_0067.png'
00:06.157  render           | Saved: 'C:\Users\29\Desktop\3y\_animation_tools\renders\BowHorizontal\frame_0069.png'
00:06.188  render           | Saved: 'C:\Users\29\Desktop\3y\_animation_tools\renders\BowHorizontal\frame_0071.png'
00:06.219  render           | Saved: 'C:\Users\29\Desktop\3y\_animation_tools\renders\BowHorizontal\frame_0073.png'
00:06.266  render           | Saved: 'C:\Users\29\Desktop\3y\_animation_tools\renders\BowHorizontal\frame_0075.png'
00:06.297  render           | Saved: 'C:\Users\29\Desktop\3y\_animation_tools\renders\BowHorizontal\frame_0077.png'
00:06.328  render           | Saved: 'C:\Users\29\Desktop\3y\_animation_tools\renders\BowHorizontal\frame_0079.png'
00:06.360  render           | Saved: 'C:\Users\29\Desktop\3y\_animation_tools\renders\BowHorizontal\frame_0081.png'
00:06.391  render           | Saved: 'C:\Users\29\Desktop\3y\_animation_tools\renders\BowHorizontal\frame_0083.png'
00:06.422  render           | Saved: 'C:\Users\29\Desktop\3y\_animation_tools\renders\BowHorizontal\frame_0085.png'
00:06.453  render           | Saved: 'C:\Users\29\Desktop\3y\_animation_tools\renders\BowHorizontal\frame_0087.png'
00:06.485  render           | Saved: 'C:\Users\29\Desktop\3y\_animation_tools\renders\BowHorizontal\frame_0089.png'
00:06.532  render           | Saved: 'C:\Users\29\Desktop\3y\_animation_tools\renders\BowHorizontal\frame_0091.png'

Info: Saved as "Gukgung_3P.blend"
FBX version: 7400
16:24:32 | INFO: Data are loaded, start creating Blender stuff
16:24:32 | INFO: Blender create Mesh node Mesh.001
16:24:32 | INFO: Blender create Mesh node Mesh
16:24:32 | INFO: Blender create Mesh node Mesh.005
16:24:32 | INFO: Blender create Mesh node Mesh.003
16:24:32 | INFO: Blender create Mesh node Mesh.004
16:24:32 | INFO: Blender create Mesh node Mesh.002
16:24:32 | INFO: Blender create Mesh node Arrow_Gukgung_mesh.004
16:24:32 | INFO: Blender create Mesh node Gukgung_Bow_mesh.004
16:24:32 | INFO: Blender create Mesh node Gukgung_DeformableString.003
16:24:32 | INFO: glTF import finished in 0.03s
FBX version: 7400
16:24:32 | INFO: Data are loaded, start creating Blender stuff
16:24:32 | INFO: Blender create Mesh node Mesh.001
16:24:32 | INFO: Blender create Mesh node Mesh
16:24:32 | INFO: Blender create Mesh node Mesh.005
16:24:32 | INFO: Blender create Mesh node Mesh.003
16:24:32 | INFO: Blender create Mesh node Mesh.004
16:24:32 | INFO: Blender create Mesh node Mesh.002
16:24:33 | INFO: Blender create Mesh node Arrow_Gukgung_mesh.004
16:24:33 | INFO: Blender create Mesh node Gukgung_Bow_mesh.004
16:24:33 | INFO: Blender create Mesh node Gukgung_DeformableString.003
16:24:33 | INFO: glTF import finished in 0.03s
BOW_RESULTS {'BowVertical': {'fbx': {'max_error_m': 2.6941299438476562e-05, 'pass': True}, 'glb': {'max_error_m': 3.3974647521972656e-06, 'pass': True}}, 'BowHorizontal': {'fbx': {'max_error_m': 2.0384788513183594e-05, 'pass': True}, 'glb': {'max_error_m': 3.039836883544922e-06, 'pass': True}}}
Blender 5.2.1 LTS (hash 9e2066aef7ef built 2026-08-25 02:38:20)

Blender quit
