00:00.375  blend            | Read blend: "C:\Users\29\Desktop\3y\Wakizashi_3P.blend"
00:03.328  render           | Saved: 'C:\Users\29\Desktop\3y\_animation_tools\renders\Idle\frame_0001.png'
00:03.375  render           | Saved: 'C:\Users\29\Desktop\3y\_animation_tools\renders\Idle\frame_0003.png'
00:03.406  render           | Saved: 'C:\Users\29\Desktop\3y\_animation_tools\renders\Idle\frame_0005.png'
00:03.453  render           | Saved: 'C:\Users\29\Desktop\3y\_animation_tools\renders\Idle\frame_0007.png'
00:03.485  render           | Saved: 'C:\Users\29\Desktop\3y\_animation_tools\renders\Idle\frame_0009.png'
00:03.531  render           | Saved: 'C:\Users\29\Desktop\3y\_animation_tools\renders\Idle\frame_0011.png'
00:03.563  render           | Saved: 'C:\Users\29\Desktop\3y\_animation_tools\renders\Idle\frame_0013.png'
00:03.610  render           | Saved: 'C:\Users\29\Desktop\3y\_animation_tools\renders\Idle\frame_0015.png'
00:03.641  render           | Saved: 'C:\Users\29\Desktop\3y\_animation_tools\renders\Idle\frame_0017.png'
00:03.688  render           | Saved: 'C:\Users\29\Desktop\3y\_animation_tools\renders\Idle\frame_0019.png'
00:03.719  render           | Saved: 'C:\Users\29\Desktop\3y\_animation_tools\renders\Idle\frame_0021.png'
00:03.766  render           | Saved: 'C:\Users\29\Desktop\3y\_animation_tools\renders\Idle\frame_0023.png'
00:03.797  render           | Saved: 'C:\Users\29\Desktop\3y\_animation_tools\renders\Idle\frame_0025.png'
00:03.828  render           | Saved: 'C:\Users\29\Desktop\3y\_animation_tools\renders\Idle\frame_0027.png'
00:03.875  render           | Saved: 'C:\Users\29\Desktop\3y\_animation_tools\renders\Idle\frame_0029.png'
00:03.906  render           | Saved: 'C:\Users\29\Desktop\3y\_animation_tools\renders\Idle\frame_0031.png'
00:03.938  render           | Saved: 'C:\Users\29\Desktop\3y\_animation_tools\renders\Idle\frame_0033.png'
00:03.985  render           | Saved: 'C:\Users\29\Desktop\3y\_animation_tools\renders\Idle\frame_0035.png'
00:04.016  render           | Saved: 'C:\Users\29\Desktop\3y\_animation_tools\renders\Idle\frame_0037.png'
00:04.047  render           | Saved: 'C:\Users\29\Desktop\3y\_animation_tools\renders\Idle\frame_0039.png'
00:04.094  render           | Saved: 'C:\Users\29\Desktop\3y\_animation_tools\renders\Idle\frame_0041.png'
00:04.125  render           | Saved: 'C:\Users\29\Desktop\3y\_animation_tools\renders\Idle\frame_0043.png'
00:04.172  render           | Saved: 'C:\Users\29\Desktop\3y\_animation_tools\renders\Idle\frame_0045.png'
00:04.203  render           | Saved: 'C:\Users\29\Desktop\3y\_animation_tools\renders\Idle\frame_0047.png'
00:04.235  render           | Saved: 'C:\Users\29\Desktop\3y\_animation_tools\renders\Idle\frame_0049.png'
00:04.266  render           | Saved: 'C:\Users\29\Desktop\3y\_animation_tools\renders\Idle\frame_0051.png'
00:04.313  render           | Saved: 'C:\Users\29\Desktop\3y\_animation_tools\renders\Idle\frame_0053.png'
00:04.344  render           | Saved: 'C:\Users\29\Desktop\3y\_animation_tools\renders\Idle\frame_0055.png'
00:04.391  render           | Saved: 'C:\Users\29\Desktop\3y\_animation_tools\renders\Idle\frame_0057.png'
00:04.422  render           | Saved: 'C:\Users\29\Desktop\3y\_animation_tools\renders\Idle\frame_0059.png'
00:04.453  render           | Saved: 'C:\Users\29\Desktop\3y\_animation_tools\renders\Idle\frame_0061.png'
00:04.547  render           | Saved: 'C:\Users\29\Desktop\3y\_animation_tools\renders\Attack1\frame_0001.png'
00:04.578  render           | Saved: 'C:\Users\29\Desktop\3y\_animation_tools\renders\Attack1\frame_0003.png'
00:04.625  render           | Saved: 'C:\Users\29\Desktop\3y\_animation_tools\renders\Attack1\frame_0005.png'
00:04.656  render           | Saved: 'C:\Users\29\Desktop\3y\_animation_tools\renders\Attack1\frame_0007.png'
00:04.703  render           | Saved: 'C:\Users\29\Desktop\3y\_animation_tools\renders\Attack1\frame_0009.png'
00:04.735  render           | Saved: 'C:\Users\29\Desktop\3y\_animation_tools\renders\Attack1\frame_0011.png'
00:04.766  render           | Saved: 'C:\Users\29\Desktop\3y\_animation_tools\renders\Attack1\frame_0013.png'
00:04.813  render           | Saved: 'C:\Users\29\Desktop\3y\_animation_tools\renders\Attack1\frame_0015.png'
00:04.844  render           | Saved: 'C:\Users\29\Desktop\3y\_animation_tools\renders\Attack1\frame_0017.png'
00:04.891  render           | Saved: 'C:\Users\29\Desktop\3y\_animation_tools\renders\Attack1\frame_0019.png'
00:04.922  render           | Saved: 'C:\Users\29\Desktop\3y\_animation_tools\renders\Attack1\frame_0021.png'
00:04.969  render           | Saved: 'C:\Users\29\Desktop\3y\_animation_tools\renders\Attack1\frame_0023.png'
00:05.000  render           | Saved: 'C:\Users\29\Desktop\3y\_animation_tools\renders\Attack1\frame_0025.png'
00:05.047  render           | Saved: 'C:\Users\29\Desktop\3y\_animation_tools\renders\Attack1\frame_0027.png'
00:05.078  render           | Saved: 'C:\Users\29\Desktop\3y\_animation_tools\renders\Attack1\frame_0029.png'
00:05.110  render           | Saved: 'C:\Users\29\Desktop\3y\_animation_tools\renders\Attack1\frame_0031.png'
00:05.156  render           | Saved: 'C:\Users\29\Desktop\3y\_animation_tools\renders\Attack1\frame_0033.png'
00:05.188  render           | Saved: 'C:\Users\29\Desktop\3y\_animation_tools\renders\Attack1\frame_0035.png'
00:05.235  render           | Saved: 'C:\Users\29\Desktop\3y\_animation_tools\renders\Attack1\frame_0037.png'
00:05.266  render           | Saved: 'C:\Users\29\Desktop\3y\_animation_tools\renders\Attack1\frame_0039.png'
00:05.297  render           | Saved: 'C:\Users\29\Desktop\3y\_animation_tools\renders\Attack1\frame_0041.png'
00:05.344  render           | Saved: 'C:\Users\29\Desktop\3y\_animation_tools\renders\Attack1\frame_0043.png'
00:05.375  render           | Saved: 'C:\Users\29\Desktop\3y\_animation_tools\renders\Attack1\frame_0045.png'
00:05.422  render           | Saved: 'C:\Users\29\Desktop\3y\_animation_tools\renders\Attack1\frame_0047.png'
00:05.453  render           | Saved: 'C:\Users\29\Desktop\3y\_animation_tools\renders\Attack1\frame_0049.png'
00:05.500  render           | Saved: 'C:\Users\29\Desktop\3y\_animation_tools\renders\Attack1\frame_0051.png'
00:05.531  render           | Saved: 'C:\Users\29\Desktop\3y\_animation_tools\renders\Attack1\frame_0053.png'
00:05.578  render           | Saved: 'C:\Users\29\Desktop\3y\_animation_tools\renders\Attack1\frame_0055.png'
00:05.610  render           | Saved: 'C:\Users\29\Desktop\3y\_animation_tools\renders\Attack1\frame_0057.png'
00:05.641  render           | Saved: 'C:\Users\29\Desktop\3y\_animation_tools\renders\Attack1\frame_0059.png'
00:05.688  render           | Saved: 'C:\Users\29\Desktop\3y\_animation_tools\renders\Attack1\frame_0061.png'
00:05.735  render           | Saved: 'C:\Users\29\Desktop\3y\_animation_tools\renders\Attack1\frame_0063.png'
00:05.813  render           | Saved: 'C:\Users\29\Desktop\3y\_animation_tools\renders\Attack2\frame_0001.png'
00:05.860  render           | Saved: 'C:\Users\29\Desktop\3y\_animation_tools\renders\Attack2\frame_0003.png'
00:05.906  render           | Saved: 'C:\Users\29\Desktop\3y\_animation_tools\renders\Attack2\frame_0005.png'
00:05.938  render           | Saved: 'C:\Users\29\Desktop\3y\_animation_tools\renders\Attack2\frame_0007.png'
00:05.985  render           | Saved: 'C:\Users\29\Desktop\3y\_animation_tools\renders\Attack2\frame_0009.png'
00:06.016  render           | Saved: 'C:\Users\29\Desktop\3y\_animation_tools\renders\Attack2\frame_0011.png'
00:06.063  render           | Saved: 'C:\Users\29\Desktop\3y\_animation_tools\renders\Attack2\frame_0013.png'
00:06.094  render           | Saved: 'C:\Users\29\Desktop\3y\_animation_tools\renders\Attack2\frame_0015.png'
00:06.141  render           | Saved: 'C:\Users\29\Desktop\3y\_animation_tools\renders\Attack2\frame_0017.png'
00:06.172  render           | Saved: 'C:\Users\29\Desktop\3y\_animation_tools\renders\Attack2\frame_0019.png'
00:06.219  render           | Saved: 'C:\Users\29\Desktop\3y\_animation_tools\renders\Attack2\frame_0021.png'
00:06.250  render           | Saved: 'C:\Users\29\Desktop\3y\_animation_tools\renders\Attack2\frame_0023.png'
00:06.297  render           | Saved: 'C:\Users\29\Desktop\3y\_animation_tools\renders\Attack2\frame_0025.png'
00:06.328  render           | Saved: 'C:\Users\29\Desktop\3y\_animation_tools\renders\Attack2\frame_0027.png'
00:06.375  render           | Saved: 'C:\Users\29\Desktop\3y\_animation_tools\renders\Attack2\frame_0029.png'
00:06.406  render           | Saved: 'C:\Users\29\Desktop\3y\_animation_tools\renders\Attack2\frame_0031.png'
00:06.453  render           | Saved: 'C:\Users\29\Desktop\3y\_animation_tools\renders\Attack2\frame_0033.png'
00:06.500  render           | Saved: 'C:\Users\29\Desktop\3y\_animation_tools\renders\Attack2\frame_0035.png'
00:06.547  render           | Saved: 'C:\Users\29\Desktop\3y\_animation_tools\renders\Attack2\frame_0037.png'
00:06.578  render           | Saved: 'C:\Users\29\Desktop\3y\_animation_tools\renders\Attack2\frame_0039.png'
00:06.625  render           | Saved: 'C:\Users\29\Desktop\3y\_animation_tools\renders\Attack2\frame_0041.png'
00:06.672  render           | Saved: 'C:\Users\29\Desktop\3y\_animation_tools\renders\Attack2\frame_0043.png'
00:06.703  render           | Saved: 'C:\Users\29\Desktop\3y\_animation_tools\renders\Attack2\frame_0045.png'
00:06.750  render           | Saved: 'C:\Users\29\Desktop\3y\_animation_tools\renders\Attack2\frame_0047.png'
00:06.797  render           | Saved: 'C:\Users\29\Desktop\3y\_animation_tools\renders\Attack2\frame_0049.png'
00:06.844  render           | Saved: 'C:\Users\29\Desktop\3y\_animation_tools\renders\Attack2\frame_0051.png'
00:06.875  render           | Saved: 'C:\Users\29\Desktop\3y\_animation_tools\renders\Attack2\frame_0053.png'
00:06.922  render           | Saved: 'C:\Users\29\Desktop\3y\_animation_tools\renders\Attack2\frame_0055.png'
00:06.969  render           | Saved: 'C:\Users\29\Desktop\3y\_animation_tools\renders\Attack2\frame_0057.png'
00:07.000  render           | Saved: 'C:\Users\29\Desktop\3y\_animation_tools\renders\Attack2\frame_0059.png'
00:07.047  render           | Saved: 'C:\Users\29\Desktop\3y\_animation_tools\renders\Attack2\frame_0061.png'
00:07.078  render           | Saved: 'C:\Users\29\Desktop\3y\_animation_tools\renders\Attack2\frame_0063.png'
00:07.188  render           | Saved: 'C:\Users\29\Desktop\3y\_animation_tools\renders\Attack3\frame_0001.png'
00:07.235  render           | Saved: 'C:\Users\29\Desktop\3y\_animation_tools\renders\Attack3\frame_0003.png'
00:07.266  render           | Saved: 'C:\Users\29\Desktop\3y\_animation_tools\renders\Attack3\frame_0005.png'
00:07.313  render           | Saved: 'C:\Users\29\Desktop\3y\_animation_tools\renders\Attack3\frame_0007.png'
00:07.360  render           | Saved: 'C:\Users\29\Desktop\3y\_animation_tools\renders\Attack3\frame_0009.png'
00:07.406  render           | Saved: 'C:\Users\29\Desktop\3y\_animation_tools\renders\Attack3\frame_0011.png'
00:07.438  render           | Saved: 'C:\Users\29\Desktop\3y\_animation_tools\renders\Attack3\frame_0013.png'
00:07.485  render           | Saved: 'C:\Users\29\Desktop\3y\_animation_tools\renders\Attack3\frame_0015.png'
00:07.531  render           | Saved: 'C:\Users\29\Desktop\3y\_animation_tools\renders\Attack3\frame_0017.png'
00:07.563  render           | Saved: 'C:\Users\29\Desktop\3y\_animation_tools\renders\Attack3\frame_0019.png'
00:07.610  render           | Saved: 'C:\Users\29\Desktop\3y\_animation_tools\renders\Attack3\frame_0021.png'
00:07.656  render           | Saved: 'C:\Users\29\Desktop\3y\_animation_tools\renders\Attack3\frame_0023.png'
00:07.688  render           | Saved: 'C:\Users\29\Desktop\3y\_animation_tools\renders\Attack3\frame_0025.png'
00:07.735  render           | Saved: 'C:\Users\29\Desktop\3y\_animation_tools\renders\Attack3\frame_0027.png'
00:07.766  render           | Saved: 'C:\Users\29\Desktop\3y\_animation_tools\renders\Attack3\frame_0029.png'
00:07.813  render           | Saved: 'C:\Users\29\Desktop\3y\_animation_tools\renders\Attack3\frame_0031.png'
00:07.844  render           | Saved: 'C:\Users\29\Desktop\3y\_animation_tools\renders\Attack3\frame_0033.png'
00:07.891  render           | Saved: 'C:\Users\29\Desktop\3y\_animation_tools\renders\Attack3\frame_0035.png'
00:07.938  render           | Saved: 'C:\Users\29\Desktop\3y\_animation_tools\renders\Attack3\frame_0037.png'
00:07.985  render           | Saved: 'C:\Users\29\Desktop\3y\_animation_tools\renders\Attack3\frame_0039.png'
00:08.016  render           | Saved: 'C:\Users\29\Desktop\3y\_animation_tools\renders\Attack3\frame_0041.png'
00:08.063  render           | Saved: 'C:\Users\29\Desktop\3y\_animation_tools\renders\Attack3\frame_0043.png'
00:08.094  render           | Saved: 'C:\Users\29\Desktop\3y\_animation_tools\renders\Attack3\frame_0045.png'
00:08.141  render           | Saved: 'C:\Users\29\Desktop\3y\_animation_tools\renders\Attack3\frame_0047.png'
00:08.172  render           | Saved: 'C:\Users\29\Desktop\3y\_animation_tools\renders\Attack3\frame_0049.png'
00:08.219  render           | Saved: 'C:\Users\29\Desktop\3y\_animation_tools\renders\Attack3\frame_0051.png'
00:08.266  render           | Saved: 'C:\Users\29\Desktop\3y\_animation_tools\renders\Attack3\frame_0053.png'
00:08.313  render           | Saved: 'C:\Users\29\Desktop\3y\_animation_tools\renders\Attack3\frame_0055.png'
00:08.344  render           | Saved: 'C:\Users\29\Desktop\3y\_animation_tools\renders\Attack3\frame_0057.png'
00:08.391  render           | Saved: 'C:\Users\29\Desktop\3y\_animation_tools\renders\Attack3\frame_0059.png'
00:08.422  render           | Saved: 'C:\Users\29\Desktop\3y\_animation_tools\renders\Attack3\frame_0061.png'
00:08.469  render           | Saved: 'C:\Users\29\Desktop\3y\_animation_tools\renders\Attack3\frame_0063.png'
00:08.500  render           | Saved: 'C:\Users\29\Desktop\3y\_animation_tools\renders\Attack3\frame_0065.png'
00:08.547  render           | Saved: 'C:\Users\29\Desktop\3y\_animation_tools\renders\Attack3\frame_0067.png'
00:08.594  render           | Saved: 'C:\Users\29\Desktop\3y\_animation_tools\renders\Attack3\frame_0069.png'
00:08.688  render           | Saved: 'C:\Users\29\Desktop\3y\_animation_tools\renders\BlockIn\frame_0001.png'
00:08.735  render           | Saved: 'C:\Users\29\Desktop\3y\_animation_tools\renders\BlockIn\frame_0003.png'
00:08.766  render           | Saved: 'C:\Users\29\Desktop\3y\_animation_tools\renders\BlockIn\frame_0005.png'
00:08.860  render           | Saved: 'C:\Users\29\Desktop\3y\_animation_tools\renders\BlockHold\frame_0001.png'
00:08.906  render           | Saved: 'C:\Users\29\Desktop\3y\_animation_tools\renders\BlockHold\frame_0003.png'
00:08.938  render           | Saved: 'C:\Users\29\Desktop\3y\_animation_tools\renders\BlockHold\frame_0005.png'
00:08.985  render           | Saved: 'C:\Users\29\Desktop\3y\_animation_tools\renders\BlockHold\frame_0007.png'
00:09.031  render           | Saved: 'C:\Users\29\Desktop\3y\_animation_tools\renders\BlockHold\frame_0009.png'
00:09.078  render           | Saved: 'C:\Users\29\Desktop\3y\_animation_tools\renders\BlockHold\frame_0011.png'
00:09.110  render           | Saved: 'C:\Users\29\Desktop\3y\_animation_tools\renders\BlockHold\frame_0013.png'
00:09.156  render           | Saved: 'C:\Users\29\Desktop\3y\_animation_tools\renders\BlockHold\frame_0015.png'
00:09.203  render           | Saved: 'C:\Users\29\Desktop\3y\_animation_tools\renders\BlockHold\frame_0017.png'
00:09.235  render           | Saved: 'C:\Users\29\Desktop\3y\_animation_tools\renders\BlockHold\frame_0019.png'
00:09.281  render           | Saved: 'C:\Users\29\Desktop\3y\_animation_tools\renders\BlockHold\frame_0021.png'
00:09.328  render           | Saved: 'C:\Users\29\Desktop\3y\_animation_tools\renders\BlockHold\frame_0023.png'
00:09.375  render           | Saved: 'C:\Users\29\Desktop\3y\_animation_tools\renders\BlockHold\frame_0025.png'
00:09.406  render           | Saved: 'C:\Users\29\Desktop\3y\_animation_tools\renders\BlockHold\frame_0027.png'
00:09.453  render           | Saved: 'C:\Users\29\Desktop\3y\_animation_tools\renders\BlockHold\frame_0029.png'
00:09.500  render           | Saved: 'C:\Users\29\Desktop\3y\_animation_tools\renders\BlockHold\frame_0031.png'
00:09.578  render           | Saved: 'C:\Users\29\Desktop\3y\_animation_tools\renders\BlockOut\frame_0001.png'
00:09.625  render           | Saved: 'C:\Users\29\Desktop\3y\_animation_tools\renders\BlockOut\frame_0003.png'
00:09.672  render           | Saved: 'C:\Users\29\Desktop\3y\_animation_tools\renders\BlockOut\frame_0005.png'
00:09.781  render           | Saved: 'C:\Users\29\Desktop\3y\_animation_tools\renders\KunaiThrow\frame_0001.png'
00:09.828  render           | Saved: 'C:\Users\29\Desktop\3y\_animation_tools\renders\KunaiThrow\frame_0003.png'
00:09.875  render           | Saved: 'C:\Users\29\Desktop\3y\_animation_tools\renders\KunaiThrow\frame_0005.png'
00:09.906  render           | Saved: 'C:\Users\29\Desktop\3y\_animation_tools\renders\KunaiThrow\frame_0007.png'
00:09.953  render           | Saved: 'C:\Users\29\Desktop\3y\_animation_tools\renders\KunaiThrow\frame_0009.png'
00:10.000  render           | Saved: 'C:\Users\29\Desktop\3y\_animation_tools\renders\KunaiThrow\frame_0011.png'
00:10.047  render           | Saved: 'C:\Users\29\Desktop\3y\_animation_tools\renders\KunaiThrow\frame_0013.png'
00:10.078  render           | Saved: 'C:\Users\29\Desktop\3y\_animation_tools\renders\KunaiThrow\frame_0015.png'
00:10.125  render           | Saved: 'C:\Users\29\Desktop\3y\_animation_tools\renders\KunaiThrow\frame_0017.png'
00:10.172  render           | Saved: 'C:\Users\29\Desktop\3y\_animation_tools\renders\KunaiThrow\frame_0019.png'
00:10.203  render           | Saved: 'C:\Users\29\Desktop\3y\_animation_tools\renders\KunaiThrow\frame_0021.png'
00:10.266  render           | Saved: 'C:\Users\29\Desktop\3y\_animation_tools\renders\KunaiThrow\frame_0023.png'
00:10.297  render           | Saved: 'C:\Users\29\Desktop\3y\_animation_tools\renders\KunaiThrow\frame_0025.png'
00:10.344  render           | Saved: 'C:\Users\29\Desktop\3y\_animation_tools\renders\KunaiThrow\frame_0027.png'
00:10.375  render           | Saved: 'C:\Users\29\Desktop\3y\_animation_tools\renders\KunaiThrow\frame_0029.png'
00:10.422  render           | Saved: 'C:\Users\29\Desktop\3y\_animation_tools\renders\KunaiThrow\frame_0031.png'
00:10.469  render           | Saved: 'C:\Users\29\Desktop\3y\_animation_tools\renders\KunaiThrow\frame_0033.png'
00:10.516  render           | Saved: 'C:\Users\29\Desktop\3y\_animation_tools\renders\KunaiThrow\frame_0035.png'
00:10.547  render           | Saved: 'C:\Users\29\Desktop\3y\_animation_tools\renders\KunaiThrow\frame_0037.png'
00:10.594  render           | Saved: 'C:\Users\29\Desktop\3y\_animation_tools\renders\KunaiThrow\frame_0039.png'
00:10.641  render           | Saved: 'C:\Users\29\Desktop\3y\_animation_tools\renders\KunaiThrow\frame_0041.png'
00:10.688  render           | Saved: 'C:\Users\29\Desktop\3y\_animation_tools\renders\KunaiThrow\frame_0043.png'
00:10.735  render           | Saved: 'C:\Users\29\Desktop\3y\_animation_tools\renders\KunaiThrow\frame_0045.png'
00:10.766  render           | Saved: 'C:\Users\29\Desktop\3y\_animation_tools\renders\KunaiThrow\frame_0047.png'
00:10.813  render           | Saved: 'C:\Users\29\Desktop\3y\_animation_tools\renders\KunaiThrow\frame_0049.png'
00:10.844  render           | Saved: 'C:\Users\29\Desktop\3y\_animation_tools\renders\KunaiThrow\frame_0051.png'
00:10.891  render           | Saved: 'C:\Users\29\Desktop\3y\_animation_tools\renders\KunaiThrow\frame_0053.png'
00:10.938  render           | Saved: 'C:\Users\29\Desktop\3y\_animation_tools\renders\KunaiThrow\frame_0055.png'
00:10.985  render           | Saved: 'C:\Users\29\Desktop\3y\_animation_tools\renders\KunaiThrow\frame_0057.png'
00:11.031  render           | Saved: 'C:\Users\29\Desktop\3y\_animation_tools\renders\KunaiThrow\frame_0059.png'
00:11.063  render           | Saved: 'C:\Users\29\Desktop\3y\_animation_tools\renders\KunaiThrow\frame_0061.png'
00:11.110  render           | Saved: 'C:\Users\29\Desktop\3y\_animation_tools\renders\KunaiThrow\frame_0063.png'
00:11.141  render           | Saved: 'C:\Users\29\Desktop\3y\_animation_tools\renders\KunaiThrow\frame_0065.png'
00:11.188  render           | Saved: 'C:\Users\29\Desktop\3y\_animation_tools\renders\KunaiThrow\frame_0067.png'
00:11.235  render           | Saved: 'C:\Users\29\Desktop\3y\_animation_tools\renders\KunaiThrow\frame_0069.png'
00:11.266  render           | Saved: 'C:\Users\29\Desktop\3y\_animation_tools\renders\KunaiThrow\frame_0071.png'
00:11.313  render           | Saved: 'C:\Users\29\Desktop\3y\_animation_tools\renders\KunaiThrow\frame_0073.png'
00:11.360  render           | Saved: 'C:\Users\29\Desktop\3y\_animation_tools\renders\KunaiThrow\frame_0075.png'
00:11.438  render           | Saved: 'C:\Users\29\Desktop\3y\_animation_tools\renders\Teleport\frame_0001.png'
00:11.485  render           | Saved: 'C:\Users\29\Desktop\3y\_animation_tools\renders\Teleport\frame_0003.png'
00:11.516  render           | Saved: 'C:\Users\29\Desktop\3y\_animation_tools\renders\Teleport\frame_0005.png'
00:11.563  render           | Saved: 'C:\Users\29\Desktop\3y\_animation_tools\renders\Teleport\frame_0007.png'
00:11.610  render           | Saved: 'C:\Users\29\Desktop\3y\_animation_tools\renders\Teleport\frame_0009.png'
00:11.641  render           | Saved: 'C:\Users\29\Desktop\3y\_animation_tools\renders\Teleport\frame_0011.png'
00:11.688  render           | Saved: 'C:\Users\29\Desktop\3y\_animation_tools\renders\Teleport\frame_0013.png'
00:11.735  render           | Saved: 'C:\Users\29\Desktop\3y\_animation_tools\renders\Teleport\frame_0015.png'
00:11.766  render           | Saved: 'C:\Users\29\Desktop\3y\_animation_tools\renders\Teleport\frame_0017.png'
00:11.813  render           | Saved: 'C:\Users\29\Desktop\3y\_animation_tools\renders\Teleport\frame_0019.png'
00:11.844  render           | Saved: 'C:\Users\29\Desktop\3y\_animation_tools\renders\Teleport\frame_0021.png'
00:11.938  render           | Saved: 'C:\Users\29\Desktop\3y\_animation_tools\renders\Draw\frame_0001.png'
00:11.969  render           | Saved: 'C:\Users\29\Desktop\3y\_animation_tools\renders\Draw\frame_0003.png'
00:12.016  render           | Saved: 'C:\Users\29\Desktop\3y\_animation_tools\renders\Draw\frame_0005.png'
00:12.063  render           | Saved: 'C:\Users\29\Desktop\3y\_animation_tools\renders\Draw\frame_0007.png'
00:12.094  render           | Saved: 'C:\Users\29\Desktop\3y\_animation_tools\renders\Draw\frame_0009.png'
00:12.141  render           | Saved: 'C:\Users\29\Desktop\3y\_animation_tools\renders\Draw\frame_0011.png'
00:12.172  render           | Saved: 'C:\Users\29\Desktop\3y\_animation_tools\renders\Draw\frame_0013.png'
00:12.219  render           | Saved: 'C:\Users\29\Desktop\3y\_animation_tools\renders\Draw\frame_0015.png'
00:12.266  render           | Saved: 'C:\Users\29\Desktop\3y\_animation_tools\renders\Draw\frame_0017.png'
00:12.328  render           | Saved: 'C:\Users\29\Desktop\3y\_animation_tools\renders\Draw\frame_0019.png'
00:12.360  render           | Saved: 'C:\Users\29\Desktop\3y\_animation_tools\renders\Draw\frame_0021.png'
00:12.406  render           | Saved: 'C:\Users\29\Desktop\3y\_animation_tools\renders\Draw\frame_0023.png'
00:12.438  render           | Saved: 'C:\Users\29\Desktop\3y\_animation_tools\renders\Draw\frame_0025.png'
00:12.485  render           | Saved: 'C:\Users\29\Desktop\3y\_animation_tools\renders\Draw\frame_0027.png'
00:12.531  render           | Saved: 'C:\Users\29\Desktop\3y\_animation_tools\renders\Draw\frame_0029.png'
00:12.563  render           | Saved: 'C:\Users\29\Desktop\3y\_animation_tools\renders\Draw\frame_0031.png'
00:12.610  render           | Saved: 'C:\Users\29\Desktop\3y\_animation_tools\renders\Draw\frame_0033.png'
00:12.641  render           | Saved: 'C:\Users\29\Desktop\3y\_animation_tools\renders\Draw\frame_0035.png'
00:12.688  render           | Saved: 'C:\Users\29\Desktop\3y\_animation_tools\renders\Draw\frame_0037.png'
00:12.735  render           | Saved: 'C:\Users\29\Desktop\3y\_animation_tools\renders\Draw\frame_0039.png'
00:12.781  render           | Saved: 'C:\Users\29\Desktop\3y\_animation_tools\renders\Draw\frame_0041.png'
00:12.828  render           | Saved: 'C:\Users\29\Desktop\3y\_animation_tools\renders\Draw\frame_0043.png'
00:12.860  render           | Saved: 'C:\Users\29\Desktop\3y\_animation_tools\renders\Draw\frame_0045.png'
00:12.906  render           | Saved: 'C:\Users\29\Desktop\3y\_animation_tools\renders\Draw\frame_0047.png'
00:12.938  render           | Saved: 'C:\Users\29\Desktop\3y\_animation_tools\renders\Draw\frame_0049.png'
00:12.985  render           | Saved: 'C:\Users\29\Desktop\3y\_animation_tools\renders\Draw\frame_0051.png'
00:13.031  render           | Saved: 'C:\Users\29\Desktop\3y\_animation_tools\renders\Draw\frame_0053.png'
00:13.078  render           | Saved: 'C:\Users\29\Desktop\3y\_animation_tools\renders\Draw\frame_0055.png'
00:13.110  render           | Saved: 'C:\Users\29\Desktop\3y\_animation_tools\renders\Draw\frame_0057.png'
00:13.156  render           | Saved: 'C:\Users\29\Desktop\3y\_animation_tools\renders\Draw\frame_0059.png'
00:13.188  render           | Saved: 'C:\Users\29\Desktop\3y\_animation_tools\renders\Draw\frame_0061.png'
00:13.235  render           | Saved: 'C:\Users\29\Desktop\3y\_animation_tools\renders\Draw\frame_0063.png'
00:13.281  render           | Saved: 'C:\Users\29\Desktop\3y\_animation_tools\renders\Draw\frame_0065.png'
00:13.328  render           | Saved: 'C:\Users\29\Desktop\3y\_animation_tools\renders\Draw\frame_0067.png'
00:13.375  render           | Saved: 'C:\Users\29\Desktop\3y\_animation_tools\renders\Draw\frame_0069.png'
00:13.406  render           | Saved: 'C:\Users\29\Desktop\3y\_animation_tools\renders\Draw\frame_0071.png'
00:13.453  render           | Saved: 'C:\Users\29\Desktop\3y\_animation_tools\renders\Draw\frame_0073.png'
00:13.500  render           | Saved: 'C:\Users\29\Desktop\3y\_animation_tools\renders\Draw\frame_0075.png'
00:13.547  render           | Saved: 'C:\Users\29\Desktop\3y\_animation_tools\renders\Draw\frame_0077.png'
00:13.578  render           | Saved: 'C:\Users\29\Desktop\3y\_animation_tools\renders\Draw\frame_0079.png'
00:13.625  render           | Saved: 'C:\Users\29\Desktop\3y\_animation_tools\renders\Draw\frame_0081.png'
00:13.672  render           | Saved: 'C:\Users\29\Desktop\3y\_animation_tools\renders\Draw\frame_0083.png'
00:13.719  render           | Saved: 'C:\Users\29\Desktop\3y\_animation_tools\renders\Draw\frame_0085.png'
00:13.750  render           | Saved: 'C:\Users\29\Desktop\3y\_animation_tools\renders\Draw\frame_0087.png'
00:13.797  render           | Saved: 'C:\Users\29\Desktop\3y\_animation_tools\renders\Draw\frame_0089.png'
00:13.844  render           | Saved: 'C:\Users\29\Desktop\3y\_animation_tools\renders\Draw\frame_0091.png'
00:13.875  render           | Saved: 'C:\Users\29\Desktop\3y\_animation_tools\renders\Draw\frame_0093.png'
00:13.985  render           | Saved: 'C:\Users\29\Desktop\3y\_animation_tools\renders\Ryunochi\frame_0001.png'
00:14.031  render           | Saved: 'C:\Users\29\Desktop\3y\_animation_tools\renders\Ryunochi\frame_0003.png'
00:14.063  render           | Saved: 'C:\Users\29\Desktop\3y\_animation_tools\renders\Ryunochi\frame_0005.png'
00:14.110  render           | Saved: 'C:\Users\29\Desktop\3y\_animation_tools\renders\Ryunochi\frame_0007.png'
00:14.156  render           | Saved: 'C:\Users\29\Desktop\3y\_animation_tools\renders\Ryunochi\frame_0009.png'
00:14.219  render           | Saved: 'C:\Users\29\Desktop\3y\_animation_tools\renders\Ryunochi\frame_0011.png'
00:14.250  render           | Saved: 'C:\Users\29\Desktop\3y\_animation_tools\renders\Ryunochi\frame_0013.png'
00:14.297  render           | Saved: 'C:\Users\29\Desktop\3y\_animation_tools\renders\Ryunochi\frame_0015.png'
00:14.344  render           | Saved: 'C:\Users\29\Desktop\3y\_animation_tools\renders\Ryunochi\frame_0017.png'
00:14.375  render           | Saved: 'C:\Users\29\Desktop\3y\_animation_tools\renders\Ryunochi\frame_0019.png'
00:14.422  render           | Saved: 'C:\Users\29\Desktop\3y\_animation_tools\renders\Ryunochi\frame_0021.png'
00:14.469  render           | Saved: 'C:\Users\29\Desktop\3y\_animation_tools\renders\Ryunochi\frame_0023.png'
00:14.500  render           | Saved: 'C:\Users\29\Desktop\3y\_animation_tools\renders\Ryunochi\frame_0025.png'
00:14.547  render           | Saved: 'C:\Users\29\Desktop\3y\_animation_tools\renders\Ryunochi\frame_0027.png'
00:14.578  render           | Saved: 'C:\Users\29\Desktop\3y\_animation_tools\renders\Ryunochi\frame_0029.png'
00:14.625  render           | Saved: 'C:\Users\29\Desktop\3y\_animation_tools\renders\Ryunochi\frame_0031.png'
00:14.672  render           | Saved: 'C:\Users\29\Desktop\3y\_animation_tools\renders\Ryunochi\frame_0033.png'
00:14.703  render           | Saved: 'C:\Users\29\Desktop\3y\_animation_tools\renders\Ryunochi\frame_0035.png'
00:14.750  render           | Saved: 'C:\Users\29\Desktop\3y\_animation_tools\renders\Ryunochi\frame_0037.png'
00:14.797  render           | Saved: 'C:\Users\29\Desktop\3y\_animation_tools\renders\Ryunochi\frame_0039.png'
00:14.844  render           | Saved: 'C:\Users\29\Desktop\3y\_animation_tools\renders\Ryunochi\frame_0041.png'
00:14.875  render           | Saved: 'C:\Users\29\Desktop\3y\_animation_tools\renders\Ryunochi\frame_0043.png'
00:14.922  render           | Saved: 'C:\Users\29\Desktop\3y\_animation_tools\renders\Ryunochi\frame_0045.png'
00:14.969  render           | Saved: 'C:\Users\29\Desktop\3y\_animation_tools\renders\Ryunochi\frame_0047.png'
00:15.016  render           | Saved: 'C:\Users\29\Desktop\3y\_animation_tools\renders\Ryunochi\frame_0049.png'
00:15.047  render           | Saved: 'C:\Users\29\Desktop\3y\_animation_tools\renders\Ryunochi\frame_0051.png'
00:15.094  render           | Saved: 'C:\Users\29\Desktop\3y\_animation_tools\renders\Ryunochi\frame_0053.png'
00:15.141  render           | Saved: 'C:\Users\29\Desktop\3y\_animation_tools\renders\Ryunochi\frame_0055.png'
00:15.172  render           | Saved: 'C:\Users\29\Desktop\3y\_animation_tools\renders\Ryunochi\frame_0057.png'
00:15.219  render           | Saved: 'C:\Users\29\Desktop\3y\_animation_tools\renders\Ryunochi\frame_0059.png'
00:15.266  render           | Saved: 'C:\Users\29\Desktop\3y\_animation_tools\renders\Ryunochi\frame_0061.png'
00:15.313  render           | Saved: 'C:\Users\29\Desktop\3y\_animation_tools\renders\Ryunochi\frame_0063.png'
00:15.344  render           | Saved: 'C:\Users\29\Desktop\3y\_animation_tools\renders\Ryunochi\frame_0065.png'
00:15.391  render           | Saved: 'C:\Users\29\Desktop\3y\_animation_tools\renders\Ryunochi\frame_0067.png'
00:15.422  render           | Saved: 'C:\Users\29\Desktop\3y\_animation_tools\renders\Ryunochi\frame_0069.png'
00:15.469  render           | Saved: 'C:\Users\29\Desktop\3y\_animation_tools\renders\Ryunochi\frame_0071.png'
00:15.516  render           | Saved: 'C:\Users\29\Desktop\3y\_animation_tools\renders\Ryunochi\frame_0073.png'
00:15.547  render           | Saved: 'C:\Users\29\Desktop\3y\_animation_tools\renders\Ryunochi\frame_0075.png'
00:15.594  render           | Saved: 'C:\Users\29\Desktop\3y\_animation_tools\renders\Ryunochi\frame_0077.png'
00:15.641  render           | Saved: 'C:\Users\29\Desktop\3y\_animation_tools\renders\Ryunochi\frame_0079.png'
00:15.688  render           | Saved: 'C:\Users\29\Desktop\3y\_animation_tools\renders\Ryunochi\frame_0081.png'
00:15.735  render           | Saved: 'C:\Users\29\Desktop\3y\_animation_tools\renders\Ryunochi\frame_0083.png'
00:15.766  render           | Saved: 'C:\Users\29\Desktop\3y\_animation_tools\renders\Ryunochi\frame_0085.png'
00:15.813  render           | Saved: 'C:\Users\29\Desktop\3y\_animation_tools\renders\Ryunochi\frame_0087.png'
00:15.844  render           | Saved: 'C:\Users\29\Desktop\3y\_animation_tools\renders\Ryunochi\frame_0089.png'
00:15.891  render           | Saved: 'C:\Users\29\Desktop\3y\_animation_tools\renders\Ryunochi\frame_0091.png'
00:15.938  render           | Saved: 'C:\Users\29\Desktop\3y\_animation_tools\renders\Ryunochi\frame_0093.png'
00:15.969  render           | Saved: 'C:\Users\29\Desktop\3y\_animation_tools\renders\Ryunochi\frame_0095.png'
00:16.016  render           | Saved: 'C:\Users\29\Desktop\3y\_animation_tools\renders\Ryunochi\frame_0097.png'
00:16.047  render           | Saved: 'C:\Users\29\Desktop\3y\_animation_tools\renders\Ryunochi\frame_0099.png'
00:16.094  render           | Saved: 'C:\Users\29\Desktop\3y\_animation_tools\renders\Ryunochi\frame_0101.png'
00:16.141  render           | Saved: 'C:\Users\29\Desktop\3y\_animation_tools\renders\Ryunochi\frame_0103.png'
00:16.172  render           | Saved: 'C:\Users\29\Desktop\3y\_animation_tools\renders\Ryunochi\frame_0105.png'
00:16.219  render           | Saved: 'C:\Users\29\Desktop\3y\_animation_tools\renders\Ryunochi\frame_0107.png'
00:16.266  render           | Saved: 'C:\Users\29\Desktop\3y\_animation_tools\renders\Ryunochi\frame_0109.png'
00:16.313  render           | Saved: 'C:\Users\29\Desktop\3y\_animation_tools\renders\Ryunochi\frame_0111.png'
00:16.344  render           | Saved: 'C:\Users\29\Desktop\3y\_animation_tools\renders\Ryunochi\frame_0113.png'
FBX version: 7400
FBX version: 7400
FBX version: 7400
FBX version: 7400
FBX version: 7400
FBX version: 7400
FBX version: 7400
FBX version: 7400
FBX version: 7400
FBX version: 7400
FBX version: 7400
RESULTS {'Idle': {'max_error_m': 1.1324882507324219e-05, 'pass': True}, 'Attack1': {'max_error_m': 1.1205673217773438e-05, 'pass': True}, 'Attack2': {'max_error_m': 1.0967254638671875e-05, 'pass': True}, 'Attack3': {'max_error_m': 1.0967254638671875e-05, 'pass': True}, 'BlockIn': {'max_error_m': 1.2159347534179688e-05, 'pass': True}, 'BlockHold': {'max_error_m': 7.3909759521484375e-06, 'pass': True}, 'BlockOut': {'max_error_m': 1.4126300811767578e-05, 'pass': True}, 'KunaiThrow': {'max_error_m': 4.303455352783203e-05, 'pass': True}, 'Teleport': {'max_error_m': 1.1682510375976562e-05, 'pass': True}, 'Draw': {'max_error_m': 1.2069940567016602e-05, 'pass': True}, 'Ryunochi': {'max_error_m': 1.3709068298339844e-05, 'pass': True}}
Blender 5.2.1 LTS (hash 9e2066aef7ef built 2026-08-25 02:38:20)

Blender quit
