00:00.359  blend            | Read blend: "C:\Users\29\Desktop\3y\Wakizashi_3P.blend"
00:03.172  render           | Saved: 'C:\Users\29\Desktop\3y\_animation_tools\renders\Idle\frame_0001.png'
00:03.218  render           | Saved: 'C:\Users\29\Desktop\3y\_animation_tools\renders\Idle\frame_0003.png'
00:03.250  render           | Saved: 'C:\Users\29\Desktop\3y\_animation_tools\renders\Idle\frame_0005.png'
00:03.297  render           | Saved: 'C:\Users\29\Desktop\3y\_animation_tools\renders\Idle\frame_0007.png'
00:03.328  render           | Saved: 'C:\Users\29\Desktop\3y\_animation_tools\renders\Idle\frame_0009.png'
00:03.359  render           | Saved: 'C:\Users\29\Desktop\3y\_animation_tools\renders\Idle\frame_0011.png'
00:03.390  render           | Saved: 'C:\Users\29\Desktop\3y\_animation_tools\renders\Idle\frame_0013.png'
00:03.437  render           | Saved: 'C:\Users\29\Desktop\3y\_animation_tools\renders\Idle\frame_0015.png'
00:03.468  render           | Saved: 'C:\Users\29\Desktop\3y\_animation_tools\renders\Idle\frame_0017.png'
00:03.500  render           | Saved: 'C:\Users\29\Desktop\3y\_animation_tools\renders\Idle\frame_0019.png'
00:03.547  render           | Saved: 'C:\Users\29\Desktop\3y\_animation_tools\renders\Idle\frame_0021.png'
00:03.578  render           | Saved: 'C:\Users\29\Desktop\3y\_animation_tools\renders\Idle\frame_0023.png'
00:03.625  render           | Saved: 'C:\Users\29\Desktop\3y\_animation_tools\renders\Idle\frame_0025.png'
00:03.656  render           | Saved: 'C:\Users\29\Desktop\3y\_animation_tools\renders\Idle\frame_0027.png'
00:03.687  render           | Saved: 'C:\Users\29\Desktop\3y\_animation_tools\renders\Idle\frame_0029.png'
00:03.718  render           | Saved: 'C:\Users\29\Desktop\3y\_animation_tools\renders\Idle\frame_0031.png'
00:03.765  render           | Saved: 'C:\Users\29\Desktop\3y\_animation_tools\renders\Idle\frame_0033.png'
00:03.797  render           | Saved: 'C:\Users\29\Desktop\3y\_animation_tools\renders\Idle\frame_0035.png'
00:03.828  render           | Saved: 'C:\Users\29\Desktop\3y\_animation_tools\renders\Idle\frame_0037.png'
00:03.859  render           | Saved: 'C:\Users\29\Desktop\3y\_animation_tools\renders\Idle\frame_0039.png'
00:03.890  render           | Saved: 'C:\Users\29\Desktop\3y\_animation_tools\renders\Idle\frame_0041.png'
00:03.937  render           | Saved: 'C:\Users\29\Desktop\3y\_animation_tools\renders\Idle\frame_0043.png'
00:03.968  render           | Saved: 'C:\Users\29\Desktop\3y\_animation_tools\renders\Idle\frame_0045.png'
00:04.000  render           | Saved: 'C:\Users\29\Desktop\3y\_animation_tools\renders\Idle\frame_0047.png'
00:04.031  render           | Saved: 'C:\Users\29\Desktop\3y\_animation_tools\renders\Idle\frame_0049.png'
00:04.062  render           | Saved: 'C:\Users\29\Desktop\3y\_animation_tools\renders\Idle\frame_0051.png'
00:04.093  render           | Saved: 'C:\Users\29\Desktop\3y\_animation_tools\renders\Idle\frame_0053.png'
00:04.140  render           | Saved: 'C:\Users\29\Desktop\3y\_animation_tools\renders\Idle\frame_0055.png'
00:04.172  render           | Saved: 'C:\Users\29\Desktop\3y\_animation_tools\renders\Idle\frame_0057.png'
00:04.218  render           | Saved: 'C:\Users\29\Desktop\3y\_animation_tools\renders\Idle\frame_0059.png'
00:04.250  render           | Saved: 'C:\Users\29\Desktop\3y\_animation_tools\renders\Idle\frame_0061.png'
00:04.343  render           | Saved: 'C:\Users\29\Desktop\3y\_animation_tools\renders\Attack1\frame_0001.png'
00:04.375  render           | Saved: 'C:\Users\29\Desktop\3y\_animation_tools\renders\Attack1\frame_0003.png'
00:04.406  render           | Saved: 'C:\Users\29\Desktop\3y\_animation_tools\renders\Attack1\frame_0005.png'
00:04.453  render           | Saved: 'C:\Users\29\Desktop\3y\_animation_tools\renders\Attack1\frame_0007.png'
00:04.484  render           | Saved: 'C:\Users\29\Desktop\3y\_animation_tools\renders\Attack1\frame_0009.png'
00:04.515  render           | Saved: 'C:\Users\29\Desktop\3y\_animation_tools\renders\Attack1\frame_0011.png'
00:04.562  render           | Saved: 'C:\Users\29\Desktop\3y\_animation_tools\renders\Attack1\frame_0013.png'
00:04.593  render           | Saved: 'C:\Users\29\Desktop\3y\_animation_tools\renders\Attack1\frame_0015.png'
00:04.625  render           | Saved: 'C:\Users\29\Desktop\3y\_animation_tools\renders\Attack1\frame_0017.png'
00:04.672  render           | Saved: 'C:\Users\29\Desktop\3y\_animation_tools\renders\Attack1\frame_0019.png'
00:04.703  render           | Saved: 'C:\Users\29\Desktop\3y\_animation_tools\renders\Attack1\frame_0021.png'
00:04.734  render           | Saved: 'C:\Users\29\Desktop\3y\_animation_tools\renders\Attack1\frame_0023.png'
00:04.765  render           | Saved: 'C:\Users\29\Desktop\3y\_animation_tools\renders\Attack1\frame_0025.png'
00:04.797  render           | Saved: 'C:\Users\29\Desktop\3y\_animation_tools\renders\Attack1\frame_0027.png'
00:04.843  render           | Saved: 'C:\Users\29\Desktop\3y\_animation_tools\renders\Attack1\frame_0029.png'
00:04.875  render           | Saved: 'C:\Users\29\Desktop\3y\_animation_tools\renders\Attack1\frame_0031.png'
00:04.922  render           | Saved: 'C:\Users\29\Desktop\3y\_animation_tools\renders\Attack1\frame_0033.png'
00:04.953  render           | Saved: 'C:\Users\29\Desktop\3y\_animation_tools\renders\Attack1\frame_0035.png'
00:05.000  render           | Saved: 'C:\Users\29\Desktop\3y\_animation_tools\renders\Attack1\frame_0037.png'
00:05.031  render           | Saved: 'C:\Users\29\Desktop\3y\_animation_tools\renders\Attack1\frame_0039.png'
00:05.078  render           | Saved: 'C:\Users\29\Desktop\3y\_animation_tools\renders\Attack1\frame_0041.png'
00:05.109  render           | Saved: 'C:\Users\29\Desktop\3y\_animation_tools\renders\Attack1\frame_0043.png'
00:05.156  render           | Saved: 'C:\Users\29\Desktop\3y\_animation_tools\renders\Attack1\frame_0045.png'
00:05.187  render           | Saved: 'C:\Users\29\Desktop\3y\_animation_tools\renders\Attack1\frame_0047.png'
00:05.234  render           | Saved: 'C:\Users\29\Desktop\3y\_animation_tools\renders\Attack1\frame_0049.png'
00:05.265  render           | Saved: 'C:\Users\29\Desktop\3y\_animation_tools\renders\Attack1\frame_0051.png'
00:05.297  render           | Saved: 'C:\Users\29\Desktop\3y\_animation_tools\renders\Attack1\frame_0053.png'
00:05.343  render           | Saved: 'C:\Users\29\Desktop\3y\_animation_tools\renders\Attack1\frame_0055.png'
00:05.390  render           | Saved: 'C:\Users\29\Desktop\3y\_animation_tools\renders\Attack1\frame_0057.png'
00:05.422  render           | Saved: 'C:\Users\29\Desktop\3y\_animation_tools\renders\Attack1\frame_0059.png'
00:05.453  render           | Saved: 'C:\Users\29\Desktop\3y\_animation_tools\renders\Attack1\frame_0061.png'
00:05.500  render           | Saved: 'C:\Users\29\Desktop\3y\_animation_tools\renders\Attack1\frame_0063.png'
00:05.578  render           | Saved: 'C:\Users\29\Desktop\3y\_animation_tools\renders\Attack2\frame_0001.png'
00:05.625  render           | Saved: 'C:\Users\29\Desktop\3y\_animation_tools\renders\Attack2\frame_0003.png'
00:05.672  render           | Saved: 'C:\Users\29\Desktop\3y\_animation_tools\renders\Attack2\frame_0005.png'
00:05.703  render           | Saved: 'C:\Users\29\Desktop\3y\_animation_tools\renders\Attack2\frame_0007.png'
00:05.734  render           | Saved: 'C:\Users\29\Desktop\3y\_animation_tools\renders\Attack2\frame_0009.png'
00:05.781  render           | Saved: 'C:\Users\29\Desktop\3y\_animation_tools\renders\Attack2\frame_0011.png'
00:05.812  render           | Saved: 'C:\Users\29\Desktop\3y\_animation_tools\renders\Attack2\frame_0013.png'
00:05.859  render           | Saved: 'C:\Users\29\Desktop\3y\_animation_tools\renders\Attack2\frame_0015.png'
00:05.890  render           | Saved: 'C:\Users\29\Desktop\3y\_animation_tools\renders\Attack2\frame_0017.png'
00:05.922  render           | Saved: 'C:\Users\29\Desktop\3y\_animation_tools\renders\Attack2\frame_0019.png'
00:05.968  render           | Saved: 'C:\Users\29\Desktop\3y\_animation_tools\renders\Attack2\frame_0021.png'
00:06.000  render           | Saved: 'C:\Users\29\Desktop\3y\_animation_tools\renders\Attack2\frame_0023.png'
00:06.031  render           | Saved: 'C:\Users\29\Desktop\3y\_animation_tools\renders\Attack2\frame_0025.png'
00:06.093  render           | Saved: 'C:\Users\29\Desktop\3y\_animation_tools\renders\Attack2\frame_0027.png'
00:06.140  render           | Saved: 'C:\Users\29\Desktop\3y\_animation_tools\renders\Attack2\frame_0029.png'
00:06.172  render           | Saved: 'C:\Users\29\Desktop\3y\_animation_tools\renders\Attack2\frame_0031.png'
00:06.218  render           | Saved: 'C:\Users\29\Desktop\3y\_animation_tools\renders\Attack2\frame_0033.png'
00:06.250  render           | Saved: 'C:\Users\29\Desktop\3y\_animation_tools\renders\Attack2\frame_0035.png'
00:06.297  render           | Saved: 'C:\Users\29\Desktop\3y\_animation_tools\renders\Attack2\frame_0037.png'
00:06.328  render           | Saved: 'C:\Users\29\Desktop\3y\_animation_tools\renders\Attack2\frame_0039.png'
00:06.375  render           | Saved: 'C:\Users\29\Desktop\3y\_animation_tools\renders\Attack2\frame_0041.png'
00:06.406  render           | Saved: 'C:\Users\29\Desktop\3y\_animation_tools\renders\Attack2\frame_0043.png'
00:06.437  render           | Saved: 'C:\Users\29\Desktop\3y\_animation_tools\renders\Attack2\frame_0045.png'
00:06.484  render           | Saved: 'C:\Users\29\Desktop\3y\_animation_tools\renders\Attack2\frame_0047.png'
00:06.531  render           | Saved: 'C:\Users\29\Desktop\3y\_animation_tools\renders\Attack2\frame_0049.png'
00:06.562  render           | Saved: 'C:\Users\29\Desktop\3y\_animation_tools\renders\Attack2\frame_0051.png'
00:06.609  render           | Saved: 'C:\Users\29\Desktop\3y\_animation_tools\renders\Attack2\frame_0053.png'
00:06.640  render           | Saved: 'C:\Users\29\Desktop\3y\_animation_tools\renders\Attack2\frame_0055.png'
00:06.687  render           | Saved: 'C:\Users\29\Desktop\3y\_animation_tools\renders\Attack2\frame_0057.png'
00:06.718  render           | Saved: 'C:\Users\29\Desktop\3y\_animation_tools\renders\Attack2\frame_0059.png'
00:06.765  render           | Saved: 'C:\Users\29\Desktop\3y\_animation_tools\renders\Attack2\frame_0061.png'
00:06.797  render           | Saved: 'C:\Users\29\Desktop\3y\_animation_tools\renders\Attack2\frame_0063.png'
00:06.906  render           | Saved: 'C:\Users\29\Desktop\3y\_animation_tools\renders\Attack3\frame_0001.png'
00:06.953  render           | Saved: 'C:\Users\29\Desktop\3y\_animation_tools\renders\Attack3\frame_0003.png'
00:07.000  render           | Saved: 'C:\Users\29\Desktop\3y\_animation_tools\renders\Attack3\frame_0005.png'
00:07.047  render           | Saved: 'C:\Users\29\Desktop\3y\_animation_tools\renders\Attack3\frame_0007.png'
00:07.093  render           | Saved: 'C:\Users\29\Desktop\3y\_animation_tools\renders\Attack3\frame_0009.png'
00:07.140  render           | Saved: 'C:\Users\29\Desktop\3y\_animation_tools\renders\Attack3\frame_0011.png'
00:07.172  render           | Saved: 'C:\Users\29\Desktop\3y\_animation_tools\renders\Attack3\frame_0013.png'
00:07.218  render           | Saved: 'C:\Users\29\Desktop\3y\_animation_tools\renders\Attack3\frame_0015.png'
00:07.265  render           | Saved: 'C:\Users\29\Desktop\3y\_animation_tools\renders\Attack3\frame_0017.png'
00:07.312  render           | Saved: 'C:\Users\29\Desktop\3y\_animation_tools\renders\Attack3\frame_0019.png'
00:07.343  render           | Saved: 'C:\Users\29\Desktop\3y\_animation_tools\renders\Attack3\frame_0021.png'
00:07.390  render           | Saved: 'C:\Users\29\Desktop\3y\_animation_tools\renders\Attack3\frame_0023.png'
00:07.437  render           | Saved: 'C:\Users\29\Desktop\3y\_animation_tools\renders\Attack3\frame_0025.png'
00:07.484  render           | Saved: 'C:\Users\29\Desktop\3y\_animation_tools\renders\Attack3\frame_0027.png'
00:07.531  render           | Saved: 'C:\Users\29\Desktop\3y\_animation_tools\renders\Attack3\frame_0029.png'
00:07.578  render           | Saved: 'C:\Users\29\Desktop\3y\_animation_tools\renders\Attack3\frame_0031.png'
00:07.625  render           | Saved: 'C:\Users\29\Desktop\3y\_animation_tools\renders\Attack3\frame_0033.png'
00:07.656  render           | Saved: 'C:\Users\29\Desktop\3y\_animation_tools\renders\Attack3\frame_0035.png'
00:07.703  render           | Saved: 'C:\Users\29\Desktop\3y\_animation_tools\renders\Attack3\frame_0037.png'
00:07.734  render           | Saved: 'C:\Users\29\Desktop\3y\_animation_tools\renders\Attack3\frame_0039.png'
00:07.781  render           | Saved: 'C:\Users\29\Desktop\3y\_animation_tools\renders\Attack3\frame_0041.png'
00:07.828  render           | Saved: 'C:\Users\29\Desktop\3y\_animation_tools\renders\Attack3\frame_0043.png'
00:07.859  render           | Saved: 'C:\Users\29\Desktop\3y\_animation_tools\renders\Attack3\frame_0045.png'
00:07.906  render           | Saved: 'C:\Users\29\Desktop\3y\_animation_tools\renders\Attack3\frame_0047.png'
00:07.937  render           | Saved: 'C:\Users\29\Desktop\3y\_animation_tools\renders\Attack3\frame_0049.png'
00:07.984  render           | Saved: 'C:\Users\29\Desktop\3y\_animation_tools\renders\Attack3\frame_0051.png'
00:08.031  render           | Saved: 'C:\Users\29\Desktop\3y\_animation_tools\renders\Attack3\frame_0053.png'
00:08.078  render           | Saved: 'C:\Users\29\Desktop\3y\_animation_tools\renders\Attack3\frame_0055.png'
00:08.109  render           | Saved: 'C:\Users\29\Desktop\3y\_animation_tools\renders\Attack3\frame_0057.png'
00:08.156  render           | Saved: 'C:\Users\29\Desktop\3y\_animation_tools\renders\Attack3\frame_0059.png'
00:08.203  render           | Saved: 'C:\Users\29\Desktop\3y\_animation_tools\renders\Attack3\frame_0061.png'
00:08.250  render           | Saved: 'C:\Users\29\Desktop\3y\_animation_tools\renders\Attack3\frame_0063.png'
00:08.297  render           | Saved: 'C:\Users\29\Desktop\3y\_animation_tools\renders\Attack3\frame_0065.png'
00:08.359  render           | Saved: 'C:\Users\29\Desktop\3y\_animation_tools\renders\Attack3\frame_0067.png'
00:08.390  render           | Saved: 'C:\Users\29\Desktop\3y\_animation_tools\renders\Attack3\frame_0069.png'
00:08.484  render           | Saved: 'C:\Users\29\Desktop\3y\_animation_tools\renders\BlockIn\frame_0001.png'
00:08.531  render           | Saved: 'C:\Users\29\Desktop\3y\_animation_tools\renders\BlockIn\frame_0003.png'
00:08.578  render           | Saved: 'C:\Users\29\Desktop\3y\_animation_tools\renders\BlockIn\frame_0005.png'
00:08.656  render           | Saved: 'C:\Users\29\Desktop\3y\_animation_tools\renders\BlockHold\frame_0001.png'
00:08.703  render           | Saved: 'C:\Users\29\Desktop\3y\_animation_tools\renders\BlockHold\frame_0003.png'
00:08.734  render           | Saved: 'C:\Users\29\Desktop\3y\_animation_tools\renders\BlockHold\frame_0005.png'
00:08.781  render           | Saved: 'C:\Users\29\Desktop\3y\_animation_tools\renders\BlockHold\frame_0007.png'
00:08.828  render           | Saved: 'C:\Users\29\Desktop\3y\_animation_tools\renders\BlockHold\frame_0009.png'
00:08.859  render           | Saved: 'C:\Users\29\Desktop\3y\_animation_tools\renders\BlockHold\frame_0011.png'
00:08.906  render           | Saved: 'C:\Users\29\Desktop\3y\_animation_tools\renders\BlockHold\frame_0013.png'
00:08.937  render           | Saved: 'C:\Users\29\Desktop\3y\_animation_tools\renders\BlockHold\frame_0015.png'
00:08.984  render           | Saved: 'C:\Users\29\Desktop\3y\_animation_tools\renders\BlockHold\frame_0017.png'
00:09.031  render           | Saved: 'C:\Users\29\Desktop\3y\_animation_tools\renders\BlockHold\frame_0019.png'
00:09.062  render           | Saved: 'C:\Users\29\Desktop\3y\_animation_tools\renders\BlockHold\frame_0021.png'
00:09.109  render           | Saved: 'C:\Users\29\Desktop\3y\_animation_tools\renders\BlockHold\frame_0023.png'
00:09.156  render           | Saved: 'C:\Users\29\Desktop\3y\_animation_tools\renders\BlockHold\frame_0025.png'
00:09.203  render           | Saved: 'C:\Users\29\Desktop\3y\_animation_tools\renders\BlockHold\frame_0027.png'
00:09.234  render           | Saved: 'C:\Users\29\Desktop\3y\_animation_tools\renders\BlockHold\frame_0029.png'
00:09.281  render           | Saved: 'C:\Users\29\Desktop\3y\_animation_tools\renders\BlockHold\frame_0031.png'
00:09.359  render           | Saved: 'C:\Users\29\Desktop\3y\_animation_tools\renders\BlockOut\frame_0001.png'
00:09.406  render           | Saved: 'C:\Users\29\Desktop\3y\_animation_tools\renders\BlockOut\frame_0003.png'
00:09.437  render           | Saved: 'C:\Users\29\Desktop\3y\_animation_tools\renders\BlockOut\frame_0005.png'
00:09.562  render           | Saved: 'C:\Users\29\Desktop\3y\_animation_tools\renders\KunaiThrow\frame_0001.png'
00:09.609  render           | Saved: 'C:\Users\29\Desktop\3y\_animation_tools\renders\KunaiThrow\frame_0003.png'
00:09.640  render           | Saved: 'C:\Users\29\Desktop\3y\_animation_tools\renders\KunaiThrow\frame_0005.png'
00:09.687  render           | Saved: 'C:\Users\29\Desktop\3y\_animation_tools\renders\KunaiThrow\frame_0007.png'
00:09.734  render           | Saved: 'C:\Users\29\Desktop\3y\_animation_tools\renders\KunaiThrow\frame_0009.png'
00:09.765  render           | Saved: 'C:\Users\29\Desktop\3y\_animation_tools\renders\KunaiThrow\frame_0011.png'
00:09.812  render           | Saved: 'C:\Users\29\Desktop\3y\_animation_tools\renders\KunaiThrow\frame_0013.png'
00:09.843  render           | Saved: 'C:\Users\29\Desktop\3y\_animation_tools\renders\KunaiThrow\frame_0015.png'
00:09.890  render           | Saved: 'C:\Users\29\Desktop\3y\_animation_tools\renders\KunaiThrow\frame_0017.png'
00:09.922  render           | Saved: 'C:\Users\29\Desktop\3y\_animation_tools\renders\KunaiThrow\frame_0019.png'
00:09.968  render           | Saved: 'C:\Users\29\Desktop\3y\_animation_tools\renders\KunaiThrow\frame_0021.png'
00:10.015  render           | Saved: 'C:\Users\29\Desktop\3y\_animation_tools\renders\KunaiThrow\frame_0023.png'
00:10.062  render           | Saved: 'C:\Users\29\Desktop\3y\_animation_tools\renders\KunaiThrow\frame_0025.png'
00:10.093  render           | Saved: 'C:\Users\29\Desktop\3y\_animation_tools\renders\KunaiThrow\frame_0027.png'
00:10.140  render           | Saved: 'C:\Users\29\Desktop\3y\_animation_tools\renders\KunaiThrow\frame_0029.png'
00:10.187  render           | Saved: 'C:\Users\29\Desktop\3y\_animation_tools\renders\KunaiThrow\frame_0031.png'
00:10.234  render           | Saved: 'C:\Users\29\Desktop\3y\_animation_tools\renders\KunaiThrow\frame_0033.png'
00:10.265  render           | Saved: 'C:\Users\29\Desktop\3y\_animation_tools\renders\KunaiThrow\frame_0035.png'
00:10.312  render           | Saved: 'C:\Users\29\Desktop\3y\_animation_tools\renders\KunaiThrow\frame_0037.png'
00:10.359  render           | Saved: 'C:\Users\29\Desktop\3y\_animation_tools\renders\KunaiThrow\frame_0039.png'
00:10.390  render           | Saved: 'C:\Users\29\Desktop\3y\_animation_tools\renders\KunaiThrow\frame_0041.png'
00:10.437  render           | Saved: 'C:\Users\29\Desktop\3y\_animation_tools\renders\KunaiThrow\frame_0043.png'
00:10.468  render           | Saved: 'C:\Users\29\Desktop\3y\_animation_tools\renders\KunaiThrow\frame_0045.png'
00:10.515  render           | Saved: 'C:\Users\29\Desktop\3y\_animation_tools\renders\KunaiThrow\frame_0047.png'
00:10.562  render           | Saved: 'C:\Users\29\Desktop\3y\_animation_tools\renders\KunaiThrow\frame_0049.png'
00:10.609  render           | Saved: 'C:\Users\29\Desktop\3y\_animation_tools\renders\KunaiThrow\frame_0051.png'
00:10.640  render           | Saved: 'C:\Users\29\Desktop\3y\_animation_tools\renders\KunaiThrow\frame_0053.png'
00:10.687  render           | Saved: 'C:\Users\29\Desktop\3y\_animation_tools\renders\KunaiThrow\frame_0055.png'
00:10.734  render           | Saved: 'C:\Users\29\Desktop\3y\_animation_tools\renders\KunaiThrow\frame_0057.png'
00:10.765  render           | Saved: 'C:\Users\29\Desktop\3y\_animation_tools\renders\KunaiThrow\frame_0059.png'
00:10.812  render           | Saved: 'C:\Users\29\Desktop\3y\_animation_tools\renders\KunaiThrow\frame_0061.png'
00:10.843  render           | Saved: 'C:\Users\29\Desktop\3y\_animation_tools\renders\KunaiThrow\frame_0063.png'
00:10.890  render           | Saved: 'C:\Users\29\Desktop\3y\_animation_tools\renders\KunaiThrow\frame_0065.png'
00:10.922  render           | Saved: 'C:\Users\29\Desktop\3y\_animation_tools\renders\KunaiThrow\frame_0067.png'
00:10.968  render           | Saved: 'C:\Users\29\Desktop\3y\_animation_tools\renders\KunaiThrow\frame_0069.png'
00:11.015  render           | Saved: 'C:\Users\29\Desktop\3y\_animation_tools\renders\KunaiThrow\frame_0071.png'
00:11.062  render           | Saved: 'C:\Users\29\Desktop\3y\_animation_tools\renders\KunaiThrow\frame_0073.png'
00:11.093  render           | Saved: 'C:\Users\29\Desktop\3y\_animation_tools\renders\KunaiThrow\frame_0075.png'
00:11.172  render           | Saved: 'C:\Users\29\Desktop\3y\_animation_tools\renders\Teleport\frame_0001.png'
00:11.218  render           | Saved: 'C:\Users\29\Desktop\3y\_animation_tools\renders\Teleport\frame_0003.png'
00:11.265  render           | Saved: 'C:\Users\29\Desktop\3y\_animation_tools\renders\Teleport\frame_0005.png'
00:11.297  render           | Saved: 'C:\Users\29\Desktop\3y\_animation_tools\renders\Teleport\frame_0007.png'
00:11.343  render           | Saved: 'C:\Users\29\Desktop\3y\_animation_tools\renders\Teleport\frame_0009.png'
00:11.390  render           | Saved: 'C:\Users\29\Desktop\3y\_animation_tools\renders\Teleport\frame_0011.png'
00:11.437  render           | Saved: 'C:\Users\29\Desktop\3y\_animation_tools\renders\Teleport\frame_0013.png'
00:11.468  render           | Saved: 'C:\Users\29\Desktop\3y\_animation_tools\renders\Teleport\frame_0015.png'
00:11.515  render           | Saved: 'C:\Users\29\Desktop\3y\_animation_tools\renders\Teleport\frame_0017.png'
00:11.562  render           | Saved: 'C:\Users\29\Desktop\3y\_animation_tools\renders\Teleport\frame_0019.png'
00:11.593  render           | Saved: 'C:\Users\29\Desktop\3y\_animation_tools\renders\Teleport\frame_0021.png'
00:11.703  render           | Saved: 'C:\Users\29\Desktop\3y\_animation_tools\renders\Draw\frame_0001.png'
00:11.734  render           | Saved: 'C:\Users\29\Desktop\3y\_animation_tools\renders\Draw\frame_0003.png'
00:11.781  render           | Saved: 'C:\Users\29\Desktop\3y\_animation_tools\renders\Draw\frame_0005.png'
00:11.828  render           | Saved: 'C:\Users\29\Desktop\3y\_animation_tools\renders\Draw\frame_0007.png'
00:11.890  render           | Saved: 'C:\Users\29\Desktop\3y\_animation_tools\renders\Draw\frame_0009.png'
00:11.937  render           | Saved: 'C:\Users\29\Desktop\3y\_animation_tools\renders\Draw\frame_0011.png'
00:11.968  render           | Saved: 'C:\Users\29\Desktop\3y\_animation_tools\renders\Draw\frame_0013.png'
00:12.015  render           | Saved: 'C:\Users\29\Desktop\3y\_animation_tools\renders\Draw\frame_0015.png'
00:12.062  render           | Saved: 'C:\Users\29\Desktop\3y\_animation_tools\renders\Draw\frame_0017.png'
00:12.109  render           | Saved: 'C:\Users\29\Desktop\3y\_animation_tools\renders\Draw\frame_0019.png'
00:12.140  render           | Saved: 'C:\Users\29\Desktop\3y\_animation_tools\renders\Draw\frame_0021.png'
00:12.187  render           | Saved: 'C:\Users\29\Desktop\3y\_animation_tools\renders\Draw\frame_0023.png'
00:12.234  render           | Saved: 'C:\Users\29\Desktop\3y\_animation_tools\renders\Draw\frame_0025.png'
00:12.265  render           | Saved: 'C:\Users\29\Desktop\3y\_animation_tools\renders\Draw\frame_0027.png'
00:12.312  render           | Saved: 'C:\Users\29\Desktop\3y\_animation_tools\renders\Draw\frame_0029.png'
00:12.359  render           | Saved: 'C:\Users\29\Desktop\3y\_animation_tools\renders\Draw\frame_0031.png'
00:12.406  render           | Saved: 'C:\Users\29\Desktop\3y\_animation_tools\renders\Draw\frame_0033.png'
00:12.453  render           | Saved: 'C:\Users\29\Desktop\3y\_animation_tools\renders\Draw\frame_0035.png'
00:12.500  render           | Saved: 'C:\Users\29\Desktop\3y\_animation_tools\renders\Draw\frame_0037.png'
00:12.531  render           | Saved: 'C:\Users\29\Desktop\3y\_animation_tools\renders\Draw\frame_0039.png'
00:12.578  render           | Saved: 'C:\Users\29\Desktop\3y\_animation_tools\renders\Draw\frame_0041.png'
00:12.625  render           | Saved: 'C:\Users\29\Desktop\3y\_animation_tools\renders\Draw\frame_0043.png'
00:12.672  render           | Saved: 'C:\Users\29\Desktop\3y\_animation_tools\renders\Draw\frame_0045.png'
00:12.703  render           | Saved: 'C:\Users\29\Desktop\3y\_animation_tools\renders\Draw\frame_0047.png'
00:12.750  render           | Saved: 'C:\Users\29\Desktop\3y\_animation_tools\renders\Draw\frame_0049.png'
00:12.797  render           | Saved: 'C:\Users\29\Desktop\3y\_animation_tools\renders\Draw\frame_0051.png'
00:12.843  render           | Saved: 'C:\Users\29\Desktop\3y\_animation_tools\renders\Draw\frame_0053.png'
00:12.890  render           | Saved: 'C:\Users\29\Desktop\3y\_animation_tools\renders\Draw\frame_0055.png'
00:12.922  render           | Saved: 'C:\Users\29\Desktop\3y\_animation_tools\renders\Draw\frame_0057.png'
00:12.968  render           | Saved: 'C:\Users\29\Desktop\3y\_animation_tools\renders\Draw\frame_0059.png'
00:13.015  render           | Saved: 'C:\Users\29\Desktop\3y\_animation_tools\renders\Draw\frame_0061.png'
00:13.062  render           | Saved: 'C:\Users\29\Desktop\3y\_animation_tools\renders\Draw\frame_0063.png'
00:13.109  render           | Saved: 'C:\Users\29\Desktop\3y\_animation_tools\renders\Draw\frame_0065.png'
00:13.140  render           | Saved: 'C:\Users\29\Desktop\3y\_animation_tools\renders\Draw\frame_0067.png'
00:13.187  render           | Saved: 'C:\Users\29\Desktop\3y\_animation_tools\renders\Draw\frame_0069.png'
00:13.234  render           | Saved: 'C:\Users\29\Desktop\3y\_animation_tools\renders\Draw\frame_0071.png'
00:13.265  render           | Saved: 'C:\Users\29\Desktop\3y\_animation_tools\renders\Draw\frame_0073.png'
00:13.312  render           | Saved: 'C:\Users\29\Desktop\3y\_animation_tools\renders\Draw\frame_0075.png'
00:13.359  render           | Saved: 'C:\Users\29\Desktop\3y\_animation_tools\renders\Draw\frame_0077.png'
00:13.406  render           | Saved: 'C:\Users\29\Desktop\3y\_animation_tools\renders\Draw\frame_0079.png'
00:13.437  render           | Saved: 'C:\Users\29\Desktop\3y\_animation_tools\renders\Draw\frame_0081.png'
00:13.484  render           | Saved: 'C:\Users\29\Desktop\3y\_animation_tools\renders\Draw\frame_0083.png'
00:13.531  render           | Saved: 'C:\Users\29\Desktop\3y\_animation_tools\renders\Draw\frame_0085.png'
00:13.562  render           | Saved: 'C:\Users\29\Desktop\3y\_animation_tools\renders\Draw\frame_0087.png'
00:13.609  render           | Saved: 'C:\Users\29\Desktop\3y\_animation_tools\renders\Draw\frame_0089.png'
00:13.656  render           | Saved: 'C:\Users\29\Desktop\3y\_animation_tools\renders\Draw\frame_0091.png'
00:13.703  render           | Saved: 'C:\Users\29\Desktop\3y\_animation_tools\renders\Draw\frame_0093.png'
00:13.812  render           | Saved: 'C:\Users\29\Desktop\3y\_animation_tools\renders\Ryunochi\frame_0001.png'
00:13.859  render           | Saved: 'C:\Users\29\Desktop\3y\_animation_tools\renders\Ryunochi\frame_0003.png'
00:13.890  render           | Saved: 'C:\Users\29\Desktop\3y\_animation_tools\renders\Ryunochi\frame_0005.png'
00:13.937  render           | Saved: 'C:\Users\29\Desktop\3y\_animation_tools\renders\Ryunochi\frame_0007.png'
00:13.968  render           | Saved: 'C:\Users\29\Desktop\3y\_animation_tools\renders\Ryunochi\frame_0009.png'
00:14.031  render           | Saved: 'C:\Users\29\Desktop\3y\_animation_tools\renders\Ryunochi\frame_0011.png'
00:14.062  render           | Saved: 'C:\Users\29\Desktop\3y\_animation_tools\renders\Ryunochi\frame_0013.png'
00:14.109  render           | Saved: 'C:\Users\29\Desktop\3y\_animation_tools\renders\Ryunochi\frame_0015.png'
00:14.156  render           | Saved: 'C:\Users\29\Desktop\3y\_animation_tools\renders\Ryunochi\frame_0017.png'
00:14.187  render           | Saved: 'C:\Users\29\Desktop\3y\_animation_tools\renders\Ryunochi\frame_0019.png'
00:14.234  render           | Saved: 'C:\Users\29\Desktop\3y\_animation_tools\renders\Ryunochi\frame_0021.png'
00:14.265  render           | Saved: 'C:\Users\29\Desktop\3y\_animation_tools\renders\Ryunochi\frame_0023.png'
00:14.312  render           | Saved: 'C:\Users\29\Desktop\3y\_animation_tools\renders\Ryunochi\frame_0025.png'
00:14.359  render           | Saved: 'C:\Users\29\Desktop\3y\_animation_tools\renders\Ryunochi\frame_0027.png'
00:14.406  render           | Saved: 'C:\Users\29\Desktop\3y\_animation_tools\renders\Ryunochi\frame_0029.png'
00:14.437  render           | Saved: 'C:\Users\29\Desktop\3y\_animation_tools\renders\Ryunochi\frame_0031.png'
00:14.484  render           | Saved: 'C:\Users\29\Desktop\3y\_animation_tools\renders\Ryunochi\frame_0033.png'
00:14.531  render           | Saved: 'C:\Users\29\Desktop\3y\_animation_tools\renders\Ryunochi\frame_0035.png'
00:14.562  render           | Saved: 'C:\Users\29\Desktop\3y\_animation_tools\renders\Ryunochi\frame_0037.png'
00:14.593  render           | Saved: 'C:\Users\29\Desktop\3y\_animation_tools\renders\Ryunochi\frame_0039.png'
00:14.640  render           | Saved: 'C:\Users\29\Desktop\3y\_animation_tools\renders\Ryunochi\frame_0041.png'
00:14.687  render           | Saved: 'C:\Users\29\Desktop\3y\_animation_tools\renders\Ryunochi\frame_0043.png'
00:14.734  render           | Saved: 'C:\Users\29\Desktop\3y\_animation_tools\renders\Ryunochi\frame_0045.png'
00:14.765  render           | Saved: 'C:\Users\29\Desktop\3y\_animation_tools\renders\Ryunochi\frame_0047.png'
00:14.797  render           | Saved: 'C:\Users\29\Desktop\3y\_animation_tools\renders\Ryunochi\frame_0049.png'
00:14.843  render           | Saved: 'C:\Users\29\Desktop\3y\_animation_tools\renders\Ryunochi\frame_0051.png'
00:14.890  render           | Saved: 'C:\Users\29\Desktop\3y\_animation_tools\renders\Ryunochi\frame_0053.png'
00:14.937  render           | Saved: 'C:\Users\29\Desktop\3y\_animation_tools\renders\Ryunochi\frame_0055.png'
00:14.968  render           | Saved: 'C:\Users\29\Desktop\3y\_animation_tools\renders\Ryunochi\frame_0057.png'
00:15.000  render           | Saved: 'C:\Users\29\Desktop\3y\_animation_tools\renders\Ryunochi\frame_0059.png'
00:15.047  render           | Saved: 'C:\Users\29\Desktop\3y\_animation_tools\renders\Ryunochi\frame_0061.png'
00:15.093  render           | Saved: 'C:\Users\29\Desktop\3y\_animation_tools\renders\Ryunochi\frame_0063.png'
00:15.125  render           | Saved: 'C:\Users\29\Desktop\3y\_animation_tools\renders\Ryunochi\frame_0065.png'
00:15.172  render           | Saved: 'C:\Users\29\Desktop\3y\_animation_tools\renders\Ryunochi\frame_0067.png'
00:15.203  render           | Saved: 'C:\Users\29\Desktop\3y\_animation_tools\renders\Ryunochi\frame_0069.png'
00:15.250  render           | Saved: 'C:\Users\29\Desktop\3y\_animation_tools\renders\Ryunochi\frame_0071.png'
00:15.281  render           | Saved: 'C:\Users\29\Desktop\3y\_animation_tools\renders\Ryunochi\frame_0073.png'
00:15.328  render           | Saved: 'C:\Users\29\Desktop\3y\_animation_tools\renders\Ryunochi\frame_0075.png'
00:15.359  render           | Saved: 'C:\Users\29\Desktop\3y\_animation_tools\renders\Ryunochi\frame_0077.png'
00:15.406  render           | Saved: 'C:\Users\29\Desktop\3y\_animation_tools\renders\Ryunochi\frame_0079.png'
00:15.437  render           | Saved: 'C:\Users\29\Desktop\3y\_animation_tools\renders\Ryunochi\frame_0081.png'
00:15.484  render           | Saved: 'C:\Users\29\Desktop\3y\_animation_tools\renders\Ryunochi\frame_0083.png'
00:15.531  render           | Saved: 'C:\Users\29\Desktop\3y\_animation_tools\renders\Ryunochi\frame_0085.png'
00:15.562  render           | Saved: 'C:\Users\29\Desktop\3y\_animation_tools\renders\Ryunochi\frame_0087.png'
00:15.609  render           | Saved: 'C:\Users\29\Desktop\3y\_animation_tools\renders\Ryunochi\frame_0089.png'
00:15.640  render           | Saved: 'C:\Users\29\Desktop\3y\_animation_tools\renders\Ryunochi\frame_0091.png'
00:15.687  render           | Saved: 'C:\Users\29\Desktop\3y\_animation_tools\renders\Ryunochi\frame_0093.png'
00:15.734  render           | Saved: 'C:\Users\29\Desktop\3y\_animation_tools\renders\Ryunochi\frame_0095.png'
00:15.765  render           | Saved: 'C:\Users\29\Desktop\3y\_animation_tools\renders\Ryunochi\frame_0097.png'
00:15.812  render           | Saved: 'C:\Users\29\Desktop\3y\_animation_tools\renders\Ryunochi\frame_0099.png'
00:15.843  render           | Saved: 'C:\Users\29\Desktop\3y\_animation_tools\renders\Ryunochi\frame_0101.png'
00:15.890  render           | Saved: 'C:\Users\29\Desktop\3y\_animation_tools\renders\Ryunochi\frame_0103.png'
00:15.937  render           | Saved: 'C:\Users\29\Desktop\3y\_animation_tools\renders\Ryunochi\frame_0105.png'
00:15.968  render           | Saved: 'C:\Users\29\Desktop\3y\_animation_tools\renders\Ryunochi\frame_0107.png'
00:16.015  render           | Saved: 'C:\Users\29\Desktop\3y\_animation_tools\renders\Ryunochi\frame_0109.png'
00:16.062  render           | Saved: 'C:\Users\29\Desktop\3y\_animation_tools\renders\Ryunochi\frame_0111.png'
00:16.093  render           | Saved: 'C:\Users\29\Desktop\3y\_animation_tools\renders\Ryunochi\frame_0113.png'
FBX version: 7400
FBX version: 7400
FBX version: 7400
FBX version: 7400
FBX version: 7400
FBX version: 7400
FBX version: 7400
FBX version: 7400
FBX version: 7400
FBX version: 7400
FBX version: 7400
RESULTS {'Idle': {'max_error_m': 1.1682510375976562e-05, 'pass': True}, 'Attack1': {'max_error_m': 1.1712312698364258e-05, 'pass': True}, 'Attack2': {'max_error_m': 1.1622905731201172e-05, 'pass': True}, 'Attack3': {'max_error_m': 1.5169382095336914e-05, 'pass': True}, 'BlockIn': {'max_error_m': 1.2932345271110535e-05, 'pass': True}, 'BlockHold': {'max_error_m': 1.273956149816513e-05, 'pass': True}, 'BlockOut': {'max_error_m': 1.281779259443283e-05, 'pass': True}, 'KunaiThrow': {'max_error_m': 4.410743713378906e-05, 'pass': True}, 'Teleport': {'max_error_m': 1.385807991027832e-05, 'pass': True}, 'Draw': {'max_error_m': 1.4036893844604492e-05, 'pass': True}, 'Ryunochi': {'max_error_m': 1.3619661331176758e-05, 'pass': True}}
Blender 5.2.1 LTS (hash 9e2066aef7ef built 2026-08-25 02:38:20)

Blender quit
