00:00.375  blend            | Read blend: "C:\Users\29\Desktop\3y\Gukgung_3P.blend"

FBX export starting... 'C:\\Users\\29\\Desktop\\3y\\Gukgung_3P_For_OVDR.fbx'
(bpy.data.armatures['Gukgung_WeaponSkeleton.003'], 'POSE')
(bpy.data.armatures['Gukgung_WeaponSkeleton.003'], 'POSE')
(bpy.data.armatures['Gukgung_WeaponSkeleton.003'], 'POSE')
(bpy.data.armatures['Armature'], 'POSE')
(bpy.data.armatures['Armature'], 'POSE')
(bpy.data.armatures['Armature'], 'POSE')
(bpy.data.armatures['Armature'], 'POSE')
(bpy.data.armatures['Armature'], 'POSE')
(bpy.data.armatures['Armature'], 'POSE')
export finished in 0.0850 sec.

FBX export starting... 'C:\\Users\\29\\Desktop\\3y\\Gukgung_3P_WeaponsOnly.fbx'
(bpy.data.armatures['Gukgung_WeaponSkeleton.003'], 'POSE')
(bpy.data.armatures['Gukgung_WeaponSkeleton.003'], 'POSE')
(bpy.data.armatures['Gukgung_WeaponSkeleton.003'], 'POSE')
export finished in 0.0435 sec.
INFO Draco is available, use library at C:\Program Files (x86)\Steam\steamapps\common\Blender\5.2\scripts\addons_core\io_scene_gltf2\bf_intern_draco_bridge.dll
INFO MeshOptimizer is available, use library at C:\Program Files (x86)\Steam\steamapps\common\Blender\5.2\scripts\addons_core\io_scene_gltf2\bf_intern_meshopt_bridge.dll
16:21:20 | INFO: Starting glTF 2.0 export
16:21:20 | INFO: Extracting primitive: Mesh.001
16:21:20 | WARNING: The active Vertex Color will not be exported, as it is not used in the node tree of the material
16:21:20 | INFO: Primitives created: 1
16:21:20 | INFO: Extracting primitive: Mesh
16:21:20 | WARNING: The active Vertex Color will not be exported, as it is not used in the node tree of the material
16:21:20 | INFO: Primitives created: 1
16:21:20 | INFO: Extracting primitive: Mesh.005
16:21:20 | WARNING: The active Vertex Color will not be exported, as it is not used in the node tree of the material
16:21:20 | INFO: Primitives created: 1
16:21:20 | INFO: Extracting primitive: Mesh.003
16:21:20 | WARNING: The active Vertex Color will not be exported, as it is not used in the node tree of the material
16:21:20 | INFO: Primitives created: 1
16:21:20 | INFO: Extracting primitive: Mesh.004
16:21:20 | WARNING: The active Vertex Color will not be exported, as it is not used in the node tree of the material
16:21:20 | INFO: Primitives created: 1
16:21:20 | INFO: Extracting primitive: Mesh.002
16:21:20 | WARNING: The active Vertex Color will not be exported, as it is not used in the node tree of the material
16:21:20 | INFO: Primitives created: 1
16:21:20 | INFO: Extracting primitive: Arrow_Gukgung_mesh.004
16:21:20 | INFO: Primitives created: 5
16:21:20 | INFO: Extracting primitive: Gukgung_Bow_mesh.004
16:21:21 | INFO: Primitives created: 1
16:21:21 | INFO: Extracting primitive: Gukgung_DeformableString.003
16:21:21 | INFO: Primitives created: 1
16:21:21 | INFO: Finished glTF 2.0 export in 0.14799118041992188 s


FBX export starting... 'C:\\Users\\29\\Desktop\\3y\\Gukgung_3P_HorizontalAttack_For_OVDR.fbx'
(bpy.data.armatures['Gukgung_WeaponSkeleton.003'], 'POSE')
(bpy.data.armatures['Gukgung_WeaponSkeleton.003'], 'POSE')
(bpy.data.armatures['Gukgung_WeaponSkeleton.003'], 'POSE')
(bpy.data.armatures['Armature'], 'POSE')
(bpy.data.armatures['Armature'], 'POSE')
(bpy.data.armatures['Armature'], 'POSE')
(bpy.data.armatures['Armature'], 'POSE')
(bpy.data.armatures['Armature'], 'POSE')
(bpy.data.armatures['Armature'], 'POSE')
export finished in 0.0825 sec.

FBX export starting... 'C:\\Users\\29\\Desktop\\3y\\Gukgung_3P_HorizontalAttack_WeaponsOnly.fbx'
(bpy.data.armatures['Gukgung_WeaponSkeleton.003'], 'POSE')
(bpy.data.armatures['Gukgung_WeaponSkeleton.003'], 'POSE')
(bpy.data.armatures['Gukgung_WeaponSkeleton.003'], 'POSE')
export finished in 0.0429 sec.
16:21:21 | INFO: Starting glTF 2.0 export
16:21:21 | INFO: Extracting primitive: Mesh.001
16:21:21 | WARNING: The active Vertex Color will not be exported, as it is not used in the node tree of the material
16:21:21 | INFO: Primitives created: 1
16:21:21 | INFO: Extracting primitive: Mesh
16:21:21 | WARNING: The active Vertex Color will not be exported, as it is not used in the node tree of the material
16:21:21 | INFO: Primitives created: 1
16:21:21 | INFO: Extracting primitive: Mesh.005
16:21:21 | WARNING: The active Vertex Color will not be exported, as it is not used in the node tree of the material
16:21:21 | INFO: Primitives created: 1
16:21:21 | INFO: Extracting primitive: Mesh.003
16:21:21 | WARNING: The active Vertex Color will not be exported, as it is not used in the node tree of the material
16:21:21 | INFO: Primitives created: 1
16:21:21 | INFO: Extracting primitive: Mesh.004
16:21:21 | WARNING: The active Vertex Color will not be exported, as it is not used in the node tree of the material
16:21:21 | INFO: Primitives created: 1
16:21:21 | INFO: Extracting primitive: Mesh.002
16:21:21 | WARNING: The active Vertex Color will not be exported, as it is not used in the node tree of the material
16:21:21 | INFO: Primitives created: 1
16:21:21 | INFO: Extracting primitive: Arrow_Gukgung_mesh.004
16:21:21 | INFO: Primitives created: 5
16:21:21 | INFO: Extracting primitive: Gukgung_Bow_mesh.004
16:21:21 | INFO: Primitives created: 1
16:21:21 | INFO: Extracting primitive: Gukgung_DeformableString.003
16:21:21 | INFO: Primitives created: 1
16:21:21 | INFO: Finished glTF 2.0 export in 0.16184782981872559 s
00:03.609  render           | Saved: 'C:\Users\29\Desktop\3y\_animation_tools\renders\BowVertical\frame_0001.png'
00:03.656  render           | Saved: 'C:\Users\29\Desktop\3y\_animation_tools\renders\BowVertical\frame_0003.png'
00:03.687  render           | Saved: 'C:\Users\29\Desktop\3y\_animation_tools\renders\BowVertical\frame_0005.png'
00:03.718  render           | Saved: 'C:\Users\29\Desktop\3y\_animation_tools\renders\BowVertical\frame_0007.png'
00:03.750  render           | Saved: 'C:\Users\29\Desktop\3y\_animation_tools\renders\BowVertical\frame_0009.png'
00:03.797  render           | Saved: 'C:\Users\29\Desktop\3y\_animation_tools\renders\BowVertical\frame_0011.png'
00:03.828  render           | Saved: 'C:\Users\29\Desktop\3y\_animation_tools\renders\BowVertical\frame_0013.png'
00:03.859  render           | Saved: 'C:\Users\29\Desktop\3y\_animation_tools\renders\BowVertical\frame_0015.png'
00:03.890  render           | Saved: 'C:\Users\29\Desktop\3y\_animation_tools\renders\BowVertical\frame_0017.png'
00:03.922  render           | Saved: 'C:\Users\29\Desktop\3y\_animation_tools\renders\BowVertical\frame_0019.png'
00:03.953  render           | Saved: 'C:\Users\29\Desktop\3y\_animation_tools\renders\BowVertical\frame_0021.png'
00:03.984  render           | Saved: 'C:\Users\29\Desktop\3y\_animation_tools\renders\BowVertical\frame_0023.png'
00:04.015  render           | Saved: 'C:\Users\29\Desktop\3y\_animation_tools\renders\BowVertical\frame_0025.png'
00:04.062  render           | Saved: 'C:\Users\29\Desktop\3y\_animation_tools\renders\BowVertical\frame_0027.png'
00:04.093  render           | Saved: 'C:\Users\29\Desktop\3y\_animation_tools\renders\BowVertical\frame_0029.png'
00:04.125  render           | Saved: 'C:\Users\29\Desktop\3y\_animation_tools\renders\BowVertical\frame_0031.png'
00:04.156  render           | Saved: 'C:\Users\29\Desktop\3y\_animation_tools\renders\BowVertical\frame_0033.png'
00:04.187  render           | Saved: 'C:\Users\29\Desktop\3y\_animation_tools\renders\BowVertical\frame_0035.png'
00:04.218  render           | Saved: 'C:\Users\29\Desktop\3y\_animation_tools\renders\BowVertical\frame_0037.png'
00:04.250  render           | Saved: 'C:\Users\29\Desktop\3y\_animation_tools\renders\BowVertical\frame_0039.png'
00:04.297  render           | Saved: 'C:\Users\29\Desktop\3y\_animation_tools\renders\BowVertical\frame_0041.png'
00:04.328  render           | Saved: 'C:\Users\29\Desktop\3y\_animation_tools\renders\BowVertical\frame_0043.png'
00:04.359  render           | Saved: 'C:\Users\29\Desktop\3y\_animation_tools\renders\BowVertical\frame_0045.png'
00:04.390  render           | Saved: 'C:\Users\29\Desktop\3y\_animation_tools\renders\BowVertical\frame_0047.png'
00:04.422  render           | Saved: 'C:\Users\29\Desktop\3y\_animation_tools\renders\BowVertical\frame_0049.png'
00:04.468  render           | Saved: 'C:\Users\29\Desktop\3y\_animation_tools\renders\BowVertical\frame_0051.png'
00:04.500  render           | Saved: 'C:\Users\29\Desktop\3y\_animation_tools\renders\BowVertical\frame_0053.png'
00:04.531  render           | Saved: 'C:\Users\29\Desktop\3y\_animation_tools\renders\BowVertical\frame_0055.png'
00:04.562  render           | Saved: 'C:\Users\29\Desktop\3y\_animation_tools\renders\BowVertical\frame_0057.png'
00:04.593  render           | Saved: 'C:\Users\29\Desktop\3y\_animation_tools\renders\BowVertical\frame_0059.png'
00:04.625  render           | Saved: 'C:\Users\29\Desktop\3y\_animation_tools\renders\BowVertical\frame_0061.png'
00:04.656  render           | Saved: 'C:\Users\29\Desktop\3y\_animation_tools\renders\BowVertical\frame_0063.png'
00:04.687  render           | Saved: 'C:\Users\29\Desktop\3y\_animation_tools\renders\BowVertical\frame_0065.png'
00:04.734  render           | Saved: 'C:\Users\29\Desktop\3y\_animation_tools\renders\BowVertical\frame_0067.png'
00:04.765  render           | Saved: 'C:\Users\29\Desktop\3y\_animation_tools\renders\BowVertical\frame_0069.png'
00:04.797  render           | Saved: 'C:\Users\29\Desktop\3y\_animation_tools\renders\BowVertical\frame_0071.png'
00:04.828  render           | Saved: 'C:\Users\29\Desktop\3y\_animation_tools\renders\BowVertical\frame_0073.png'
00:04.859  render           | Saved: 'C:\Users\29\Desktop\3y\_animation_tools\renders\BowVertical\frame_0075.png'
00:04.890  render           | Saved: 'C:\Users\29\Desktop\3y\_animation_tools\renders\BowVertical\frame_0077.png'
00:04.937  render           | Saved: 'C:\Users\29\Desktop\3y\_animation_tools\renders\BowVertical\frame_0079.png'
00:04.968  render           | Saved: 'C:\Users\29\Desktop\3y\_animation_tools\renders\BowVertical\frame_0081.png'
00:05.000  render           | Saved: 'C:\Users\29\Desktop\3y\_animation_tools\renders\BowVertical\frame_0083.png'
00:05.031  render           | Saved: 'C:\Users\29\Desktop\3y\_animation_tools\renders\BowVertical\frame_0085.png'
00:05.062  render           | Saved: 'C:\Users\29\Desktop\3y\_animation_tools\renders\BowVertical\frame_0087.png'
00:05.093  render           | Saved: 'C:\Users\29\Desktop\3y\_animation_tools\renders\BowVertical\frame_0089.png'
00:05.125  render           | Saved: 'C:\Users\29\Desktop\3y\_animation_tools\renders\BowVertical\frame_0091.png'
00:05.172  render           | Saved: 'C:\Users\29\Desktop\3y\_animation_tools\renders\BowHorizontal\frame_0001.png'
00:05.203  render           | Saved: 'C:\Users\29\Desktop\3y\_animation_tools\renders\BowHorizontal\frame_0003.png'
00:05.234  render           | Saved: 'C:\Users\29\Desktop\3y\_animation_tools\renders\BowHorizontal\frame_0005.png'
00:05.265  render           | Saved: 'C:\Users\29\Desktop\3y\_animation_tools\renders\BowHorizontal\frame_0007.png'
00:05.297  render           | Saved: 'C:\Users\29\Desktop\3y\_animation_tools\renders\BowHorizontal\frame_0009.png'
00:05.328  render           | Saved: 'C:\Users\29\Desktop\3y\_animation_tools\renders\BowHorizontal\frame_0011.png'
00:05.359  render           | Saved: 'C:\Users\29\Desktop\3y\_animation_tools\renders\BowHorizontal\frame_0013.png'
00:05.390  render           | Saved: 'C:\Users\29\Desktop\3y\_animation_tools\renders\BowHorizontal\frame_0015.png'
00:05.437  render           | Saved: 'C:\Users\29\Desktop\3y\_animation_tools\renders\BowHorizontal\frame_0017.png'
00:05.468  render           | Saved: 'C:\Users\29\Desktop\3y\_animation_tools\renders\BowHorizontal\frame_0019.png'
00:05.500  render           | Saved: 'C:\Users\29\Desktop\3y\_animation_tools\renders\BowHorizontal\frame_0021.png'
00:05.531  render           | Saved: 'C:\Users\29\Desktop\3y\_animation_tools\renders\BowHorizontal\frame_0023.png'
00:05.562  render           | Saved: 'C:\Users\29\Desktop\3y\_animation_tools\renders\BowHorizontal\frame_0025.png'
00:05.609  render           | Saved: 'C:\Users\29\Desktop\3y\_animation_tools\renders\BowHorizontal\frame_0027.png'
00:05.640  render           | Saved: 'C:\Users\29\Desktop\3y\_animation_tools\renders\BowHorizontal\frame_0029.png'
00:05.656  render           | Saved: 'C:\Users\29\Desktop\3y\_animation_tools\renders\BowHorizontal\frame_0031.png'
00:05.703  render           | Saved: 'C:\Users\29\Desktop\3y\_animation_tools\renders\BowHorizontal\frame_0033.png'
00:05.734  render           | Saved: 'C:\Users\29\Desktop\3y\_animation_tools\renders\BowHorizontal\frame_0035.png'
00:05.765  render           | Saved: 'C:\Users\29\Desktop\3y\_animation_tools\renders\BowHorizontal\frame_0037.png'
00:05.797  render           | Saved: 'C:\Users\29\Desktop\3y\_animation_tools\renders\BowHorizontal\frame_0039.png'
00:05.828  render           | Saved: 'C:\Users\29\Desktop\3y\_animation_tools\renders\BowHorizontal\frame_0041.png'
00:05.859  render           | Saved: 'C:\Users\29\Desktop\3y\_animation_tools\renders\BowHorizontal\frame_0043.png'
00:05.890  render           | Saved: 'C:\Users\29\Desktop\3y\_animation_tools\renders\BowHorizontal\frame_0045.png'
00:05.937  render           | Saved: 'C:\Users\29\Desktop\3y\_animation_tools\renders\BowHorizontal\frame_0047.png'
00:05.968  render           | Saved: 'C:\Users\29\Desktop\3y\_animation_tools\renders\BowHorizontal\frame_0049.png'
00:06.000  render           | Saved: 'C:\Users\29\Desktop\3y\_animation_tools\renders\BowHorizontal\frame_0051.png'
00:06.031  render           | Saved: 'C:\Users\29\Desktop\3y\_animation_tools\renders\BowHorizontal\frame_0053.png'
00:06.062  render           | Saved: 'C:\Users\29\Desktop\3y\_animation_tools\renders\BowHorizontal\frame_0055.png'
00:06.093  render           | Saved: 'C:\Users\29\Desktop\3y\_animation_tools\renders\BowHorizontal\frame_0057.png'
00:06.125  render           | Saved: 'C:\Users\29\Desktop\3y\_animation_tools\renders\BowHorizontal\frame_0059.png'
00:06.172  render           | Saved: 'C:\Users\29\Desktop\3y\_animation_tools\renders\BowHorizontal\frame_0061.png'
00:06.203  render           | Saved: 'C:\Users\29\Desktop\3y\_animation_tools\renders\BowHorizontal\frame_0063.png'
00:06.234  render           | Saved: 'C:\Users\29\Desktop\3y\_animation_tools\renders\BowHorizontal\frame_0065.png'
00:06.265  render           | Saved: 'C:\Users\29\Desktop\3y\_animation_tools\renders\BowHorizontal\frame_0067.png'
00:06.297  render           | Saved: 'C:\Users\29\Desktop\3y\_animation_tools\renders\BowHorizontal\frame_0069.png'
00:06.328  render           | Saved: 'C:\Users\29\Desktop\3y\_animation_tools\renders\BowHorizontal\frame_0071.png'
00:06.359  render           | Saved: 'C:\Users\29\Desktop\3y\_animation_tools\renders\BowHorizontal\frame_0073.png'
00:06.390  render           | Saved: 'C:\Users\29\Desktop\3y\_animation_tools\renders\BowHorizontal\frame_0075.png'
00:06.437  render           | Saved: 'C:\Users\29\Desktop\3y\_animation_tools\renders\BowHorizontal\frame_0077.png'
00:06.468  render           | Saved: 'C:\Users\29\Desktop\3y\_animation_tools\renders\BowHorizontal\frame_0079.png'
00:06.500  render           | Saved: 'C:\Users\29\Desktop\3y\_animation_tools\renders\BowHorizontal\frame_0081.png'
00:06.531  render           | Saved: 'C:\Users\29\Desktop\3y\_animation_tools\renders\BowHorizontal\frame_0083.png'
00:06.578  render           | Saved: 'C:\Users\29\Desktop\3y\_animation_tools\renders\BowHorizontal\frame_0085.png'
00:06.609  render           | Saved: 'C:\Users\29\Desktop\3y\_animation_tools\renders\BowHorizontal\frame_0087.png'
00:06.640  render           | Saved: 'C:\Users\29\Desktop\3y\_animation_tools\renders\BowHorizontal\frame_0089.png'
00:06.672  render           | Saved: 'C:\Users\29\Desktop\3y\_animation_tools\renders\BowHorizontal\frame_0091.png'

Info: Saved as "Gukgung_3P.blend"
FBX version: 7400
16:21:27 | INFO: Data are loaded, start creating Blender stuff
16:21:27 | INFO: Blender create Mesh node Mesh.001
16:21:27 | INFO: Blender create Mesh node Mesh
16:21:27 | INFO: Blender create Mesh node Mesh.005
16:21:27 | INFO: Blender create Mesh node Mesh.003
16:21:27 | INFO: Blender create Mesh node Mesh.004
16:21:27 | INFO: Blender create Mesh node Mesh.002
16:21:27 | INFO: Blender create Mesh node Arrow_Gukgung_mesh.004
16:21:27 | INFO: Blender create Mesh node Gukgung_Bow_mesh.004
16:21:27 | INFO: Blender create Mesh node Gukgung_DeformableString.003
16:21:27 | INFO: glTF import finished in 0.03s
FBX version: 7400
16:21:27 | INFO: Data are loaded, start creating Blender stuff
16:21:27 | INFO: Blender create Mesh node Mesh.001
16:21:27 | INFO: Blender create Mesh node Mesh
16:21:27 | INFO: Blender create Mesh node Mesh.005
16:21:27 | INFO: Blender create Mesh node Mesh.003
16:21:27 | INFO: Blender create Mesh node Mesh.004
16:21:27 | INFO: Blender create Mesh node Mesh.002
16:21:27 | INFO: Blender create Mesh node Arrow_Gukgung_mesh.004
16:21:27 | INFO: Blender create Mesh node Gukgung_Bow_mesh.004
16:21:27 | INFO: Blender create Mesh node Gukgung_DeformableString.003
16:21:27 | INFO: glTF import finished in 0.03s
BOW_RESULTS {'BowVertical': {'fbx': {'max_error_m': 4.100799560546875e-05, 'pass': True}, 'glb': {'max_error_m': 2.8908252716064453e-06, 'pass': True}}, 'BowHorizontal': {'fbx': {'max_error_m': 2.6345252990722656e-05, 'pass': True}, 'glb': {'max_error_m': 2.6226043701171875e-06, 'pass': True}}}
Blender 5.2.1 LTS (hash 9e2066aef7ef built 2026-08-25 02:38:20)

Blender quit
