00:11.218  blend            | Read blend: "C:\Users\29\Desktop\3y\Map\PreviewStage.blend"
00:14.187  render           | Saved: 'C:\Users\29\Desktop\3y\Map\video\frames\00_Wakizashi_3P_Idle_0002.png'
00:14.406  render           | Saved: 'C:\Users\29\Desktop\3y\Map\video\frames\00_Wakizashi_3P_Idle_0003.png'
00:14.593  render           | Saved: 'C:\Users\29\Desktop\3y\Map\video\frames\00_Wakizashi_3P_Idle_0004.png'
00:14.750  render           | Saved: 'C:\Users\29\Desktop\3y\Map\video\frames\00_Wakizashi_3P_Idle_0005.png'
00:14.937  render           | Saved: 'C:\Users\29\Desktop\3y\Map\video\frames\00_Wakizashi_3P_Idle_0006.png'
00:15.093  render           | Saved: 'C:\Users\29\Desktop\3y\Map\video\frames\00_Wakizashi_3P_Idle_0007.png'
00:15.453  render           | Saved: 'C:\Users\29\Desktop\3y\Map\video\frames\00_Wakizashi_3P_Idle_0008.png'
00:15.687  render           | Saved: 'C:\Users\29\Desktop\3y\Map\video\frames\00_Wakizashi_3P_Idle_0009.png'
00:15.859  render           | Saved: 'C:\Users\29\Desktop\3y\Map\video\frames\00_Wakizashi_3P_Idle_0010.png'
00:16.047  render           | Saved: 'C:\Users\29\Desktop\3y\Map\video\frames\00_Wakizashi_3P_Idle_0011.png'
00:16.234  render           | Saved: 'C:\Users\29\Desktop\3y\Map\video\frames\00_Wakizashi_3P_Idle_0012.png'
00:16.406  render           | Saved: 'C:\Users\29\Desktop\3y\Map\video\frames\00_Wakizashi_3P_Idle_0013.png'
00:16.562  render           | Saved: 'C:\Users\29\Desktop\3y\Map\video\frames\00_Wakizashi_3P_Idle_0014.png'
00:16.734  render           | Saved: 'C:\Users\29\Desktop\3y\Map\video\frames\00_Wakizashi_3P_Idle_0015.png'
00:16.890  render           | Saved: 'C:\Users\29\Desktop\3y\Map\video\frames\00_Wakizashi_3P_Idle_0016.png'
00:17.047  render           | Saved: 'C:\Users\29\Desktop\3y\Map\video\frames\00_Wakizashi_3P_Idle_0017.png'
00:17.218  render           | Saved: 'C:\Users\29\Desktop\3y\Map\video\frames\00_Wakizashi_3P_Idle_0018.png'
00:17.375  render           | Saved: 'C:\Users\29\Desktop\3y\Map\video\frames\00_Wakizashi_3P_Idle_0019.png'
00:17.547  render           | Saved: 'C:\Users\29\Desktop\3y\Map\video\frames\00_Wakizashi_3P_Idle_0020.png'
00:17.703  render           | Saved: 'C:\Users\29\Desktop\3y\Map\video\frames\00_Wakizashi_3P_Idle_0021.png'
00:17.875  render           | Saved: 'C:\Users\29\Desktop\3y\Map\video\frames\00_Wakizashi_3P_Idle_0022.png'
00:18.031  render           | Saved: 'C:\Users\29\Desktop\3y\Map\video\frames\00_Wakizashi_3P_Idle_0023.png'
00:18.203  render           | Saved: 'C:\Users\29\Desktop\3y\Map\video\frames\00_Wakizashi_3P_Idle_0024.png'
00:18.390  render           | Saved: 'C:\Users\29\Desktop\3y\Map\video\frames\00_Wakizashi_3P_Idle_0025.png'
00:18.547  render           | Saved: 'C:\Users\29\Desktop\3y\Map\video\frames\00_Wakizashi_3P_Idle_0026.png'
00:18.703  render           | Saved: 'C:\Users\29\Desktop\3y\Map\video\frames\00_Wakizashi_3P_Idle_0027.png'
00:18.859  render           | Saved: 'C:\Users\29\Desktop\3y\Map\video\frames\00_Wakizashi_3P_Idle_0028.png'
00:19.015  render           | Saved: 'C:\Users\29\Desktop\3y\Map\video\frames\00_Wakizashi_3P_Idle_0029.png'
00:19.187  render           | Saved: 'C:\Users\29\Desktop\3y\Map\video\frames\00_Wakizashi_3P_Idle_0030.png'
00:19.359  render           | Saved: 'C:\Users\29\Desktop\3y\Map\video\frames\00_Wakizashi_3P_Idle_0031.png'
00:19.515  render           | Saved: 'C:\Users\29\Desktop\3y\Map\video\frames\00_Wakizashi_3P_Idle_0032.png'
00:19.672  render           | Saved: 'C:\Users\29\Desktop\3y\Map\video\frames\00_Wakizashi_3P_Idle_0033.png'
00:19.828  render           | Saved: 'C:\Users\29\Desktop\3y\Map\video\frames\00_Wakizashi_3P_Idle_0034.png'
00:20.000  render           | Saved: 'C:\Users\29\Desktop\3y\Map\video\frames\00_Wakizashi_3P_Idle_0035.png'
00:20.156  render           | Saved: 'C:\Users\29\Desktop\3y\Map\video\frames\00_Wakizashi_3P_Idle_0036.png'
00:20.328  render           | Saved: 'C:\Users\29\Desktop\3y\Map\video\frames\00_Wakizashi_3P_Idle_0037.png'
00:20.468  render           | Saved: 'C:\Users\29\Desktop\3y\Map\video\frames\00_Wakizashi_3P_Idle_0038.png'
00:20.625  render           | Saved: 'C:\Users\29\Desktop\3y\Map\video\frames\00_Wakizashi_3P_Idle_0039.png'
00:20.797  render           | Saved: 'C:\Users\29\Desktop\3y\Map\video\frames\00_Wakizashi_3P_Idle_0040.png'
00:20.953  render           | Saved: 'C:\Users\29\Desktop\3y\Map\video\frames\00_Wakizashi_3P_Idle_0041.png'
00:21.125  render           | Saved: 'C:\Users\29\Desktop\3y\Map\video\frames\00_Wakizashi_3P_Idle_0042.png'
00:21.297  render           | Saved: 'C:\Users\29\Desktop\3y\Map\video\frames\00_Wakizashi_3P_Idle_0043.png'
00:21.453  render           | Saved: 'C:\Users\29\Desktop\3y\Map\video\frames\00_Wakizashi_3P_Idle_0044.png'
00:21.609  render           | Saved: 'C:\Users\29\Desktop\3y\Map\video\frames\00_Wakizashi_3P_Idle_0045.png'
00:21.781  render           | Saved: 'C:\Users\29\Desktop\3y\Map\video\frames\00_Wakizashi_3P_Idle_0046.png'
00:21.937  render           | Saved: 'C:\Users\29\Desktop\3y\Map\video\frames\00_Wakizashi_3P_Idle_0047.png'
00:22.109  render           | Saved: 'C:\Users\29\Desktop\3y\Map\video\frames\00_Wakizashi_3P_Idle_0048.png'
00:22.265  render           | Saved: 'C:\Users\29\Desktop\3y\Map\video\frames\00_Wakizashi_3P_Idle_0049.png'
00:22.437  render           | Saved: 'C:\Users\29\Desktop\3y\Map\video\frames\00_Wakizashi_3P_Idle_0050.png'
00:22.578  render           | Saved: 'C:\Users\29\Desktop\3y\Map\video\frames\00_Wakizashi_3P_Idle_0051.png'
00:22.750  render           | Saved: 'C:\Users\29\Desktop\3y\Map\video\frames\00_Wakizashi_3P_Idle_0052.png'
00:22.906  render           | Saved: 'C:\Users\29\Desktop\3y\Map\video\frames\00_Wakizashi_3P_Idle_0053.png'
00:23.093  render           | Saved: 'C:\Users\29\Desktop\3y\Map\video\frames\00_Wakizashi_3P_Idle_0054.png'
00:23.265  render           | Saved: 'C:\Users\29\Desktop\3y\Map\video\frames\00_Wakizashi_3P_Idle_0055.png'
00:23.437  render           | Saved: 'C:\Users\29\Desktop\3y\Map\video\frames\00_Wakizashi_3P_Idle_0056.png'
00:23.593  render           | Saved: 'C:\Users\29\Desktop\3y\Map\video\frames\00_Wakizashi_3P_Idle_0057.png'
00:23.781  render           | Saved: 'C:\Users\29\Desktop\3y\Map\video\frames\00_Wakizashi_3P_Idle_0058.png'
00:23.953  render           | Saved: 'C:\Users\29\Desktop\3y\Map\video\frames\00_Wakizashi_3P_Idle_0059.png'
00:24.109  render           | Saved: 'C:\Users\29\Desktop\3y\Map\video\frames\00_Wakizashi_3P_Idle_0060.png'
00:24.265  render           | Saved: 'C:\Users\29\Desktop\3y\Map\video\frames\00_Wakizashi_3P_Idle_0061.png'
00:24.437  render           | Saved: 'C:\Users\29\Desktop\3y\Map\video\frames\00_Wakizashi_3P_Idle_0062.png'
00:25.047  render           | Saved: 'C:\Users\29\Desktop\3y\Map\video\frames\01_Wakizashi_3P_Attack1_0002.png'
00:25.218  render           | Saved: 'C:\Users\29\Desktop\3y\Map\video\frames\01_Wakizashi_3P_Attack1_0003.png'
00:25.390  render           | Saved: 'C:\Users\29\Desktop\3y\Map\video\frames\01_Wakizashi_3P_Attack1_0004.png'
00:25.562  render           | Saved: 'C:\Users\29\Desktop\3y\Map\video\frames\01_Wakizashi_3P_Attack1_0005.png'
00:25.718  render           | Saved: 'C:\Users\29\Desktop\3y\Map\video\frames\01_Wakizashi_3P_Attack1_0006.png'
00:25.875  render           | Saved: 'C:\Users\29\Desktop\3y\Map\video\frames\01_Wakizashi_3P_Attack1_0007.png'
00:26.047  render           | Saved: 'C:\Users\29\Desktop\3y\Map\video\frames\01_Wakizashi_3P_Attack1_0008.png'
00:26.218  render           | Saved: 'C:\Users\29\Desktop\3y\Map\video\frames\01_Wakizashi_3P_Attack1_0009.png'
00:26.375  render           | Saved: 'C:\Users\29\Desktop\3y\Map\video\frames\01_Wakizashi_3P_Attack1_0010.png'
00:26.547  render           | Saved: 'C:\Users\29\Desktop\3y\Map\video\frames\01_Wakizashi_3P_Attack1_0011.png'
00:26.718  render           | Saved: 'C:\Users\29\Desktop\3y\Map\video\frames\01_Wakizashi_3P_Attack1_0012.png'
00:26.875  render           | Saved: 'C:\Users\29\Desktop\3y\Map\video\frames\01_Wakizashi_3P_Attack1_0013.png'
00:27.031  render           | Saved: 'C:\Users\29\Desktop\3y\Map\video\frames\01_Wakizashi_3P_Attack1_0014.png'
00:27.203  render           | Saved: 'C:\Users\29\Desktop\3y\Map\video\frames\01_Wakizashi_3P_Attack1_0015.png'
00:27.437  render           | Saved: 'C:\Users\29\Desktop\3y\Map\video\frames\01_Wakizashi_3P_Attack1_0016.png'
00:27.625  render           | Saved: 'C:\Users\29\Desktop\3y\Map\video\frames\01_Wakizashi_3P_Attack1_0017.png'
00:27.781  render           | Saved: 'C:\Users\29\Desktop\3y\Map\video\frames\01_Wakizashi_3P_Attack1_0018.png'
00:27.953  render           | Saved: 'C:\Users\29\Desktop\3y\Map\video\frames\01_Wakizashi_3P_Attack1_0019.png'
00:28.109  render           | Saved: 'C:\Users\29\Desktop\3y\Map\video\frames\01_Wakizashi_3P_Attack1_0020.png'
00:28.281  render           | Saved: 'C:\Users\29\Desktop\3y\Map\video\frames\01_Wakizashi_3P_Attack1_0021.png'
00:28.437  render           | Saved: 'C:\Users\29\Desktop\3y\Map\video\frames\01_Wakizashi_3P_Attack1_0022.png'
00:28.593  render           | Saved: 'C:\Users\29\Desktop\3y\Map\video\frames\01_Wakizashi_3P_Attack1_0023.png'
00:28.765  render           | Saved: 'C:\Users\29\Desktop\3y\Map\video\frames\01_Wakizashi_3P_Attack1_0024.png'
00:28.922  render           | Saved: 'C:\Users\29\Desktop\3y\Map\video\frames\01_Wakizashi_3P_Attack1_0025.png'
00:29.093  render           | Saved: 'C:\Users\29\Desktop\3y\Map\video\frames\01_Wakizashi_3P_Attack1_0026.png'
00:29.250  render           | Saved: 'C:\Users\29\Desktop\3y\Map\video\frames\01_Wakizashi_3P_Attack1_0027.png'
00:29.422  render           | Saved: 'C:\Users\29\Desktop\3y\Map\video\frames\01_Wakizashi_3P_Attack1_0028.png'
00:29.593  render           | Saved: 'C:\Users\29\Desktop\3y\Map\video\frames\01_Wakizashi_3P_Attack1_0029.png'
00:29.765  render           | Saved: 'C:\Users\29\Desktop\3y\Map\video\frames\01_Wakizashi_3P_Attack1_0030.png'
00:29.922  render           | Saved: 'C:\Users\29\Desktop\3y\Map\video\frames\01_Wakizashi_3P_Attack1_0031.png'
00:30.093  render           | Saved: 'C:\Users\29\Desktop\3y\Map\video\frames\01_Wakizashi_3P_Attack1_0032.png'
00:30.265  render           | Saved: 'C:\Users\29\Desktop\3y\Map\video\frames\01_Wakizashi_3P_Attack1_0033.png'
00:30.422  render           | Saved: 'C:\Users\29\Desktop\3y\Map\video\frames\01_Wakizashi_3P_Attack1_0034.png'
00:30.593  render           | Saved: 'C:\Users\29\Desktop\3y\Map\video\frames\01_Wakizashi_3P_Attack1_0035.png'
00:30.765  render           | Saved: 'C:\Users\29\Desktop\3y\Map\video\frames\01_Wakizashi_3P_Attack1_0036.png'
00:30.922  render           | Saved: 'C:\Users\29\Desktop\3y\Map\video\frames\01_Wakizashi_3P_Attack1_0037.png'
00:31.093  render           | Saved: 'C:\Users\29\Desktop\3y\Map\video\frames\01_Wakizashi_3P_Attack1_0038.png'
00:31.250  render           | Saved: 'C:\Users\29\Desktop\3y\Map\video\frames\01_Wakizashi_3P_Attack1_0039.png'
00:31.422  render           | Saved: 'C:\Users\29\Desktop\3y\Map\video\frames\01_Wakizashi_3P_Attack1_0040.png'
00:31.593  render           | Saved: 'C:\Users\29\Desktop\3y\Map\video\frames\01_Wakizashi_3P_Attack1_0041.png'
00:31.750  render           | Saved: 'C:\Users\29\Desktop\3y\Map\video\frames\01_Wakizashi_3P_Attack1_0042.png'
00:31.922  render           | Saved: 'C:\Users\29\Desktop\3y\Map\video\frames\01_Wakizashi_3P_Attack1_0043.png'
00:32.078  render           | Saved: 'C:\Users\29\Desktop\3y\Map\video\frames\01_Wakizashi_3P_Attack1_0044.png'
00:32.250  render           | Saved: 'C:\Users\29\Desktop\3y\Map\video\frames\01_Wakizashi_3P_Attack1_0045.png'
00:32.422  render           | Saved: 'C:\Users\29\Desktop\3y\Map\video\frames\01_Wakizashi_3P_Attack1_0046.png'
00:32.578  render           | Saved: 'C:\Users\29\Desktop\3y\Map\video\frames\01_Wakizashi_3P_Attack1_0047.png'
00:32.750  render           | Saved: 'C:\Users\29\Desktop\3y\Map\video\frames\01_Wakizashi_3P_Attack1_0048.png'
00:32.922  render           | Saved: 'C:\Users\29\Desktop\3y\Map\video\frames\01_Wakizashi_3P_Attack1_0049.png'
00:33.078  render           | Saved: 'C:\Users\29\Desktop\3y\Map\video\frames\01_Wakizashi_3P_Attack1_0050.png'
00:33.250  render           | Saved: 'C:\Users\29\Desktop\3y\Map\video\frames\01_Wakizashi_3P_Attack1_0051.png'
00:33.406  render           | Saved: 'C:\Users\29\Desktop\3y\Map\video\frames\01_Wakizashi_3P_Attack1_0052.png'
00:33.562  render           | Saved: 'C:\Users\29\Desktop\3y\Map\video\frames\01_Wakizashi_3P_Attack1_0053.png'
00:33.718  render           | Saved: 'C:\Users\29\Desktop\3y\Map\video\frames\01_Wakizashi_3P_Attack1_0054.png'
00:33.875  render           | Saved: 'C:\Users\29\Desktop\3y\Map\video\frames\01_Wakizashi_3P_Attack1_0055.png'
00:34.031  render           | Saved: 'C:\Users\29\Desktop\3y\Map\video\frames\01_Wakizashi_3P_Attack1_0056.png'
00:34.203  render           | Saved: 'C:\Users\29\Desktop\3y\Map\video\frames\01_Wakizashi_3P_Attack1_0057.png'
00:34.375  render           | Saved: 'C:\Users\29\Desktop\3y\Map\video\frames\01_Wakizashi_3P_Attack1_0058.png'
00:34.547  render           | Saved: 'C:\Users\29\Desktop\3y\Map\video\frames\01_Wakizashi_3P_Attack1_0059.png'
00:34.703  render           | Saved: 'C:\Users\29\Desktop\3y\Map\video\frames\01_Wakizashi_3P_Attack1_0060.png'
00:34.859  render           | Saved: 'C:\Users\29\Desktop\3y\Map\video\frames\01_Wakizashi_3P_Attack1_0061.png'
00:35.031  render           | Saved: 'C:\Users\29\Desktop\3y\Map\video\frames\01_Wakizashi_3P_Attack1_0062.png'
00:35.187  render           | Saved: 'C:\Users\29\Desktop\3y\Map\video\frames\01_Wakizashi_3P_Attack1_0063.png'
00:35.343  render           | Saved: 'C:\Users\29\Desktop\3y\Map\video\frames\01_Wakizashi_3P_Attack1_0064.png'
00:35.875  render           | Saved: 'C:\Users\29\Desktop\3y\Map\video\frames\02_Wakizashi_3P_Attack2_0002.png'
00:36.031  render           | Saved: 'C:\Users\29\Desktop\3y\Map\video\frames\02_Wakizashi_3P_Attack2_0003.png'
00:36.187  render           | Saved: 'C:\Users\29\Desktop\3y\Map\video\frames\02_Wakizashi_3P_Attack2_0004.png'
00:36.359  render           | Saved: 'C:\Users\29\Desktop\3y\Map\video\frames\02_Wakizashi_3P_Attack2_0005.png'
00:36.531  render           | Saved: 'C:\Users\29\Desktop\3y\Map\video\frames\02_Wakizashi_3P_Attack2_0006.png'
00:36.687  render           | Saved: 'C:\Users\29\Desktop\3y\Map\video\frames\02_Wakizashi_3P_Attack2_0007.png'
00:36.843  render           | Saved: 'C:\Users\29\Desktop\3y\Map\video\frames\02_Wakizashi_3P_Attack2_0008.png'
00:37.000  render           | Saved: 'C:\Users\29\Desktop\3y\Map\video\frames\02_Wakizashi_3P_Attack2_0009.png'
00:37.172  render           | Saved: 'C:\Users\29\Desktop\3y\Map\video\frames\02_Wakizashi_3P_Attack2_0010.png'
00:37.343  render           | Saved: 'C:\Users\29\Desktop\3y\Map\video\frames\02_Wakizashi_3P_Attack2_0011.png'
00:37.515  render           | Saved: 'C:\Users\29\Desktop\3y\Map\video\frames\02_Wakizashi_3P_Attack2_0012.png'
00:37.687  render           | Saved: 'C:\Users\29\Desktop\3y\Map\video\frames\02_Wakizashi_3P_Attack2_0013.png'
00:37.843  render           | Saved: 'C:\Users\29\Desktop\3y\Map\video\frames\02_Wakizashi_3P_Attack2_0014.png'
00:38.015  render           | Saved: 'C:\Users\29\Desktop\3y\Map\video\frames\02_Wakizashi_3P_Attack2_0015.png'
00:38.203  render           | Saved: 'C:\Users\29\Desktop\3y\Map\video\frames\02_Wakizashi_3P_Attack2_0016.png'
00:38.375  render           | Saved: 'C:\Users\29\Desktop\3y\Map\video\frames\02_Wakizashi_3P_Attack2_0017.png'
00:38.547  render           | Saved: 'C:\Users\29\Desktop\3y\Map\video\frames\02_Wakizashi_3P_Attack2_0018.png'
00:38.718  render           | Saved: 'C:\Users\29\Desktop\3y\Map\video\frames\02_Wakizashi_3P_Attack2_0019.png'
00:38.875  render           | Saved: 'C:\Users\29\Desktop\3y\Map\video\frames\02_Wakizashi_3P_Attack2_0020.png'
00:39.047  render           | Saved: 'C:\Users\29\Desktop\3y\Map\video\frames\02_Wakizashi_3P_Attack2_0021.png'
00:39.203  render           | Saved: 'C:\Users\29\Desktop\3y\Map\video\frames\02_Wakizashi_3P_Attack2_0022.png'
00:39.375  render           | Saved: 'C:\Users\29\Desktop\3y\Map\video\frames\02_Wakizashi_3P_Attack2_0023.png'
00:39.562  render           | Saved: 'C:\Users\29\Desktop\3y\Map\video\frames\02_Wakizashi_3P_Attack2_0024.png'
00:39.718  render           | Saved: 'C:\Users\29\Desktop\3y\Map\video\frames\02_Wakizashi_3P_Attack2_0025.png'
00:39.890  render           | Saved: 'C:\Users\29\Desktop\3y\Map\video\frames\02_Wakizashi_3P_Attack2_0026.png'
00:40.062  render           | Saved: 'C:\Users\29\Desktop\3y\Map\video\frames\02_Wakizashi_3P_Attack2_0027.png'
00:40.234  render           | Saved: 'C:\Users\29\Desktop\3y\Map\video\frames\02_Wakizashi_3P_Attack2_0028.png'
00:40.406  render           | Saved: 'C:\Users\29\Desktop\3y\Map\video\frames\02_Wakizashi_3P_Attack2_0029.png'
00:40.562  render           | Saved: 'C:\Users\29\Desktop\3y\Map\video\frames\02_Wakizashi_3P_Attack2_0030.png'
00:40.734  render           | Saved: 'C:\Users\29\Desktop\3y\Map\video\frames\02_Wakizashi_3P_Attack2_0031.png'
00:40.906  render           | Saved: 'C:\Users\29\Desktop\3y\Map\video\frames\02_Wakizashi_3P_Attack2_0032.png'
00:41.062  render           | Saved: 'C:\Users\29\Desktop\3y\Map\video\frames\02_Wakizashi_3P_Attack2_0033.png'
00:41.234  render           | Saved: 'C:\Users\29\Desktop\3y\Map\video\frames\02_Wakizashi_3P_Attack2_0034.png'
00:41.406  render           | Saved: 'C:\Users\29\Desktop\3y\Map\video\frames\02_Wakizashi_3P_Attack2_0035.png'
00:41.578  render           | Saved: 'C:\Users\29\Desktop\3y\Map\video\frames\02_Wakizashi_3P_Attack2_0036.png'
00:41.765  render           | Saved: 'C:\Users\29\Desktop\3y\Map\video\frames\02_Wakizashi_3P_Attack2_0037.png'
00:41.906  render           | Saved: 'C:\Users\29\Desktop\3y\Map\video\frames\02_Wakizashi_3P_Attack2_0038.png'
00:42.172  render           | Saved: 'C:\Users\29\Desktop\3y\Map\video\frames\02_Wakizashi_3P_Attack2_0039.png'
00:42.343  render           | Saved: 'C:\Users\29\Desktop\3y\Map\video\frames\02_Wakizashi_3P_Attack2_0040.png'
00:42.500  render           | Saved: 'C:\Users\29\Desktop\3y\Map\video\frames\02_Wakizashi_3P_Attack2_0041.png'
00:42.672  render           | Saved: 'C:\Users\29\Desktop\3y\Map\video\frames\02_Wakizashi_3P_Attack2_0042.png'
00:42.843  render           | Saved: 'C:\Users\29\Desktop\3y\Map\video\frames\02_Wakizashi_3P_Attack2_0043.png'
00:43.015  render           | Saved: 'C:\Users\29\Desktop\3y\Map\video\frames\02_Wakizashi_3P_Attack2_0044.png'
00:43.187  render           | Saved: 'C:\Users\29\Desktop\3y\Map\video\frames\02_Wakizashi_3P_Attack2_0045.png'
00:43.343  render           | Saved: 'C:\Users\29\Desktop\3y\Map\video\frames\02_Wakizashi_3P_Attack2_0046.png'
00:43.515  render           | Saved: 'C:\Users\29\Desktop\3y\Map\video\frames\02_Wakizashi_3P_Attack2_0047.png'
00:43.687  render           | Saved: 'C:\Users\29\Desktop\3y\Map\video\frames\02_Wakizashi_3P_Attack2_0048.png'
00:43.859  render           | Saved: 'C:\Users\29\Desktop\3y\Map\video\frames\02_Wakizashi_3P_Attack2_0049.png'
00:44.031  render           | Saved: 'C:\Users\29\Desktop\3y\Map\video\frames\02_Wakizashi_3P_Attack2_0050.png'
00:44.187  render           | Saved: 'C:\Users\29\Desktop\3y\Map\video\frames\02_Wakizashi_3P_Attack2_0051.png'
00:44.343  render           | Saved: 'C:\Users\29\Desktop\3y\Map\video\frames\02_Wakizashi_3P_Attack2_0052.png'
00:44.515  render           | Saved: 'C:\Users\29\Desktop\3y\Map\video\frames\02_Wakizashi_3P_Attack2_0053.png'
00:44.687  render           | Saved: 'C:\Users\29\Desktop\3y\Map\video\frames\02_Wakizashi_3P_Attack2_0054.png'
00:44.859  render           | Saved: 'C:\Users\29\Desktop\3y\Map\video\frames\02_Wakizashi_3P_Attack2_0055.png'
00:45.015  render           | Saved: 'C:\Users\29\Desktop\3y\Map\video\frames\02_Wakizashi_3P_Attack2_0056.png'
00:45.187  render           | Saved: 'C:\Users\29\Desktop\3y\Map\video\frames\02_Wakizashi_3P_Attack2_0057.png'
00:45.359  render           | Saved: 'C:\Users\29\Desktop\3y\Map\video\frames\02_Wakizashi_3P_Attack2_0058.png'
00:45.531  render           | Saved: 'C:\Users\29\Desktop\3y\Map\video\frames\02_Wakizashi_3P_Attack2_0059.png'
00:45.703  render           | Saved: 'C:\Users\29\Desktop\3y\Map\video\frames\02_Wakizashi_3P_Attack2_0060.png'
00:45.875  render           | Saved: 'C:\Users\29\Desktop\3y\Map\video\frames\02_Wakizashi_3P_Attack2_0061.png'
00:46.031  render           | Saved: 'C:\Users\29\Desktop\3y\Map\video\frames\02_Wakizashi_3P_Attack2_0062.png'
00:46.203  render           | Saved: 'C:\Users\29\Desktop\3y\Map\video\frames\02_Wakizashi_3P_Attack2_0063.png'
00:46.359  render           | Saved: 'C:\Users\29\Desktop\3y\Map\video\frames\02_Wakizashi_3P_Attack2_0064.png'
00:46.968  render           | Saved: 'C:\Users\29\Desktop\3y\Map\video\frames\03_Wakizashi_3P_Attack3_0002.png'
00:47.125  render           | Saved: 'C:\Users\29\Desktop\3y\Map\video\frames\03_Wakizashi_3P_Attack3_0003.png'
00:47.281  render           | Saved: 'C:\Users\29\Desktop\3y\Map\video\frames\03_Wakizashi_3P_Attack3_0004.png'
00:47.437  render           | Saved: 'C:\Users\29\Desktop\3y\Map\video\frames\03_Wakizashi_3P_Attack3_0005.png'
00:47.593  render           | Saved: 'C:\Users\29\Desktop\3y\Map\video\frames\03_Wakizashi_3P_Attack3_0006.png'
00:47.750  render           | Saved: 'C:\Users\29\Desktop\3y\Map\video\frames\03_Wakizashi_3P_Attack3_0007.png'
00:47.906  render           | Saved: 'C:\Users\29\Desktop\3y\Map\video\frames\03_Wakizashi_3P_Attack3_0008.png'
00:48.078  render           | Saved: 'C:\Users\29\Desktop\3y\Map\video\frames\03_Wakizashi_3P_Attack3_0009.png'
00:48.218  render           | Saved: 'C:\Users\29\Desktop\3y\Map\video\frames\03_Wakizashi_3P_Attack3_0010.png'
00:48.375  render           | Saved: 'C:\Users\29\Desktop\3y\Map\video\frames\03_Wakizashi_3P_Attack3_0011.png'
00:48.531  render           | Saved: 'C:\Users\29\Desktop\3y\Map\video\frames\03_Wakizashi_3P_Attack3_0012.png'
00:48.687  render           | Saved: 'C:\Users\29\Desktop\3y\Map\video\frames\03_Wakizashi_3P_Attack3_0013.png'
00:48.843  render           | Saved: 'C:\Users\29\Desktop\3y\Map\video\frames\03_Wakizashi_3P_Attack3_0014.png'
00:49.015  render           | Saved: 'C:\Users\29\Desktop\3y\Map\video\frames\03_Wakizashi_3P_Attack3_0015.png'
00:49.172  render           | Saved: 'C:\Users\29\Desktop\3y\Map\video\frames\03_Wakizashi_3P_Attack3_0016.png'
00:49.343  render           | Saved: 'C:\Users\29\Desktop\3y\Map\video\frames\03_Wakizashi_3P_Attack3_0017.png'
00:49.500  render           | Saved: 'C:\Users\29\Desktop\3y\Map\video\frames\03_Wakizashi_3P_Attack3_0018.png'
00:49.672  render           | Saved: 'C:\Users\29\Desktop\3y\Map\video\frames\03_Wakizashi_3P_Attack3_0019.png'
00:49.828  render           | Saved: 'C:\Users\29\Desktop\3y\Map\video\frames\03_Wakizashi_3P_Attack3_0020.png'
00:50.000  render           | Saved: 'C:\Users\29\Desktop\3y\Map\video\frames\03_Wakizashi_3P_Attack3_0021.png'
00:50.156  render           | Saved: 'C:\Users\29\Desktop\3y\Map\video\frames\03_Wakizashi_3P_Attack3_0022.png'
00:50.328  render           | Saved: 'C:\Users\29\Desktop\3y\Map\video\frames\03_Wakizashi_3P_Attack3_0023.png'
00:50.484  render           | Saved: 'C:\Users\29\Desktop\3y\Map\video\frames\03_Wakizashi_3P_Attack3_0024.png'
00:50.656  render           | Saved: 'C:\Users\29\Desktop\3y\Map\video\frames\03_Wakizashi_3P_Attack3_0025.png'
00:50.812  render           | Saved: 'C:\Users\29\Desktop\3y\Map\video\frames\03_Wakizashi_3P_Attack3_0026.png'
00:50.984  render           | Saved: 'C:\Users\29\Desktop\3y\Map\video\frames\03_Wakizashi_3P_Attack3_0027.png'
00:51.140  render           | Saved: 'C:\Users\29\Desktop\3y\Map\video\frames\03_Wakizashi_3P_Attack3_0028.png'
00:51.312  render           | Saved: 'C:\Users\29\Desktop\3y\Map\video\frames\03_Wakizashi_3P_Attack3_0029.png'
00:51.468  render           | Saved: 'C:\Users\29\Desktop\3y\Map\video\frames\03_Wakizashi_3P_Attack3_0030.png'
00:51.640  render           | Saved: 'C:\Users\29\Desktop\3y\Map\video\frames\03_Wakizashi_3P_Attack3_0031.png'
00:51.812  render           | Saved: 'C:\Users\29\Desktop\3y\Map\video\frames\03_Wakizashi_3P_Attack3_0032.png'
00:51.984  render           | Saved: 'C:\Users\29\Desktop\3y\Map\video\frames\03_Wakizashi_3P_Attack3_0033.png'
00:52.156  render           | Saved: 'C:\Users\29\Desktop\3y\Map\video\frames\03_Wakizashi_3P_Attack3_0034.png'
00:52.312  render           | Saved: 'C:\Users\29\Desktop\3y\Map\video\frames\03_Wakizashi_3P_Attack3_0035.png'
00:52.484  render           | Saved: 'C:\Users\29\Desktop\3y\Map\video\frames\03_Wakizashi_3P_Attack3_0036.png'
00:52.656  render           | Saved: 'C:\Users\29\Desktop\3y\Map\video\frames\03_Wakizashi_3P_Attack3_0037.png'
00:52.812  render           | Saved: 'C:\Users\29\Desktop\3y\Map\video\frames\03_Wakizashi_3P_Attack3_0038.png'
00:52.984  render           | Saved: 'C:\Users\29\Desktop\3y\Map\video\frames\03_Wakizashi_3P_Attack3_0039.png'
00:53.172  render           | Saved: 'C:\Users\29\Desktop\3y\Map\video\frames\03_Wakizashi_3P_Attack3_0040.png'
00:53.328  render           | Saved: 'C:\Users\29\Desktop\3y\Map\video\frames\03_Wakizashi_3P_Attack3_0041.png'
00:53.500  render           | Saved: 'C:\Users\29\Desktop\3y\Map\video\frames\03_Wakizashi_3P_Attack3_0042.png'
00:53.672  render           | Saved: 'C:\Users\29\Desktop\3y\Map\video\frames\03_Wakizashi_3P_Attack3_0043.png'
00:53.843  render           | Saved: 'C:\Users\29\Desktop\3y\Map\video\frames\03_Wakizashi_3P_Attack3_0044.png'
00:54.015  render           | Saved: 'C:\Users\29\Desktop\3y\Map\video\frames\03_Wakizashi_3P_Attack3_0045.png'
00:54.203  render           | Saved: 'C:\Users\29\Desktop\3y\Map\video\frames\03_Wakizashi_3P_Attack3_0046.png'
00:54.375  render           | Saved: 'C:\Users\29\Desktop\3y\Map\video\frames\03_Wakizashi_3P_Attack3_0047.png'
00:54.531  render           | Saved: 'C:\Users\29\Desktop\3y\Map\video\frames\03_Wakizashi_3P_Attack3_0048.png'
00:54.703  render           | Saved: 'C:\Users\29\Desktop\3y\Map\video\frames\03_Wakizashi_3P_Attack3_0049.png'
00:54.875  render           | Saved: 'C:\Users\29\Desktop\3y\Map\video\frames\03_Wakizashi_3P_Attack3_0050.png'
00:55.047  render           | Saved: 'C:\Users\29\Desktop\3y\Map\video\frames\03_Wakizashi_3P_Attack3_0051.png'
00:55.218  render           | Saved: 'C:\Users\29\Desktop\3y\Map\video\frames\03_Wakizashi_3P_Attack3_0052.png'
00:55.375  render           | Saved: 'C:\Users\29\Desktop\3y\Map\video\frames\03_Wakizashi_3P_Attack3_0053.png'
00:55.531  render           | Saved: 'C:\Users\29\Desktop\3y\Map\video\frames\03_Wakizashi_3P_Attack3_0054.png'
00:55.687  render           | Saved: 'C:\Users\29\Desktop\3y\Map\video\frames\03_Wakizashi_3P_Attack3_0055.png'
00:55.859  render           | Saved: 'C:\Users\29\Desktop\3y\Map\video\frames\03_Wakizashi_3P_Attack3_0056.png'
00:56.015  render           | Saved: 'C:\Users\29\Desktop\3y\Map\video\frames\03_Wakizashi_3P_Attack3_0057.png'
00:56.172  render           | Saved: 'C:\Users\29\Desktop\3y\Map\video\frames\03_Wakizashi_3P_Attack3_0058.png'
00:56.359  render           | Saved: 'C:\Users\29\Desktop\3y\Map\video\frames\03_Wakizashi_3P_Attack3_0059.png'
00:56.531  render           | Saved: 'C:\Users\29\Desktop\3y\Map\video\frames\03_Wakizashi_3P_Attack3_0060.png'
00:56.703  render           | Saved: 'C:\Users\29\Desktop\3y\Map\video\frames\03_Wakizashi_3P_Attack3_0061.png'
00:56.968  render           | Saved: 'C:\Users\29\Desktop\3y\Map\video\frames\03_Wakizashi_3P_Attack3_0062.png'
00:57.156  render           | Saved: 'C:\Users\29\Desktop\3y\Map\video\frames\03_Wakizashi_3P_Attack3_0063.png'
00:57.328  render           | Saved: 'C:\Users\29\Desktop\3y\Map\video\frames\03_Wakizashi_3P_Attack3_0064.png'
00:57.500  render           | Saved: 'C:\Users\29\Desktop\3y\Map\video\frames\03_Wakizashi_3P_Attack3_0065.png'
00:57.656  render           | Saved: 'C:\Users\29\Desktop\3y\Map\video\frames\03_Wakizashi_3P_Attack3_0066.png'
00:57.843  render           | Saved: 'C:\Users\29\Desktop\3y\Map\video\frames\03_Wakizashi_3P_Attack3_0067.png'
00:58.000  render           | Saved: 'C:\Users\29\Desktop\3y\Map\video\frames\03_Wakizashi_3P_Attack3_0068.png'
00:58.187  render           | Saved: 'C:\Users\29\Desktop\3y\Map\video\frames\03_Wakizashi_3P_Attack3_0069.png'
00:58.343  render           | Saved: 'C:\Users\29\Desktop\3y\Map\video\frames\03_Wakizashi_3P_Attack3_0070.png'
00:58.515  render           | Saved: 'C:\Users\29\Desktop\3y\Map\video\frames\03_Wakizashi_3P_Attack3_0071.png'
00:59.062  render           | Saved: 'C:\Users\29\Desktop\3y\Map\video\frames\04_Wakizashi_3P_BlockIn_0004.png'
00:59.234  render           | Saved: 'C:\Users\29\Desktop\3y\Map\video\frames\04_Wakizashi_3P_BlockIn_0005.png'
00:59.422  render           | Saved: 'C:\Users\29\Desktop\3y\Map\video\frames\04_Wakizashi_3P_BlockIn_0006.png'
00:59.593  render           | Saved: 'C:\Users\29\Desktop\3y\Map\video\frames\04_Wakizashi_3P_BlockIn_0007.png'
00:59.750  render           | Saved: 'C:\Users\29\Desktop\3y\Map\video\frames\04_Wakizashi_3P_BlockIn_0008.png'
00:59.922  render           | Saved: 'C:\Users\29\Desktop\3y\Map\video\frames\04_Wakizashi_3P_BlockIn_0009.png'
01:00.093  render           | Saved: 'C:\Users\29\Desktop\3y\Map\video\frames\04_Wakizashi_3P_BlockIn_0010.png'
01:00.250  render           | Saved: 'C:\Users\29\Desktop\3y\Map\video\frames\04_Wakizashi_3P_BlockIn_0011.png'
01:00.437  render           | Saved: 'C:\Users\29\Desktop\3y\Map\video\frames\04_Wakizashi_3P_BlockIn_0012.png'
01:00.593  render           | Saved: 'C:\Users\29\Desktop\3y\Map\video\frames\04_Wakizashi_3P_BlockIn_0013.png'
01:00.765  render           | Saved: 'C:\Users\29\Desktop\3y\Map\video\frames\04_Wakizashi_3P_BlockIn_0014.png'
01:01.343  render           | Saved: 'C:\Users\29\Desktop\3y\Map\video\frames\05_Wakizashi_3P_BlockHold_0002.png'
01:01.500  render           | Saved: 'C:\Users\29\Desktop\3y\Map\video\frames\05_Wakizashi_3P_BlockHold_0003.png'
01:01.687  render           | Saved: 'C:\Users\29\Desktop\3y\Map\video\frames\05_Wakizashi_3P_BlockHold_0004.png'
01:01.843  render           | Saved: 'C:\Users\29\Desktop\3y\Map\video\frames\05_Wakizashi_3P_BlockHold_0005.png'
01:02.015  render           | Saved: 'C:\Users\29\Desktop\3y\Map\video\frames\05_Wakizashi_3P_BlockHold_0006.png'
01:02.203  render           | Saved: 'C:\Users\29\Desktop\3y\Map\video\frames\05_Wakizashi_3P_BlockHold_0007.png'
01:02.359  render           | Saved: 'C:\Users\29\Desktop\3y\Map\video\frames\05_Wakizashi_3P_BlockHold_0008.png'
01:02.515  render           | Saved: 'C:\Users\29\Desktop\3y\Map\video\frames\05_Wakizashi_3P_BlockHold_0009.png'
01:02.687  render           | Saved: 'C:\Users\29\Desktop\3y\Map\video\frames\05_Wakizashi_3P_BlockHold_0010.png'
01:02.859  render           | Saved: 'C:\Users\29\Desktop\3y\Map\video\frames\05_Wakizashi_3P_BlockHold_0011.png'
01:03.015  render           | Saved: 'C:\Users\29\Desktop\3y\Map\video\frames\05_Wakizashi_3P_BlockHold_0012.png'
01:03.187  render           | Saved: 'C:\Users\29\Desktop\3y\Map\video\frames\05_Wakizashi_3P_BlockHold_0013.png'
01:03.343  render           | Saved: 'C:\Users\29\Desktop\3y\Map\video\frames\05_Wakizashi_3P_BlockHold_0014.png'
01:03.500  render           | Saved: 'C:\Users\29\Desktop\3y\Map\video\frames\05_Wakizashi_3P_BlockHold_0015.png'
01:03.656  render           | Saved: 'C:\Users\29\Desktop\3y\Map\video\frames\05_Wakizashi_3P_BlockHold_0016.png'
01:03.812  render           | Saved: 'C:\Users\29\Desktop\3y\Map\video\frames\05_Wakizashi_3P_BlockHold_0017.png'
01:03.984  render           | Saved: 'C:\Users\29\Desktop\3y\Map\video\frames\05_Wakizashi_3P_BlockHold_0018.png'
01:04.140  render           | Saved: 'C:\Users\29\Desktop\3y\Map\video\frames\05_Wakizashi_3P_BlockHold_0019.png'
01:04.312  render           | Saved: 'C:\Users\29\Desktop\3y\Map\video\frames\05_Wakizashi_3P_BlockHold_0020.png'
01:04.468  render           | Saved: 'C:\Users\29\Desktop\3y\Map\video\frames\05_Wakizashi_3P_BlockHold_0021.png'
01:04.625  render           | Saved: 'C:\Users\29\Desktop\3y\Map\video\frames\05_Wakizashi_3P_BlockHold_0022.png'
01:04.797  render           | Saved: 'C:\Users\29\Desktop\3y\Map\video\frames\05_Wakizashi_3P_BlockHold_0023.png'
01:04.953  render           | Saved: 'C:\Users\29\Desktop\3y\Map\video\frames\05_Wakizashi_3P_BlockHold_0024.png'
01:05.109  render           | Saved: 'C:\Users\29\Desktop\3y\Map\video\frames\05_Wakizashi_3P_BlockHold_0025.png'
01:05.281  render           | Saved: 'C:\Users\29\Desktop\3y\Map\video\frames\05_Wakizashi_3P_BlockHold_0026.png'
01:05.453  render           | Saved: 'C:\Users\29\Desktop\3y\Map\video\frames\05_Wakizashi_3P_BlockHold_0027.png'
01:05.609  render           | Saved: 'C:\Users\29\Desktop\3y\Map\video\frames\05_Wakizashi_3P_BlockHold_0028.png'
01:05.781  render           | Saved: 'C:\Users\29\Desktop\3y\Map\video\frames\05_Wakizashi_3P_BlockHold_0029.png'
01:05.953  render           | Saved: 'C:\Users\29\Desktop\3y\Map\video\frames\05_Wakizashi_3P_BlockHold_0030.png'
01:06.125  render           | Saved: 'C:\Users\29\Desktop\3y\Map\video\frames\05_Wakizashi_3P_BlockHold_0031.png'
01:06.297  render           | Saved: 'C:\Users\29\Desktop\3y\Map\video\frames\05_Wakizashi_3P_BlockHold_0032.png'
01:06.843  render           | Saved: 'C:\Users\29\Desktop\3y\Map\video\frames\06_Wakizashi_3P_BlockOut_0004.png'
01:07.015  render           | Saved: 'C:\Users\29\Desktop\3y\Map\video\frames\06_Wakizashi_3P_BlockOut_0005.png'
01:07.187  render           | Saved: 'C:\Users\29\Desktop\3y\Map\video\frames\06_Wakizashi_3P_BlockOut_0006.png'
01:07.359  render           | Saved: 'C:\Users\29\Desktop\3y\Map\video\frames\06_Wakizashi_3P_BlockOut_0007.png'
01:07.531  render           | Saved: 'C:\Users\29\Desktop\3y\Map\video\frames\06_Wakizashi_3P_BlockOut_0008.png'
01:07.703  render           | Saved: 'C:\Users\29\Desktop\3y\Map\video\frames\06_Wakizashi_3P_BlockOut_0009.png'
01:07.875  render           | Saved: 'C:\Users\29\Desktop\3y\Map\video\frames\06_Wakizashi_3P_BlockOut_0010.png'
01:08.031  render           | Saved: 'C:\Users\29\Desktop\3y\Map\video\frames\06_Wakizashi_3P_BlockOut_0011.png'
01:08.203  render           | Saved: 'C:\Users\29\Desktop\3y\Map\video\frames\06_Wakizashi_3P_BlockOut_0012.png'
01:08.359  render           | Saved: 'C:\Users\29\Desktop\3y\Map\video\frames\06_Wakizashi_3P_BlockOut_0013.png'
01:08.547  render           | Saved: 'C:\Users\29\Desktop\3y\Map\video\frames\06_Wakizashi_3P_BlockOut_0014.png'
01:09.156  render           | Saved: 'C:\Users\29\Desktop\3y\Map\video\frames\07_Wakizashi_3P_KunaiThrow_0002.png'
01:09.328  render           | Saved: 'C:\Users\29\Desktop\3y\Map\video\frames\07_Wakizashi_3P_KunaiThrow_0003.png'
01:09.500  render           | Saved: 'C:\Users\29\Desktop\3y\Map\video\frames\07_Wakizashi_3P_KunaiThrow_0004.png'
01:09.672  render           | Saved: 'C:\Users\29\Desktop\3y\Map\video\frames\07_Wakizashi_3P_KunaiThrow_0005.png'
01:09.859  render           | Saved: 'C:\Users\29\Desktop\3y\Map\video\frames\07_Wakizashi_3P_KunaiThrow_0006.png'
01:10.031  render           | Saved: 'C:\Users\29\Desktop\3y\Map\video\frames\07_Wakizashi_3P_KunaiThrow_0007.png'
01:10.203  render           | Saved: 'C:\Users\29\Desktop\3y\Map\video\frames\07_Wakizashi_3P_KunaiThrow_0008.png'
01:10.375  render           | Saved: 'C:\Users\29\Desktop\3y\Map\video\frames\07_Wakizashi_3P_KunaiThrow_0009.png'
01:10.547  render           | Saved: 'C:\Users\29\Desktop\3y\Map\video\frames\07_Wakizashi_3P_KunaiThrow_0010.png'
01:10.718  render           | Saved: 'C:\Users\29\Desktop\3y\Map\video\frames\07_Wakizashi_3P_KunaiThrow_0011.png'
01:10.875  render           | Saved: 'C:\Users\29\Desktop\3y\Map\video\frames\07_Wakizashi_3P_KunaiThrow_0012.png'
01:11.047  render           | Saved: 'C:\Users\29\Desktop\3y\Map\video\frames\07_Wakizashi_3P_KunaiThrow_0013.png'
01:11.218  render           | Saved: 'C:\Users\29\Desktop\3y\Map\video\frames\07_Wakizashi_3P_KunaiThrow_0014.png'
01:11.375  render           | Saved: 'C:\Users\29\Desktop\3y\Map\video\frames\07_Wakizashi_3P_KunaiThrow_0015.png'
01:11.531  render           | Saved: 'C:\Users\29\Desktop\3y\Map\video\frames\07_Wakizashi_3P_KunaiThrow_0016.png'
01:11.703  render           | Saved: 'C:\Users\29\Desktop\3y\Map\video\frames\07_Wakizashi_3P_KunaiThrow_0017.png'
01:11.859  render           | Saved: 'C:\Users\29\Desktop\3y\Map\video\frames\07_Wakizashi_3P_KunaiThrow_0018.png'
01:12.047  render           | Saved: 'C:\Users\29\Desktop\3y\Map\video\frames\07_Wakizashi_3P_KunaiThrow_0019.png'
01:12.203  render           | Saved: 'C:\Users\29\Desktop\3y\Map\video\frames\07_Wakizashi_3P_KunaiThrow_0020.png'
01:12.437  render           | Saved: 'C:\Users\29\Desktop\3y\Map\video\frames\07_Wakizashi_3P_KunaiThrow_0021.png'
01:12.609  render           | Saved: 'C:\Users\29\Desktop\3y\Map\video\frames\07_Wakizashi_3P_KunaiThrow_0022.png'
01:12.781  render           | Saved: 'C:\Users\29\Desktop\3y\Map\video\frames\07_Wakizashi_3P_KunaiThrow_0023.png'
01:12.968  render           | Saved: 'C:\Users\29\Desktop\3y\Map\video\frames\07_Wakizashi_3P_KunaiThrow_0024.png'
01:13.140  render           | Saved: 'C:\Users\29\Desktop\3y\Map\video\frames\07_Wakizashi_3P_KunaiThrow_0025.png'
01:13.312  render           | Saved: 'C:\Users\29\Desktop\3y\Map\video\frames\07_Wakizashi_3P_KunaiThrow_0026.png'
01:13.484  render           | Saved: 'C:\Users\29\Desktop\3y\Map\video\frames\07_Wakizashi_3P_KunaiThrow_0027.png'
01:13.656  render           | Saved: 'C:\Users\29\Desktop\3y\Map\video\frames\07_Wakizashi_3P_KunaiThrow_0028.png'
01:13.828  render           | Saved: 'C:\Users\29\Desktop\3y\Map\video\frames\07_Wakizashi_3P_KunaiThrow_0029.png'
01:14.000  render           | Saved: 'C:\Users\29\Desktop\3y\Map\video\frames\07_Wakizashi_3P_KunaiThrow_0030.png'
01:14.156  render           | Saved: 'C:\Users\29\Desktop\3y\Map\video\frames\07_Wakizashi_3P_KunaiThrow_0031.png'
01:14.328  render           | Saved: 'C:\Users\29\Desktop\3y\Map\video\frames\07_Wakizashi_3P_KunaiThrow_0032.png'
01:14.500  render           | Saved: 'C:\Users\29\Desktop\3y\Map\video\frames\07_Wakizashi_3P_KunaiThrow_0033.png'
01:14.672  render           | Saved: 'C:\Users\29\Desktop\3y\Map\video\frames\07_Wakizashi_3P_KunaiThrow_0034.png'
01:14.828  render           | Saved: 'C:\Users\29\Desktop\3y\Map\video\frames\07_Wakizashi_3P_KunaiThrow_0035.png'
01:15.000  render           | Saved: 'C:\Users\29\Desktop\3y\Map\video\frames\07_Wakizashi_3P_KunaiThrow_0036.png'
01:15.172  render           | Saved: 'C:\Users\29\Desktop\3y\Map\video\frames\07_Wakizashi_3P_KunaiThrow_0037.png'
01:15.343  render           | Saved: 'C:\Users\29\Desktop\3y\Map\video\frames\07_Wakizashi_3P_KunaiThrow_0038.png'
01:15.515  render           | Saved: 'C:\Users\29\Desktop\3y\Map\video\frames\07_Wakizashi_3P_KunaiThrow_0039.png'
01:15.672  render           | Saved: 'C:\Users\29\Desktop\3y\Map\video\frames\07_Wakizashi_3P_KunaiThrow_0040.png'
01:15.843  render           | Saved: 'C:\Users\29\Desktop\3y\Map\video\frames\07_Wakizashi_3P_KunaiThrow_0041.png'
01:16.015  render           | Saved: 'C:\Users\29\Desktop\3y\Map\video\frames\07_Wakizashi_3P_KunaiThrow_0042.png'
01:16.172  render           | Saved: 'C:\Users\29\Desktop\3y\Map\video\frames\07_Wakizashi_3P_KunaiThrow_0043.png'
01:16.343  render           | Saved: 'C:\Users\29\Desktop\3y\Map\video\frames\07_Wakizashi_3P_KunaiThrow_0044.png'
01:16.500  render           | Saved: 'C:\Users\29\Desktop\3y\Map\video\frames\07_Wakizashi_3P_KunaiThrow_0045.png'
01:16.656  render           | Saved: 'C:\Users\29\Desktop\3y\Map\video\frames\07_Wakizashi_3P_KunaiThrow_0046.png'
01:16.875  render           | Saved: 'C:\Users\29\Desktop\3y\Map\video\frames\07_Wakizashi_3P_KunaiThrow_0047.png'
01:17.047  render           | Saved: 'C:\Users\29\Desktop\3y\Map\video\frames\07_Wakizashi_3P_KunaiThrow_0048.png'
01:17.203  render           | Saved: 'C:\Users\29\Desktop\3y\Map\video\frames\07_Wakizashi_3P_KunaiThrow_0049.png'
01:17.390  render           | Saved: 'C:\Users\29\Desktop\3y\Map\video\frames\07_Wakizashi_3P_KunaiThrow_0050.png'
01:17.547  render           | Saved: 'C:\Users\29\Desktop\3y\Map\video\frames\07_Wakizashi_3P_KunaiThrow_0051.png'
01:17.718  render           | Saved: 'C:\Users\29\Desktop\3y\Map\video\frames\07_Wakizashi_3P_KunaiThrow_0052.png'
01:17.890  render           | Saved: 'C:\Users\29\Desktop\3y\Map\video\frames\07_Wakizashi_3P_KunaiThrow_0053.png'
01:18.047  render           | Saved: 'C:\Users\29\Desktop\3y\Map\video\frames\07_Wakizashi_3P_KunaiThrow_0054.png'
01:18.218  render           | Saved: 'C:\Users\29\Desktop\3y\Map\video\frames\07_Wakizashi_3P_KunaiThrow_0055.png'
01:18.375  render           | Saved: 'C:\Users\29\Desktop\3y\Map\video\frames\07_Wakizashi_3P_KunaiThrow_0056.png'
01:18.547  render           | Saved: 'C:\Users\29\Desktop\3y\Map\video\frames\07_Wakizashi_3P_KunaiThrow_0057.png'
01:18.703  render           | Saved: 'C:\Users\29\Desktop\3y\Map\video\frames\07_Wakizashi_3P_KunaiThrow_0058.png'
01:18.890  render           | Saved: 'C:\Users\29\Desktop\3y\Map\video\frames\07_Wakizashi_3P_KunaiThrow_0059.png'
01:19.047  render           | Saved: 'C:\Users\29\Desktop\3y\Map\video\frames\07_Wakizashi_3P_KunaiThrow_0060.png'
01:19.203  render           | Saved: 'C:\Users\29\Desktop\3y\Map\video\frames\07_Wakizashi_3P_KunaiThrow_0061.png'
01:19.375  render           | Saved: 'C:\Users\29\Desktop\3y\Map\video\frames\07_Wakizashi_3P_KunaiThrow_0062.png'
01:19.578  render           | Saved: 'C:\Users\29\Desktop\3y\Map\video\frames\07_Wakizashi_3P_KunaiThrow_0063.png'
01:19.750  render           | Saved: 'C:\Users\29\Desktop\3y\Map\video\frames\07_Wakizashi_3P_KunaiThrow_0064.png'
01:19.922  render           | Saved: 'C:\Users\29\Desktop\3y\Map\video\frames\07_Wakizashi_3P_KunaiThrow_0065.png'
01:20.078  render           | Saved: 'C:\Users\29\Desktop\3y\Map\video\frames\07_Wakizashi_3P_KunaiThrow_0066.png'
01:20.250  render           | Saved: 'C:\Users\29\Desktop\3y\Map\video\frames\07_Wakizashi_3P_KunaiThrow_0067.png'
01:20.437  render           | Saved: 'C:\Users\29\Desktop\3y\Map\video\frames\07_Wakizashi_3P_KunaiThrow_0068.png'
01:20.625  render           | Saved: 'C:\Users\29\Desktop\3y\Map\video\frames\07_Wakizashi_3P_KunaiThrow_0069.png'
01:20.781  render           | Saved: 'C:\Users\29\Desktop\3y\Map\video\frames\07_Wakizashi_3P_KunaiThrow_0070.png'
01:20.953  render           | Saved: 'C:\Users\29\Desktop\3y\Map\video\frames\07_Wakizashi_3P_KunaiThrow_0071.png'
01:21.125  render           | Saved: 'C:\Users\29\Desktop\3y\Map\video\frames\07_Wakizashi_3P_KunaiThrow_0072.png'
01:21.297  render           | Saved: 'C:\Users\29\Desktop\3y\Map\video\frames\07_Wakizashi_3P_KunaiThrow_0073.png'
01:21.515  render           | Saved: 'C:\Users\29\Desktop\3y\Map\video\frames\07_Wakizashi_3P_KunaiThrow_0074.png'
01:21.672  render           | Saved: 'C:\Users\29\Desktop\3y\Map\video\frames\07_Wakizashi_3P_KunaiThrow_0075.png'
01:21.890  render           | Saved: 'C:\Users\29\Desktop\3y\Map\video\frames\07_Wakizashi_3P_KunaiThrow_0076.png'
01:22.031  render           | Saved: 'C:\Users\29\Desktop\3y\Map\video\frames\07_Wakizashi_3P_KunaiThrow_0077.png'
01:22.515  render           | Saved: 'C:\Users\29\Desktop\3y\Map\video\frames\08_Wakizashi_3P_Teleport_0004.png'
01:22.687  render           | Saved: 'C:\Users\29\Desktop\3y\Map\video\frames\08_Wakizashi_3P_Teleport_0005.png'
01:22.859  render           | Saved: 'C:\Users\29\Desktop\3y\Map\video\frames\08_Wakizashi_3P_Teleport_0006.png'
01:23.015  render           | Saved: 'C:\Users\29\Desktop\3y\Map\video\frames\08_Wakizashi_3P_Teleport_0007.png'
01:23.172  render           | Saved: 'C:\Users\29\Desktop\3y\Map\video\frames\08_Wakizashi_3P_Teleport_0008.png'
01:23.328  render           | Saved: 'C:\Users\29\Desktop\3y\Map\video\frames\08_Wakizashi_3P_Teleport_0009.png'
01:23.500  render           | Saved: 'C:\Users\29\Desktop\3y\Map\video\frames\08_Wakizashi_3P_Teleport_0010.png'
01:23.672  render           | Saved: 'C:\Users\29\Desktop\3y\Map\video\frames\08_Wakizashi_3P_Teleport_0011.png'
01:23.828  render           | Saved: 'C:\Users\29\Desktop\3y\Map\video\frames\08_Wakizashi_3P_Teleport_0012.png'
01:23.968  render           | Saved: 'C:\Users\29\Desktop\3y\Map\video\frames\08_Wakizashi_3P_Teleport_0013.png'
01:24.125  render           | Saved: 'C:\Users\29\Desktop\3y\Map\video\frames\08_Wakizashi_3P_Teleport_0014.png'
01:24.297  render           | Saved: 'C:\Users\29\Desktop\3y\Map\video\frames\08_Wakizashi_3P_Teleport_0015.png'
01:24.468  render           | Saved: 'C:\Users\29\Desktop\3y\Map\video\frames\08_Wakizashi_3P_Teleport_0016.png'
01:24.640  render           | Saved: 'C:\Users\29\Desktop\3y\Map\video\frames\08_Wakizashi_3P_Teleport_0017.png'
01:24.797  render           | Saved: 'C:\Users\29\Desktop\3y\Map\video\frames\08_Wakizashi_3P_Teleport_0018.png'
01:24.968  render           | Saved: 'C:\Users\29\Desktop\3y\Map\video\frames\08_Wakizashi_3P_Teleport_0019.png'
01:25.125  render           | Saved: 'C:\Users\29\Desktop\3y\Map\video\frames\08_Wakizashi_3P_Teleport_0020.png'
01:25.297  render           | Saved: 'C:\Users\29\Desktop\3y\Map\video\frames\08_Wakizashi_3P_Teleport_0021.png'
01:25.453  render           | Saved: 'C:\Users\29\Desktop\3y\Map\video\frames\08_Wakizashi_3P_Teleport_0022.png'
01:25.625  render           | Saved: 'C:\Users\29\Desktop\3y\Map\video\frames\08_Wakizashi_3P_Teleport_0023.png'
01:25.797  render           | Saved: 'C:\Users\29\Desktop\3y\Map\video\frames\08_Wakizashi_3P_Teleport_0024.png'
01:25.953  render           | Saved: 'C:\Users\29\Desktop\3y\Map\video\frames\08_Wakizashi_3P_Teleport_0025.png'
01:26.109  render           | Saved: 'C:\Users\29\Desktop\3y\Map\video\frames\08_Wakizashi_3P_Teleport_0026.png'
01:26.281  render           | Saved: 'C:\Users\29\Desktop\3y\Map\video\frames\08_Wakizashi_3P_Teleport_0027.png'
01:26.437  render           | Saved: 'C:\Users\29\Desktop\3y\Map\video\frames\08_Wakizashi_3P_Teleport_0028.png'
01:26.609  render           | Saved: 'C:\Users\29\Desktop\3y\Map\video\frames\08_Wakizashi_3P_Teleport_0029.png'
01:26.797  render           | Saved: 'C:\Users\29\Desktop\3y\Map\video\frames\08_Wakizashi_3P_Teleport_0030.png'
01:26.953  render           | Saved: 'C:\Users\29\Desktop\3y\Map\video\frames\08_Wakizashi_3P_Teleport_0031.png'
01:27.125  render           | Saved: 'C:\Users\29\Desktop\3y\Map\video\frames\08_Wakizashi_3P_Teleport_0032.png'
01:27.297  render           | Saved: 'C:\Users\29\Desktop\3y\Map\video\frames\08_Wakizashi_3P_Teleport_0033.png'
01:27.453  render           | Saved: 'C:\Users\29\Desktop\3y\Map\video\frames\08_Wakizashi_3P_Teleport_0034.png'
01:27.625  render           | Saved: 'C:\Users\29\Desktop\3y\Map\video\frames\08_Wakizashi_3P_Teleport_0035.png'
01:27.797  render           | Saved: 'C:\Users\29\Desktop\3y\Map\video\frames\08_Wakizashi_3P_Teleport_0036.png'
01:27.953  render           | Saved: 'C:\Users\29\Desktop\3y\Map\video\frames\08_Wakizashi_3P_Teleport_0037.png'
01:28.140  render           | Saved: 'C:\Users\29\Desktop\3y\Map\video\frames\08_Wakizashi_3P_Teleport_0038.png'
01:28.297  render           | Saved: 'C:\Users\29\Desktop\3y\Map\video\frames\08_Wakizashi_3P_Teleport_0039.png'
01:28.468  render           | Saved: 'C:\Users\29\Desktop\3y\Map\video\frames\08_Wakizashi_3P_Teleport_0040.png'
01:28.640  render           | Saved: 'C:\Users\29\Desktop\3y\Map\video\frames\08_Wakizashi_3P_Teleport_0041.png'
01:28.812  render           | Saved: 'C:\Users\29\Desktop\3y\Map\video\frames\08_Wakizashi_3P_Teleport_0042.png'
01:28.984  render           | Saved: 'C:\Users\29\Desktop\3y\Map\video\frames\08_Wakizashi_3P_Teleport_0043.png'
01:29.156  render           | Saved: 'C:\Users\29\Desktop\3y\Map\video\frames\08_Wakizashi_3P_Teleport_0044.png'
01:29.718  render           | Saved: 'C:\Users\29\Desktop\3y\Map\video\frames\09_Wakizashi_3P_Draw_0002.png'
01:29.890  render           | Saved: 'C:\Users\29\Desktop\3y\Map\video\frames\09_Wakizashi_3P_Draw_0003.png'
01:30.047  render           | Saved: 'C:\Users\29\Desktop\3y\Map\video\frames\09_Wakizashi_3P_Draw_0004.png'
01:30.218  render           | Saved: 'C:\Users\29\Desktop\3y\Map\video\frames\09_Wakizashi_3P_Draw_0005.png'
01:30.390  render           | Saved: 'C:\Users\29\Desktop\3y\Map\video\frames\09_Wakizashi_3P_Draw_0006.png'
01:30.547  render           | Saved: 'C:\Users\29\Desktop\3y\Map\video\frames\09_Wakizashi_3P_Draw_0007.png'
01:30.703  render           | Saved: 'C:\Users\29\Desktop\3y\Map\video\frames\09_Wakizashi_3P_Draw_0008.png'
01:30.875  render           | Saved: 'C:\Users\29\Desktop\3y\Map\video\frames\09_Wakizashi_3P_Draw_0009.png'
01:31.031  render           | Saved: 'C:\Users\29\Desktop\3y\Map\video\frames\09_Wakizashi_3P_Draw_0010.png'
01:31.203  render           | Saved: 'C:\Users\29\Desktop\3y\Map\video\frames\09_Wakizashi_3P_Draw_0011.png'
01:31.359  render           | Saved: 'C:\Users\29\Desktop\3y\Map\video\frames\09_Wakizashi_3P_Draw_0012.png'
01:31.515  render           | Saved: 'C:\Users\29\Desktop\3y\Map\video\frames\09_Wakizashi_3P_Draw_0013.png'
01:31.687  render           | Saved: 'C:\Users\29\Desktop\3y\Map\video\frames\09_Wakizashi_3P_Draw_0014.png'
01:31.843  render           | Saved: 'C:\Users\29\Desktop\3y\Map\video\frames\09_Wakizashi_3P_Draw_0015.png'
01:32.000  render           | Saved: 'C:\Users\29\Desktop\3y\Map\video\frames\09_Wakizashi_3P_Draw_0016.png'
01:32.156  render           | Saved: 'C:\Users\29\Desktop\3y\Map\video\frames\09_Wakizashi_3P_Draw_0017.png'
01:32.312  render           | Saved: 'C:\Users\29\Desktop\3y\Map\video\frames\09_Wakizashi_3P_Draw_0018.png'
01:32.468  render           | Saved: 'C:\Users\29\Desktop\3y\Map\video\frames\09_Wakizashi_3P_Draw_0019.png'
01:32.640  render           | Saved: 'C:\Users\29\Desktop\3y\Map\video\frames\09_Wakizashi_3P_Draw_0020.png'
01:32.797  render           | Saved: 'C:\Users\29\Desktop\3y\Map\video\frames\09_Wakizashi_3P_Draw_0021.png'
01:32.953  render           | Saved: 'C:\Users\29\Desktop\3y\Map\video\frames\09_Wakizashi_3P_Draw_0022.png'
01:33.125  render           | Saved: 'C:\Users\29\Desktop\3y\Map\video\frames\09_Wakizashi_3P_Draw_0023.png'
01:33.281  render           | Saved: 'C:\Users\29\Desktop\3y\Map\video\frames\09_Wakizashi_3P_Draw_0024.png'
01:33.437  render           | Saved: 'C:\Users\29\Desktop\3y\Map\video\frames\09_Wakizashi_3P_Draw_0025.png'
01:33.593  render           | Saved: 'C:\Users\29\Desktop\3y\Map\video\frames\09_Wakizashi_3P_Draw_0026.png'
01:33.750  render           | Saved: 'C:\Users\29\Desktop\3y\Map\video\frames\09_Wakizashi_3P_Draw_0027.png'
01:33.906  render           | Saved: 'C:\Users\29\Desktop\3y\Map\video\frames\09_Wakizashi_3P_Draw_0028.png'
01:34.062  render           | Saved: 'C:\Users\29\Desktop\3y\Map\video\frames\09_Wakizashi_3P_Draw_0029.png'
01:34.218  render           | Saved: 'C:\Users\29\Desktop\3y\Map\video\frames\09_Wakizashi_3P_Draw_0030.png'
01:34.390  render           | Saved: 'C:\Users\29\Desktop\3y\Map\video\frames\09_Wakizashi_3P_Draw_0031.png'
01:34.547  render           | Saved: 'C:\Users\29\Desktop\3y\Map\video\frames\09_Wakizashi_3P_Draw_0032.png'
01:34.703  render           | Saved: 'C:\Users\29\Desktop\3y\Map\video\frames\09_Wakizashi_3P_Draw_0033.png'
01:34.859  render           | Saved: 'C:\Users\29\Desktop\3y\Map\video\frames\09_Wakizashi_3P_Draw_0034.png'
01:35.031  render           | Saved: 'C:\Users\29\Desktop\3y\Map\video\frames\09_Wakizashi_3P_Draw_0035.png'
01:35.187  render           | Saved: 'C:\Users\29\Desktop\3y\Map\video\frames\09_Wakizashi_3P_Draw_0036.png'
01:35.343  render           | Saved: 'C:\Users\29\Desktop\3y\Map\video\frames\09_Wakizashi_3P_Draw_0037.png'
01:35.484  render           | Saved: 'C:\Users\29\Desktop\3y\Map\video\frames\09_Wakizashi_3P_Draw_0038.png'
01:35.656  render           | Saved: 'C:\Users\29\Desktop\3y\Map\video\frames\09_Wakizashi_3P_Draw_0039.png'
01:35.812  render           | Saved: 'C:\Users\29\Desktop\3y\Map\video\frames\09_Wakizashi_3P_Draw_0040.png'
01:35.984  render           | Saved: 'C:\Users\29\Desktop\3y\Map\video\frames\09_Wakizashi_3P_Draw_0041.png'
01:36.140  render           | Saved: 'C:\Users\29\Desktop\3y\Map\video\frames\09_Wakizashi_3P_Draw_0042.png'
01:36.281  render           | Saved: 'C:\Users\29\Desktop\3y\Map\video\frames\09_Wakizashi_3P_Draw_0043.png'
01:36.453  render           | Saved: 'C:\Users\29\Desktop\3y\Map\video\frames\09_Wakizashi_3P_Draw_0044.png'
01:36.609  render           | Saved: 'C:\Users\29\Desktop\3y\Map\video\frames\09_Wakizashi_3P_Draw_0045.png'
01:36.765  render           | Saved: 'C:\Users\29\Desktop\3y\Map\video\frames\09_Wakizashi_3P_Draw_0046.png'
01:36.922  render           | Saved: 'C:\Users\29\Desktop\3y\Map\video\frames\09_Wakizashi_3P_Draw_0047.png'
01:37.078  render           | Saved: 'C:\Users\29\Desktop\3y\Map\video\frames\09_Wakizashi_3P_Draw_0048.png'
01:37.250  render           | Saved: 'C:\Users\29\Desktop\3y\Map\video\frames\09_Wakizashi_3P_Draw_0049.png'
01:37.422  render           | Saved: 'C:\Users\29\Desktop\3y\Map\video\frames\09_Wakizashi_3P_Draw_0050.png'
01:37.593  render           | Saved: 'C:\Users\29\Desktop\3y\Map\video\frames\09_Wakizashi_3P_Draw_0051.png'
01:37.750  render           | Saved: 'C:\Users\29\Desktop\3y\Map\video\frames\09_Wakizashi_3P_Draw_0052.png'
01:37.922  render           | Saved: 'C:\Users\29\Desktop\3y\Map\video\frames\09_Wakizashi_3P_Draw_0053.png'
01:38.093  render           | Saved: 'C:\Users\29\Desktop\3y\Map\video\frames\09_Wakizashi_3P_Draw_0054.png'
01:38.265  render           | Saved: 'C:\Users\29\Desktop\3y\Map\video\frames\09_Wakizashi_3P_Draw_0055.png'
01:38.422  render           | Saved: 'C:\Users\29\Desktop\3y\Map\video\frames\09_Wakizashi_3P_Draw_0056.png'
01:38.593  render           | Saved: 'C:\Users\29\Desktop\3y\Map\video\frames\09_Wakizashi_3P_Draw_0057.png'
01:38.765  render           | Saved: 'C:\Users\29\Desktop\3y\Map\video\frames\09_Wakizashi_3P_Draw_0058.png'
01:38.937  render           | Saved: 'C:\Users\29\Desktop\3y\Map\video\frames\09_Wakizashi_3P_Draw_0059.png'
01:39.093  render           | Saved: 'C:\Users\29\Desktop\3y\Map\video\frames\09_Wakizashi_3P_Draw_0060.png'
01:39.265  render           | Saved: 'C:\Users\29\Desktop\3y\Map\video\frames\09_Wakizashi_3P_Draw_0061.png'
01:39.422  render           | Saved: 'C:\Users\29\Desktop\3y\Map\video\frames\09_Wakizashi_3P_Draw_0062.png'
01:39.593  render           | Saved: 'C:\Users\29\Desktop\3y\Map\video\frames\09_Wakizashi_3P_Draw_0063.png'
01:39.750  render           | Saved: 'C:\Users\29\Desktop\3y\Map\video\frames\09_Wakizashi_3P_Draw_0064.png'
01:39.922  render           | Saved: 'C:\Users\29\Desktop\3y\Map\video\frames\09_Wakizashi_3P_Draw_0065.png'
01:40.093  render           | Saved: 'C:\Users\29\Desktop\3y\Map\video\frames\09_Wakizashi_3P_Draw_0066.png'
01:40.265  render           | Saved: 'C:\Users\29\Desktop\3y\Map\video\frames\09_Wakizashi_3P_Draw_0067.png'
01:40.422  render           | Saved: 'C:\Users\29\Desktop\3y\Map\video\frames\09_Wakizashi_3P_Draw_0068.png'
01:40.593  render           | Saved: 'C:\Users\29\Desktop\3y\Map\video\frames\09_Wakizashi_3P_Draw_0069.png'
01:40.765  render           | Saved: 'C:\Users\29\Desktop\3y\Map\video\frames\09_Wakizashi_3P_Draw_0070.png'
01:40.922  render           | Saved: 'C:\Users\29\Desktop\3y\Map\video\frames\09_Wakizashi_3P_Draw_0071.png'
01:41.093  render           | Saved: 'C:\Users\29\Desktop\3y\Map\video\frames\09_Wakizashi_3P_Draw_0072.png'
01:41.265  render           | Saved: 'C:\Users\29\Desktop\3y\Map\video\frames\09_Wakizashi_3P_Draw_0073.png'
01:41.422  render           | Saved: 'C:\Users\29\Desktop\3y\Map\video\frames\09_Wakizashi_3P_Draw_0074.png'
01:41.593  render           | Saved: 'C:\Users\29\Desktop\3y\Map\video\frames\09_Wakizashi_3P_Draw_0075.png'
01:41.765  render           | Saved: 'C:\Users\29\Desktop\3y\Map\video\frames\09_Wakizashi_3P_Draw_0076.png'
01:41.937  render           | Saved: 'C:\Users\29\Desktop\3y\Map\video\frames\09_Wakizashi_3P_Draw_0077.png'
01:42.109  render           | Saved: 'C:\Users\29\Desktop\3y\Map\video\frames\09_Wakizashi_3P_Draw_0078.png'
01:42.281  render           | Saved: 'C:\Users\29\Desktop\3y\Map\video\frames\09_Wakizashi_3P_Draw_0079.png'
01:42.453  render           | Saved: 'C:\Users\29\Desktop\3y\Map\video\frames\09_Wakizashi_3P_Draw_0080.png'
01:42.625  render           | Saved: 'C:\Users\29\Desktop\3y\Map\video\frames\09_Wakizashi_3P_Draw_0081.png'
01:42.812  render           | Saved: 'C:\Users\29\Desktop\3y\Map\video\frames\09_Wakizashi_3P_Draw_0082.png'
01:42.968  render           | Saved: 'C:\Users\29\Desktop\3y\Map\video\frames\09_Wakizashi_3P_Draw_0083.png'
01:43.140  render           | Saved: 'C:\Users\29\Desktop\3y\Map\video\frames\09_Wakizashi_3P_Draw_0084.png'
01:43.312  render           | Saved: 'C:\Users\29\Desktop\3y\Map\video\frames\09_Wakizashi_3P_Draw_0085.png'
01:43.484  render           | Saved: 'C:\Users\29\Desktop\3y\Map\video\frames\09_Wakizashi_3P_Draw_0086.png'
01:43.640  render           | Saved: 'C:\Users\29\Desktop\3y\Map\video\frames\09_Wakizashi_3P_Draw_0087.png'
01:43.812  render           | Saved: 'C:\Users\29\Desktop\3y\Map\video\frames\09_Wakizashi_3P_Draw_0088.png'
01:43.968  render           | Saved: 'C:\Users\29\Desktop\3y\Map\video\frames\09_Wakizashi_3P_Draw_0089.png'
01:44.140  render           | Saved: 'C:\Users\29\Desktop\3y\Map\video\frames\09_Wakizashi_3P_Draw_0090.png'
01:44.312  render           | Saved: 'C:\Users\29\Desktop\3y\Map\video\frames\09_Wakizashi_3P_Draw_0091.png'
01:44.484  render           | Saved: 'C:\Users\29\Desktop\3y\Map\video\frames\09_Wakizashi_3P_Draw_0092.png'
01:44.656  render           | Saved: 'C:\Users\29\Desktop\3y\Map\video\frames\09_Wakizashi_3P_Draw_0093.png'
01:44.828  render           | Saved: 'C:\Users\29\Desktop\3y\Map\video\frames\09_Wakizashi_3P_Draw_0094.png'
01:45.375  render           | Saved: 'C:\Users\29\Desktop\3y\Map\video\frames\10_Wakizashi_3P_Ryunochi_0002.png'
01:45.547  render           | Saved: 'C:\Users\29\Desktop\3y\Map\video\frames\10_Wakizashi_3P_Ryunochi_0003.png'
01:45.718  render           | Saved: 'C:\Users\29\Desktop\3y\Map\video\frames\10_Wakizashi_3P_Ryunochi_0004.png'
01:45.890  render           | Saved: 'C:\Users\29\Desktop\3y\Map\video\frames\10_Wakizashi_3P_Ryunochi_0005.png'
01:46.047  render           | Saved: 'C:\Users\29\Desktop\3y\Map\video\frames\10_Wakizashi_3P_Ryunochi_0006.png'
01:46.234  render           | Saved: 'C:\Users\29\Desktop\3y\Map\video\frames\10_Wakizashi_3P_Ryunochi_0007.png'
01:46.390  render           | Saved: 'C:\Users\29\Desktop\3y\Map\video\frames\10_Wakizashi_3P_Ryunochi_0008.png'
01:46.562  render           | Saved: 'C:\Users\29\Desktop\3y\Map\video\frames\10_Wakizashi_3P_Ryunochi_0009.png'
01:46.734  render           | Saved: 'C:\Users\29\Desktop\3y\Map\video\frames\10_Wakizashi_3P_Ryunochi_0010.png'
01:46.890  render           | Saved: 'C:\Users\29\Desktop\3y\Map\video\frames\10_Wakizashi_3P_Ryunochi_0011.png'
01:47.062  render           | Saved: 'C:\Users\29\Desktop\3y\Map\video\frames\10_Wakizashi_3P_Ryunochi_0012.png'
01:47.234  render           | Saved: 'C:\Users\29\Desktop\3y\Map\video\frames\10_Wakizashi_3P_Ryunochi_0013.png'
01:47.390  render           | Saved: 'C:\Users\29\Desktop\3y\Map\video\frames\10_Wakizashi_3P_Ryunochi_0014.png'
01:47.562  render           | Saved: 'C:\Users\29\Desktop\3y\Map\video\frames\10_Wakizashi_3P_Ryunochi_0015.png'
01:47.750  render           | Saved: 'C:\Users\29\Desktop\3y\Map\video\frames\10_Wakizashi_3P_Ryunochi_0016.png'
01:47.906  render           | Saved: 'C:\Users\29\Desktop\3y\Map\video\frames\10_Wakizashi_3P_Ryunochi_0017.png'
01:48.078  render           | Saved: 'C:\Users\29\Desktop\3y\Map\video\frames\10_Wakizashi_3P_Ryunochi_0018.png'
01:48.250  render           | Saved: 'C:\Users\29\Desktop\3y\Map\video\frames\10_Wakizashi_3P_Ryunochi_0019.png'
01:48.406  render           | Saved: 'C:\Users\29\Desktop\3y\Map\video\frames\10_Wakizashi_3P_Ryunochi_0020.png'
01:48.578  render           | Saved: 'C:\Users\29\Desktop\3y\Map\video\frames\10_Wakizashi_3P_Ryunochi_0021.png'
01:48.750  render           | Saved: 'C:\Users\29\Desktop\3y\Map\video\frames\10_Wakizashi_3P_Ryunochi_0022.png'
01:48.906  render           | Saved: 'C:\Users\29\Desktop\3y\Map\video\frames\10_Wakizashi_3P_Ryunochi_0023.png'
01:49.078  render           | Saved: 'C:\Users\29\Desktop\3y\Map\video\frames\10_Wakizashi_3P_Ryunochi_0024.png'
01:49.250  render           | Saved: 'C:\Users\29\Desktop\3y\Map\video\frames\10_Wakizashi_3P_Ryunochi_0025.png'
01:49.422  render           | Saved: 'C:\Users\29\Desktop\3y\Map\video\frames\10_Wakizashi_3P_Ryunochi_0026.png'
01:49.578  render           | Saved: 'C:\Users\29\Desktop\3y\Map\video\frames\10_Wakizashi_3P_Ryunochi_0027.png'
01:49.750  render           | Saved: 'C:\Users\29\Desktop\3y\Map\video\frames\10_Wakizashi_3P_Ryunochi_0028.png'
01:49.906  render           | Saved: 'C:\Users\29\Desktop\3y\Map\video\frames\10_Wakizashi_3P_Ryunochi_0029.png'
01:50.078  render           | Saved: 'C:\Users\29\Desktop\3y\Map\video\frames\10_Wakizashi_3P_Ryunochi_0030.png'
01:50.250  render           | Saved: 'C:\Users\29\Desktop\3y\Map\video\frames\10_Wakizashi_3P_Ryunochi_0031.png'
01:50.422  render           | Saved: 'C:\Users\29\Desktop\3y\Map\video\frames\10_Wakizashi_3P_Ryunochi_0032.png'
01:50.578  render           | Saved: 'C:\Users\29\Desktop\3y\Map\video\frames\10_Wakizashi_3P_Ryunochi_0033.png'
01:50.750  render           | Saved: 'C:\Users\29\Desktop\3y\Map\video\frames\10_Wakizashi_3P_Ryunochi_0034.png'
01:50.906  render           | Saved: 'C:\Users\29\Desktop\3y\Map\video\frames\10_Wakizashi_3P_Ryunochi_0035.png'
01:51.078  render           | Saved: 'C:\Users\29\Desktop\3y\Map\video\frames\10_Wakizashi_3P_Ryunochi_0036.png'
01:51.250  render           | Saved: 'C:\Users\29\Desktop\3y\Map\video\frames\10_Wakizashi_3P_Ryunochi_0037.png'
01:51.406  render           | Saved: 'C:\Users\29\Desktop\3y\Map\video\frames\10_Wakizashi_3P_Ryunochi_0038.png'
01:51.578  render           | Saved: 'C:\Users\29\Desktop\3y\Map\video\frames\10_Wakizashi_3P_Ryunochi_0039.png'
01:51.750  render           | Saved: 'C:\Users\29\Desktop\3y\Map\video\frames\10_Wakizashi_3P_Ryunochi_0040.png'
01:51.906  render           | Saved: 'C:\Users\29\Desktop\3y\Map\video\frames\10_Wakizashi_3P_Ryunochi_0041.png'
01:52.078  render           | Saved: 'C:\Users\29\Desktop\3y\Map\video\frames\10_Wakizashi_3P_Ryunochi_0042.png'
01:52.250  render           | Saved: 'C:\Users\29\Desktop\3y\Map\video\frames\10_Wakizashi_3P_Ryunochi_0043.png'
01:52.422  render           | Saved: 'C:\Users\29\Desktop\3y\Map\video\frames\10_Wakizashi_3P_Ryunochi_0044.png'
01:52.578  render           | Saved: 'C:\Users\29\Desktop\3y\Map\video\frames\10_Wakizashi_3P_Ryunochi_0045.png'
01:52.750  render           | Saved: 'C:\Users\29\Desktop\3y\Map\video\frames\10_Wakizashi_3P_Ryunochi_0046.png'
01:52.906  render           | Saved: 'C:\Users\29\Desktop\3y\Map\video\frames\10_Wakizashi_3P_Ryunochi_0047.png'
01:53.062  render           | Saved: 'C:\Users\29\Desktop\3y\Map\video\frames\10_Wakizashi_3P_Ryunochi_0048.png'
01:53.234  render           | Saved: 'C:\Users\29\Desktop\3y\Map\video\frames\10_Wakizashi_3P_Ryunochi_0049.png'
01:53.406  render           | Saved: 'C:\Users\29\Desktop\3y\Map\video\frames\10_Wakizashi_3P_Ryunochi_0050.png'
01:53.562  render           | Saved: 'C:\Users\29\Desktop\3y\Map\video\frames\10_Wakizashi_3P_Ryunochi_0051.png'
01:53.734  render           | Saved: 'C:\Users\29\Desktop\3y\Map\video\frames\10_Wakizashi_3P_Ryunochi_0052.png'
01:53.890  render           | Saved: 'C:\Users\29\Desktop\3y\Map\video\frames\10_Wakizashi_3P_Ryunochi_0053.png'
01:54.062  render           | Saved: 'C:\Users\29\Desktop\3y\Map\video\frames\10_Wakizashi_3P_Ryunochi_0054.png'
01:54.218  render           | Saved: 'C:\Users\29\Desktop\3y\Map\video\frames\10_Wakizashi_3P_Ryunochi_0055.png'
01:54.406  render           | Saved: 'C:\Users\29\Desktop\3y\Map\video\frames\10_Wakizashi_3P_Ryunochi_0056.png'
01:54.562  render           | Saved: 'C:\Users\29\Desktop\3y\Map\video\frames\10_Wakizashi_3P_Ryunochi_0057.png'
01:54.718  render           | Saved: 'C:\Users\29\Desktop\3y\Map\video\frames\10_Wakizashi_3P_Ryunochi_0058.png'
01:54.890  render           | Saved: 'C:\Users\29\Desktop\3y\Map\video\frames\10_Wakizashi_3P_Ryunochi_0059.png'
01:55.062  render           | Saved: 'C:\Users\29\Desktop\3y\Map\video\frames\10_Wakizashi_3P_Ryunochi_0060.png'
01:55.234  render           | Saved: 'C:\Users\29\Desktop\3y\Map\video\frames\10_Wakizashi_3P_Ryunochi_0061.png'
01:55.390  render           | Saved: 'C:\Users\29\Desktop\3y\Map\video\frames\10_Wakizashi_3P_Ryunochi_0062.png'
01:55.547  render           | Saved: 'C:\Users\29\Desktop\3y\Map\video\frames\10_Wakizashi_3P_Ryunochi_0063.png'
01:55.718  render           | Saved: 'C:\Users\29\Desktop\3y\Map\video\frames\10_Wakizashi_3P_Ryunochi_0064.png'
01:55.875  render           | Saved: 'C:\Users\29\Desktop\3y\Map\video\frames\10_Wakizashi_3P_Ryunochi_0065.png'
01:56.047  render           | Saved: 'C:\Users\29\Desktop\3y\Map\video\frames\10_Wakizashi_3P_Ryunochi_0066.png'
01:56.218  render           | Saved: 'C:\Users\29\Desktop\3y\Map\video\frames\10_Wakizashi_3P_Ryunochi_0067.png'
01:56.375  render           | Saved: 'C:\Users\29\Desktop\3y\Map\video\frames\10_Wakizashi_3P_Ryunochi_0068.png'
01:56.547  render           | Saved: 'C:\Users\29\Desktop\3y\Map\video\frames\10_Wakizashi_3P_Ryunochi_0069.png'
01:56.703  render           | Saved: 'C:\Users\29\Desktop\3y\Map\video\frames\10_Wakizashi_3P_Ryunochi_0070.png'
01:56.875  render           | Saved: 'C:\Users\29\Desktop\3y\Map\video\frames\10_Wakizashi_3P_Ryunochi_0071.png'
01:57.047  render           | Saved: 'C:\Users\29\Desktop\3y\Map\video\frames\10_Wakizashi_3P_Ryunochi_0072.png'
01:57.218  render           | Saved: 'C:\Users\29\Desktop\3y\Map\video\frames\10_Wakizashi_3P_Ryunochi_0073.png'
01:57.390  render           | Saved: 'C:\Users\29\Desktop\3y\Map\video\frames\10_Wakizashi_3P_Ryunochi_0074.png'
01:57.562  render           | Saved: 'C:\Users\29\Desktop\3y\Map\video\frames\10_Wakizashi_3P_Ryunochi_0075.png'
01:57.734  render           | Saved: 'C:\Users\29\Desktop\3y\Map\video\frames\10_Wakizashi_3P_Ryunochi_0076.png'
01:57.890  render           | Saved: 'C:\Users\29\Desktop\3y\Map\video\frames\10_Wakizashi_3P_Ryunochi_0077.png'
01:58.047  render           | Saved: 'C:\Users\29\Desktop\3y\Map\video\frames\10_Wakizashi_3P_Ryunochi_0078.png'
01:58.218  render           | Saved: 'C:\Users\29\Desktop\3y\Map\video\frames\10_Wakizashi_3P_Ryunochi_0079.png'
01:58.390  render           | Saved: 'C:\Users\29\Desktop\3y\Map\video\frames\10_Wakizashi_3P_Ryunochi_0080.png'
01:58.547  render           | Saved: 'C:\Users\29\Desktop\3y\Map\video\frames\10_Wakizashi_3P_Ryunochi_0081.png'
01:58.703  render           | Saved: 'C:\Users\29\Desktop\3y\Map\video\frames\10_Wakizashi_3P_Ryunochi_0082.png'
01:58.859  render           | Saved: 'C:\Users\29\Desktop\3y\Map\video\frames\10_Wakizashi_3P_Ryunochi_0083.png'
01:59.031  render           | Saved: 'C:\Users\29\Desktop\3y\Map\video\frames\10_Wakizashi_3P_Ryunochi_0084.png'
01:59.187  render           | Saved: 'C:\Users\29\Desktop\3y\Map\video\frames\10_Wakizashi_3P_Ryunochi_0085.png'
01:59.343  render           | Saved: 'C:\Users\29\Desktop\3y\Map\video\frames\10_Wakizashi_3P_Ryunochi_0086.png'
01:59.515  render           | Saved: 'C:\Users\29\Desktop\3y\Map\video\frames\10_Wakizashi_3P_Ryunochi_0087.png'
01:59.672  render           | Saved: 'C:\Users\29\Desktop\3y\Map\video\frames\10_Wakizashi_3P_Ryunochi_0088.png'
01:59.859  render           | Saved: 'C:\Users\29\Desktop\3y\Map\video\frames\10_Wakizashi_3P_Ryunochi_0089.png'
02:00.047  render           | Saved: 'C:\Users\29\Desktop\3y\Map\video\frames\10_Wakizashi_3P_Ryunochi_0090.png'
02:00.234  render           | Saved: 'C:\Users\29\Desktop\3y\Map\video\frames\10_Wakizashi_3P_Ryunochi_0091.png'
02:00.422  render           | Saved: 'C:\Users\29\Desktop\3y\Map\video\frames\10_Wakizashi_3P_Ryunochi_0092.png'
02:00.593  render           | Saved: 'C:\Users\29\Desktop\3y\Map\video\frames\10_Wakizashi_3P_Ryunochi_0093.png'
02:00.765  render           | Saved: 'C:\Users\29\Desktop\3y\Map\video\frames\10_Wakizashi_3P_Ryunochi_0094.png'
02:00.937  render           | Saved: 'C:\Users\29\Desktop\3y\Map\video\frames\10_Wakizashi_3P_Ryunochi_0095.png'
02:01.125  render           | Saved: 'C:\Users\29\Desktop\3y\Map\video\frames\10_Wakizashi_3P_Ryunochi_0096.png'
02:01.297  render           | Saved: 'C:\Users\29\Desktop\3y\Map\video\frames\10_Wakizashi_3P_Ryunochi_0097.png'
02:01.500  render           | Saved: 'C:\Users\29\Desktop\3y\Map\video\frames\10_Wakizashi_3P_Ryunochi_0098.png'
02:01.687  render           | Saved: 'C:\Users\29\Desktop\3y\Map\video\frames\10_Wakizashi_3P_Ryunochi_0099.png'
02:01.859  render           | Saved: 'C:\Users\29\Desktop\3y\Map\video\frames\10_Wakizashi_3P_Ryunochi_0100.png'
02:02.047  render           | Saved: 'C:\Users\29\Desktop\3y\Map\video\frames\10_Wakizashi_3P_Ryunochi_0101.png'
02:02.218  render           | Saved: 'C:\Users\29\Desktop\3y\Map\video\frames\10_Wakizashi_3P_Ryunochi_0102.png'
02:02.406  render           | Saved: 'C:\Users\29\Desktop\3y\Map\video\frames\10_Wakizashi_3P_Ryunochi_0103.png'
02:02.593  render           | Saved: 'C:\Users\29\Desktop\3y\Map\video\frames\10_Wakizashi_3P_Ryunochi_0104.png'
02:02.765  render           | Saved: 'C:\Users\29\Desktop\3y\Map\video\frames\10_Wakizashi_3P_Ryunochi_0105.png'
02:02.953  render           | Saved: 'C:\Users\29\Desktop\3y\Map\video\frames\10_Wakizashi_3P_Ryunochi_0106.png'
02:03.140  render           | Saved: 'C:\Users\29\Desktop\3y\Map\video\frames\10_Wakizashi_3P_Ryunochi_0107.png'
02:03.328  render           | Saved: 'C:\Users\29\Desktop\3y\Map\video\frames\10_Wakizashi_3P_Ryunochi_0108.png'
02:03.515  render           | Saved: 'C:\Users\29\Desktop\3y\Map\video\frames\10_Wakizashi_3P_Ryunochi_0109.png'
02:03.703  render           | Saved: 'C:\Users\29\Desktop\3y\Map\video\frames\10_Wakizashi_3P_Ryunochi_0110.png'
02:03.890  render           | Saved: 'C:\Users\29\Desktop\3y\Map\video\frames\10_Wakizashi_3P_Ryunochi_0111.png'
02:04.078  render           | Saved: 'C:\Users\29\Desktop\3y\Map\video\frames\10_Wakizashi_3P_Ryunochi_0112.png'
02:04.250  render           | Saved: 'C:\Users\29\Desktop\3y\Map\video\frames\10_Wakizashi_3P_Ryunochi_0113.png'
02:04.437  render           | Saved: 'C:\Users\29\Desktop\3y\Map\video\frames\10_Wakizashi_3P_Ryunochi_0114.png'
02:05.000  render           | Saved: 'C:\Users\29\Desktop\3y\Map\video\frames\11_Gukgung_3P_For_OVDR_0002.png'
02:05.172  render           | Saved: 'C:\Users\29\Desktop\3y\Map\video\frames\11_Gukgung_3P_For_OVDR_0003.png'
02:05.328  render           | Saved: 'C:\Users\29\Desktop\3y\Map\video\frames\11_Gukgung_3P_For_OVDR_0004.png'
02:05.500  render           | Saved: 'C:\Users\29\Desktop\3y\Map\video\frames\11_Gukgung_3P_For_OVDR_0005.png'
02:05.672  render           | Saved: 'C:\Users\29\Desktop\3y\Map\video\frames\11_Gukgung_3P_For_OVDR_0006.png'
02:05.843  render           | Saved: 'C:\Users\29\Desktop\3y\Map\video\frames\11_Gukgung_3P_For_OVDR_0007.png'
02:06.015  render           | Saved: 'C:\Users\29\Desktop\3y\Map\video\frames\11_Gukgung_3P_For_OVDR_0008.png'
02:06.187  render           | Saved: 'C:\Users\29\Desktop\3y\Map\video\frames\11_Gukgung_3P_For_OVDR_0009.png'
02:06.359  render           | Saved: 'C:\Users\29\Desktop\3y\Map\video\frames\11_Gukgung_3P_For_OVDR_0010.png'
02:06.515  render           | Saved: 'C:\Users\29\Desktop\3y\Map\video\frames\11_Gukgung_3P_For_OVDR_0011.png'
02:06.687  render           | Saved: 'C:\Users\29\Desktop\3y\Map\video\frames\11_Gukgung_3P_For_OVDR_0012.png'
02:06.859  render           | Saved: 'C:\Users\29\Desktop\3y\Map\video\frames\11_Gukgung_3P_For_OVDR_0013.png'
02:07.031  render           | Saved: 'C:\Users\29\Desktop\3y\Map\video\frames\11_Gukgung_3P_For_OVDR_0014.png'
02:07.203  render           | Saved: 'C:\Users\29\Desktop\3y\Map\video\frames\11_Gukgung_3P_For_OVDR_0015.png'
02:07.375  render           | Saved: 'C:\Users\29\Desktop\3y\Map\video\frames\11_Gukgung_3P_For_OVDR_0016.png'
02:07.531  render           | Saved: 'C:\Users\29\Desktop\3y\Map\video\frames\11_Gukgung_3P_For_OVDR_0017.png'
02:07.703  render           | Saved: 'C:\Users\29\Desktop\3y\Map\video\frames\11_Gukgung_3P_For_OVDR_0018.png'
02:07.859  render           | Saved: 'C:\Users\29\Desktop\3y\Map\video\frames\11_Gukgung_3P_For_OVDR_0019.png'
02:08.031  render           | Saved: 'C:\Users\29\Desktop\3y\Map\video\frames\11_Gukgung_3P_For_OVDR_0020.png'
02:08.218  render           | Saved: 'C:\Users\29\Desktop\3y\Map\video\frames\11_Gukgung_3P_For_OVDR_0021.png'
02:08.390  render           | Saved: 'C:\Users\29\Desktop\3y\Map\video\frames\11_Gukgung_3P_For_OVDR_0022.png'
02:08.562  render           | Saved: 'C:\Users\29\Desktop\3y\Map\video\frames\11_Gukgung_3P_For_OVDR_0023.png'
02:08.734  render           | Saved: 'C:\Users\29\Desktop\3y\Map\video\frames\11_Gukgung_3P_For_OVDR_0024.png'
02:08.890  render           | Saved: 'C:\Users\29\Desktop\3y\Map\video\frames\11_Gukgung_3P_For_OVDR_0025.png'
02:09.062  render           | Saved: 'C:\Users\29\Desktop\3y\Map\video\frames\11_Gukgung_3P_For_OVDR_0026.png'
02:09.234  render           | Saved: 'C:\Users\29\Desktop\3y\Map\video\frames\11_Gukgung_3P_For_OVDR_0027.png'
02:09.406  render           | Saved: 'C:\Users\29\Desktop\3y\Map\video\frames\11_Gukgung_3P_For_OVDR_0028.png'
02:09.593  render           | Saved: 'C:\Users\29\Desktop\3y\Map\video\frames\11_Gukgung_3P_For_OVDR_0029.png'
02:09.750  render           | Saved: 'C:\Users\29\Desktop\3y\Map\video\frames\11_Gukgung_3P_For_OVDR_0030.png'
02:09.922  render           | Saved: 'C:\Users\29\Desktop\3y\Map\video\frames\11_Gukgung_3P_For_OVDR_0031.png'
02:10.093  render           | Saved: 'C:\Users\29\Desktop\3y\Map\video\frames\11_Gukgung_3P_For_OVDR_0032.png'
02:10.265  render           | Saved: 'C:\Users\29\Desktop\3y\Map\video\frames\11_Gukgung_3P_For_OVDR_0033.png'
02:10.437  render           | Saved: 'C:\Users\29\Desktop\3y\Map\video\frames\11_Gukgung_3P_For_OVDR_0034.png'
02:10.609  render           | Saved: 'C:\Users\29\Desktop\3y\Map\video\frames\11_Gukgung_3P_For_OVDR_0035.png'
02:10.781  render           | Saved: 'C:\Users\29\Desktop\3y\Map\video\frames\11_Gukgung_3P_For_OVDR_0036.png'
02:10.953  render           | Saved: 'C:\Users\29\Desktop\3y\Map\video\frames\11_Gukgung_3P_For_OVDR_0037.png'
02:11.125  render           | Saved: 'C:\Users\29\Desktop\3y\Map\video\frames\11_Gukgung_3P_For_OVDR_0038.png'
02:11.297  render           | Saved: 'C:\Users\29\Desktop\3y\Map\video\frames\11_Gukgung_3P_For_OVDR_0039.png'
02:11.468  render           | Saved: 'C:\Users\29\Desktop\3y\Map\video\frames\11_Gukgung_3P_For_OVDR_0040.png'
02:11.640  render           | Saved: 'C:\Users\29\Desktop\3y\Map\video\frames\11_Gukgung_3P_For_OVDR_0041.png'
02:11.812  render           | Saved: 'C:\Users\29\Desktop\3y\Map\video\frames\11_Gukgung_3P_For_OVDR_0042.png'
02:12.000  render           | Saved: 'C:\Users\29\Desktop\3y\Map\video\frames\11_Gukgung_3P_For_OVDR_0043.png'
02:12.187  render           | Saved: 'C:\Users\29\Desktop\3y\Map\video\frames\11_Gukgung_3P_For_OVDR_0044.png'
02:12.359  render           | Saved: 'C:\Users\29\Desktop\3y\Map\video\frames\11_Gukgung_3P_For_OVDR_0045.png'
02:12.531  render           | Saved: 'C:\Users\29\Desktop\3y\Map\video\frames\11_Gukgung_3P_For_OVDR_0046.png'
02:12.718  render           | Saved: 'C:\Users\29\Desktop\3y\Map\video\frames\11_Gukgung_3P_For_OVDR_0047.png'
02:12.890  render           | Saved: 'C:\Users\29\Desktop\3y\Map\video\frames\11_Gukgung_3P_For_OVDR_0048.png'
02:13.078  render           | Saved: 'C:\Users\29\Desktop\3y\Map\video\frames\11_Gukgung_3P_For_OVDR_0049.png'
02:13.250  render           | Saved: 'C:\Users\29\Desktop\3y\Map\video\frames\11_Gukgung_3P_For_OVDR_0050.png'
02:13.437  render           | Saved: 'C:\Users\29\Desktop\3y\Map\video\frames\11_Gukgung_3P_For_OVDR_0051.png'
02:13.625  render           | Saved: 'C:\Users\29\Desktop\3y\Map\video\frames\11_Gukgung_3P_For_OVDR_0052.png'
02:13.828  render           | Saved: 'C:\Users\29\Desktop\3y\Map\video\frames\11_Gukgung_3P_For_OVDR_0053.png'
02:14.047  render           | Saved: 'C:\Users\29\Desktop\3y\Map\video\frames\11_Gukgung_3P_For_OVDR_0054.png'
02:14.250  render           | Saved: 'C:\Users\29\Desktop\3y\Map\video\frames\11_Gukgung_3P_For_OVDR_0055.png'
02:14.500  render           | Saved: 'C:\Users\29\Desktop\3y\Map\video\frames\11_Gukgung_3P_For_OVDR_0056.png'
02:14.765  render           | Saved: 'C:\Users\29\Desktop\3y\Map\video\frames\11_Gukgung_3P_For_OVDR_0057.png'
02:15.000  render           | Saved: 'C:\Users\29\Desktop\3y\Map\video\frames\11_Gukgung_3P_For_OVDR_0058.png'
02:15.234  render           | Saved: 'C:\Users\29\Desktop\3y\Map\video\frames\11_Gukgung_3P_For_OVDR_0059.png'
02:15.468  render           | Saved: 'C:\Users\29\Desktop\3y\Map\video\frames\11_Gukgung_3P_For_OVDR_0060.png'
02:15.687  render           | Saved: 'C:\Users\29\Desktop\3y\Map\video\frames\11_Gukgung_3P_For_OVDR_0061.png'
02:15.906  render           | Saved: 'C:\Users\29\Desktop\3y\Map\video\frames\11_Gukgung_3P_For_OVDR_0062.png'
02:16.093  render           | Saved: 'C:\Users\29\Desktop\3y\Map\video\frames\11_Gukgung_3P_For_OVDR_0063.png'
02:16.281  render           | Saved: 'C:\Users\29\Desktop\3y\Map\video\frames\11_Gukgung_3P_For_OVDR_0064.png'
02:16.453  render           | Saved: 'C:\Users\29\Desktop\3y\Map\video\frames\11_Gukgung_3P_For_OVDR_0065.png'
02:16.625  render           | Saved: 'C:\Users\29\Desktop\3y\Map\video\frames\11_Gukgung_3P_For_OVDR_0066.png'
02:16.797  render           | Saved: 'C:\Users\29\Desktop\3y\Map\video\frames\11_Gukgung_3P_For_OVDR_0067.png'
02:16.968  render           | Saved: 'C:\Users\29\Desktop\3y\Map\video\frames\11_Gukgung_3P_For_OVDR_0068.png'
02:17.140  render           | Saved: 'C:\Users\29\Desktop\3y\Map\video\frames\11_Gukgung_3P_For_OVDR_0069.png'
02:17.312  render           | Saved: 'C:\Users\29\Desktop\3y\Map\video\frames\11_Gukgung_3P_For_OVDR_0070.png'
02:17.484  render           | Saved: 'C:\Users\29\Desktop\3y\Map\video\frames\11_Gukgung_3P_For_OVDR_0071.png'
02:17.672  render           | Saved: 'C:\Users\29\Desktop\3y\Map\video\frames\11_Gukgung_3P_For_OVDR_0072.png'
02:17.843  render           | Saved: 'C:\Users\29\Desktop\3y\Map\video\frames\11_Gukgung_3P_For_OVDR_0073.png'
02:18.031  render           | Saved: 'C:\Users\29\Desktop\3y\Map\video\frames\11_Gukgung_3P_For_OVDR_0074.png'
02:18.203  render           | Saved: 'C:\Users\29\Desktop\3y\Map\video\frames\11_Gukgung_3P_For_OVDR_0075.png'
02:18.359  render           | Saved: 'C:\Users\29\Desktop\3y\Map\video\frames\11_Gukgung_3P_For_OVDR_0076.png'
02:18.531  render           | Saved: 'C:\Users\29\Desktop\3y\Map\video\frames\11_Gukgung_3P_For_OVDR_0077.png'
02:18.703  render           | Saved: 'C:\Users\29\Desktop\3y\Map\video\frames\11_Gukgung_3P_For_OVDR_0078.png'
02:18.875  render           | Saved: 'C:\Users\29\Desktop\3y\Map\video\frames\11_Gukgung_3P_For_OVDR_0079.png'
02:19.047  render           | Saved: 'C:\Users\29\Desktop\3y\Map\video\frames\11_Gukgung_3P_For_OVDR_0080.png'
02:19.218  render           | Saved: 'C:\Users\29\Desktop\3y\Map\video\frames\11_Gukgung_3P_For_OVDR_0081.png'
02:19.390  render           | Saved: 'C:\Users\29\Desktop\3y\Map\video\frames\11_Gukgung_3P_For_OVDR_0082.png'
02:19.562  render           | Saved: 'C:\Users\29\Desktop\3y\Map\video\frames\11_Gukgung_3P_For_OVDR_0083.png'
02:19.734  render           | Saved: 'C:\Users\29\Desktop\3y\Map\video\frames\11_Gukgung_3P_For_OVDR_0084.png'
02:19.906  render           | Saved: 'C:\Users\29\Desktop\3y\Map\video\frames\11_Gukgung_3P_For_OVDR_0085.png'
02:20.093  render           | Saved: 'C:\Users\29\Desktop\3y\Map\video\frames\11_Gukgung_3P_For_OVDR_0086.png'
02:20.265  render           | Saved: 'C:\Users\29\Desktop\3y\Map\video\frames\11_Gukgung_3P_For_OVDR_0087.png'
02:20.453  render           | Saved: 'C:\Users\29\Desktop\3y\Map\video\frames\11_Gukgung_3P_For_OVDR_0088.png'
02:20.625  render           | Saved: 'C:\Users\29\Desktop\3y\Map\video\frames\11_Gukgung_3P_For_OVDR_0089.png'
02:20.797  render           | Saved: 'C:\Users\29\Desktop\3y\Map\video\frames\11_Gukgung_3P_For_OVDR_0090.png'
02:20.968  render           | Saved: 'C:\Users\29\Desktop\3y\Map\video\frames\11_Gukgung_3P_For_OVDR_0091.png'
02:21.140  render           | Saved: 'C:\Users\29\Desktop\3y\Map\video\frames\11_Gukgung_3P_For_OVDR_0092.png'
02:21.718  render           | Saved: 'C:\Users\29\Desktop\3y\Map\video\frames\12_Gukgung_3P_HorizontalAttack_For_OVDR_0002.png'
02:21.890  render           | Saved: 'C:\Users\29\Desktop\3y\Map\video\frames\12_Gukgung_3P_HorizontalAttack_For_OVDR_0003.png'
02:22.062  render           | Saved: 'C:\Users\29\Desktop\3y\Map\video\frames\12_Gukgung_3P_HorizontalAttack_For_OVDR_0004.png'
02:22.234  render           | Saved: 'C:\Users\29\Desktop\3y\Map\video\frames\12_Gukgung_3P_HorizontalAttack_For_OVDR_0005.png'
02:22.406  render           | Saved: 'C:\Users\29\Desktop\3y\Map\video\frames\12_Gukgung_3P_HorizontalAttack_For_OVDR_0006.png'
02:22.578  render           | Saved: 'C:\Users\29\Desktop\3y\Map\video\frames\12_Gukgung_3P_HorizontalAttack_For_OVDR_0007.png'
02:22.750  render           | Saved: 'C:\Users\29\Desktop\3y\Map\video\frames\12_Gukgung_3P_HorizontalAttack_For_OVDR_0008.png'
02:22.922  render           | Saved: 'C:\Users\29\Desktop\3y\Map\video\frames\12_Gukgung_3P_HorizontalAttack_For_OVDR_0009.png'
02:23.093  render           | Saved: 'C:\Users\29\Desktop\3y\Map\video\frames\12_Gukgung_3P_HorizontalAttack_For_OVDR_0010.png'
02:23.265  render           | Saved: 'C:\Users\29\Desktop\3y\Map\video\frames\12_Gukgung_3P_HorizontalAttack_For_OVDR_0011.png'
02:23.437  render           | Saved: 'C:\Users\29\Desktop\3y\Map\video\frames\12_Gukgung_3P_HorizontalAttack_For_OVDR_0012.png'
02:23.625  render           | Saved: 'C:\Users\29\Desktop\3y\Map\video\frames\12_Gukgung_3P_HorizontalAttack_For_OVDR_0013.png'
02:23.781  render           | Saved: 'C:\Users\29\Desktop\3y\Map\video\frames\12_Gukgung_3P_HorizontalAttack_For_OVDR_0014.png'
02:23.937  render           | Saved: 'C:\Users\29\Desktop\3y\Map\video\frames\12_Gukgung_3P_HorizontalAttack_For_OVDR_0015.png'
02:24.109  render           | Saved: 'C:\Users\29\Desktop\3y\Map\video\frames\12_Gukgung_3P_HorizontalAttack_For_OVDR_0016.png'
02:24.265  render           | Saved: 'C:\Users\29\Desktop\3y\Map\video\frames\12_Gukgung_3P_HorizontalAttack_For_OVDR_0017.png'
02:24.437  render           | Saved: 'C:\Users\29\Desktop\3y\Map\video\frames\12_Gukgung_3P_HorizontalAttack_For_OVDR_0018.png'
02:24.609  render           | Saved: 'C:\Users\29\Desktop\3y\Map\video\frames\12_Gukgung_3P_HorizontalAttack_For_OVDR_0019.png'
02:24.781  render           | Saved: 'C:\Users\29\Desktop\3y\Map\video\frames\12_Gukgung_3P_HorizontalAttack_For_OVDR_0020.png'
02:24.953  render           | Saved: 'C:\Users\29\Desktop\3y\Map\video\frames\12_Gukgung_3P_HorizontalAttack_For_OVDR_0021.png'
02:25.109  render           | Saved: 'C:\Users\29\Desktop\3y\Map\video\frames\12_Gukgung_3P_HorizontalAttack_For_OVDR_0022.png'
02:25.297  render           | Saved: 'C:\Users\29\Desktop\3y\Map\video\frames\12_Gukgung_3P_HorizontalAttack_For_OVDR_0023.png'
02:25.468  render           | Saved: 'C:\Users\29\Desktop\3y\Map\video\frames\12_Gukgung_3P_HorizontalAttack_For_OVDR_0024.png'
02:25.640  render           | Saved: 'C:\Users\29\Desktop\3y\Map\video\frames\12_Gukgung_3P_HorizontalAttack_For_OVDR_0025.png'
02:25.812  render           | Saved: 'C:\Users\29\Desktop\3y\Map\video\frames\12_Gukgung_3P_HorizontalAttack_For_OVDR_0026.png'
02:25.984  render           | Saved: 'C:\Users\29\Desktop\3y\Map\video\frames\12_Gukgung_3P_HorizontalAttack_For_OVDR_0027.png'
02:26.156  render           | Saved: 'C:\Users\29\Desktop\3y\Map\video\frames\12_Gukgung_3P_HorizontalAttack_For_OVDR_0028.png'
02:26.328  render           | Saved: 'C:\Users\29\Desktop\3y\Map\video\frames\12_Gukgung_3P_HorizontalAttack_For_OVDR_0029.png'
02:26.484  render           | Saved: 'C:\Users\29\Desktop\3y\Map\video\frames\12_Gukgung_3P_HorizontalAttack_For_OVDR_0030.png'
02:26.640  render           | Saved: 'C:\Users\29\Desktop\3y\Map\video\frames\12_Gukgung_3P_HorizontalAttack_For_OVDR_0031.png'
02:26.812  render           | Saved: 'C:\Users\29\Desktop\3y\Map\video\frames\12_Gukgung_3P_HorizontalAttack_For_OVDR_0032.png'
02:27.047  render           | Saved: 'C:\Users\29\Desktop\3y\Map\video\frames\12_Gukgung_3P_HorizontalAttack_For_OVDR_0033.png'
02:27.218  render           | Saved: 'C:\Users\29\Desktop\3y\Map\video\frames\12_Gukgung_3P_HorizontalAttack_For_OVDR_0034.png'
02:27.375  render           | Saved: 'C:\Users\29\Desktop\3y\Map\video\frames\12_Gukgung_3P_HorizontalAttack_For_OVDR_0035.png'
02:27.531  render           | Saved: 'C:\Users\29\Desktop\3y\Map\video\frames\12_Gukgung_3P_HorizontalAttack_For_OVDR_0036.png'
02:27.718  render           | Saved: 'C:\Users\29\Desktop\3y\Map\video\frames\12_Gukgung_3P_HorizontalAttack_For_OVDR_0037.png'
02:27.890  render           | Saved: 'C:\Users\29\Desktop\3y\Map\video\frames\12_Gukgung_3P_HorizontalAttack_For_OVDR_0038.png'
02:28.062  render           | Saved: 'C:\Users\29\Desktop\3y\Map\video\frames\12_Gukgung_3P_HorizontalAttack_For_OVDR_0039.png'
02:28.234  render           | Saved: 'C:\Users\29\Desktop\3y\Map\video\frames\12_Gukgung_3P_HorizontalAttack_For_OVDR_0040.png'
02:28.390  render           | Saved: 'C:\Users\29\Desktop\3y\Map\video\frames\12_Gukgung_3P_HorizontalAttack_For_OVDR_0041.png'
02:28.547  render           | Saved: 'C:\Users\29\Desktop\3y\Map\video\frames\12_Gukgung_3P_HorizontalAttack_For_OVDR_0042.png'
02:28.734  render           | Saved: 'C:\Users\29\Desktop\3y\Map\video\frames\12_Gukgung_3P_HorizontalAttack_For_OVDR_0043.png'
02:28.890  render           | Saved: 'C:\Users\29\Desktop\3y\Map\video\frames\12_Gukgung_3P_HorizontalAttack_For_OVDR_0044.png'
02:29.062  render           | Saved: 'C:\Users\29\Desktop\3y\Map\video\frames\12_Gukgung_3P_HorizontalAttack_For_OVDR_0045.png'
02:29.218  render           | Saved: 'C:\Users\29\Desktop\3y\Map\video\frames\12_Gukgung_3P_HorizontalAttack_For_OVDR_0046.png'
02:29.406  render           | Saved: 'C:\Users\29\Desktop\3y\Map\video\frames\12_Gukgung_3P_HorizontalAttack_For_OVDR_0047.png'
02:29.562  render           | Saved: 'C:\Users\29\Desktop\3y\Map\video\frames\12_Gukgung_3P_HorizontalAttack_For_OVDR_0048.png'
02:29.718  render           | Saved: 'C:\Users\29\Desktop\3y\Map\video\frames\12_Gukgung_3P_HorizontalAttack_For_OVDR_0049.png'
02:29.890  render           | Saved: 'C:\Users\29\Desktop\3y\Map\video\frames\12_Gukgung_3P_HorizontalAttack_For_OVDR_0050.png'
02:30.062  render           | Saved: 'C:\Users\29\Desktop\3y\Map\video\frames\12_Gukgung_3P_HorizontalAttack_For_OVDR_0051.png'
02:30.234  render           | Saved: 'C:\Users\29\Desktop\3y\Map\video\frames\12_Gukgung_3P_HorizontalAttack_For_OVDR_0052.png'
02:30.406  render           | Saved: 'C:\Users\29\Desktop\3y\Map\video\frames\12_Gukgung_3P_HorizontalAttack_For_OVDR_0053.png'
02:30.578  render           | Saved: 'C:\Users\29\Desktop\3y\Map\video\frames\12_Gukgung_3P_HorizontalAttack_For_OVDR_0054.png'
02:30.750  render           | Saved: 'C:\Users\29\Desktop\3y\Map\video\frames\12_Gukgung_3P_HorizontalAttack_For_OVDR_0055.png'
02:30.922  render           | Saved: 'C:\Users\29\Desktop\3y\Map\video\frames\12_Gukgung_3P_HorizontalAttack_For_OVDR_0056.png'
02:31.078  render           | Saved: 'C:\Users\29\Desktop\3y\Map\video\frames\12_Gukgung_3P_HorizontalAttack_For_OVDR_0057.png'
02:31.250  render           | Saved: 'C:\Users\29\Desktop\3y\Map\video\frames\12_Gukgung_3P_HorizontalAttack_For_OVDR_0058.png'
02:31.422  render           | Saved: 'C:\Users\29\Desktop\3y\Map\video\frames\12_Gukgung_3P_HorizontalAttack_For_OVDR_0059.png'
02:31.578  render           | Saved: 'C:\Users\29\Desktop\3y\Map\video\frames\12_Gukgung_3P_HorizontalAttack_For_OVDR_0060.png'
02:31.750  render           | Saved: 'C:\Users\29\Desktop\3y\Map\video\frames\12_Gukgung_3P_HorizontalAttack_For_OVDR_0061.png'
02:31.906  render           | Saved: 'C:\Users\29\Desktop\3y\Map\video\frames\12_Gukgung_3P_HorizontalAttack_For_OVDR_0062.png'
02:32.078  render           | Saved: 'C:\Users\29\Desktop\3y\Map\video\frames\12_Gukgung_3P_HorizontalAttack_For_OVDR_0063.png'
02:32.250  render           | Saved: 'C:\Users\29\Desktop\3y\Map\video\frames\12_Gukgung_3P_HorizontalAttack_For_OVDR_0064.png'
02:32.406  render           | Saved: 'C:\Users\29\Desktop\3y\Map\video\frames\12_Gukgung_3P_HorizontalAttack_For_OVDR_0065.png'
02:32.562  render           | Saved: 'C:\Users\29\Desktop\3y\Map\video\frames\12_Gukgung_3P_HorizontalAttack_For_OVDR_0066.png'
02:32.734  render           | Saved: 'C:\Users\29\Desktop\3y\Map\video\frames\12_Gukgung_3P_HorizontalAttack_For_OVDR_0067.png'
02:32.906  render           | Saved: 'C:\Users\29\Desktop\3y\Map\video\frames\12_Gukgung_3P_HorizontalAttack_For_OVDR_0068.png'
02:33.062  render           | Saved: 'C:\Users\29\Desktop\3y\Map\video\frames\12_Gukgung_3P_HorizontalAttack_For_OVDR_0069.png'
02:33.234  render           | Saved: 'C:\Users\29\Desktop\3y\Map\video\frames\12_Gukgung_3P_HorizontalAttack_For_OVDR_0070.png'
02:33.406  render           | Saved: 'C:\Users\29\Desktop\3y\Map\video\frames\12_Gukgung_3P_HorizontalAttack_For_OVDR_0071.png'
02:33.562  render           | Saved: 'C:\Users\29\Desktop\3y\Map\video\frames\12_Gukgung_3P_HorizontalAttack_For_OVDR_0072.png'
02:33.734  render           | Saved: 'C:\Users\29\Desktop\3y\Map\video\frames\12_Gukgung_3P_HorizontalAttack_For_OVDR_0073.png'
02:33.890  render           | Saved: 'C:\Users\29\Desktop\3y\Map\video\frames\12_Gukgung_3P_HorizontalAttack_For_OVDR_0074.png'
02:34.062  render           | Saved: 'C:\Users\29\Desktop\3y\Map\video\frames\12_Gukgung_3P_HorizontalAttack_For_OVDR_0075.png'
02:34.234  render           | Saved: 'C:\Users\29\Desktop\3y\Map\video\frames\12_Gukgung_3P_HorizontalAttack_For_OVDR_0076.png'
02:34.390  render           | Saved: 'C:\Users\29\Desktop\3y\Map\video\frames\12_Gukgung_3P_HorizontalAttack_For_OVDR_0077.png'
02:34.562  render           | Saved: 'C:\Users\29\Desktop\3y\Map\video\frames\12_Gukgung_3P_HorizontalAttack_For_OVDR_0078.png'
02:34.734  render           | Saved: 'C:\Users\29\Desktop\3y\Map\video\frames\12_Gukgung_3P_HorizontalAttack_For_OVDR_0079.png'
02:34.890  render           | Saved: 'C:\Users\29\Desktop\3y\Map\video\frames\12_Gukgung_3P_HorizontalAttack_For_OVDR_0080.png'
02:35.062  render           | Saved: 'C:\Users\29\Desktop\3y\Map\video\frames\12_Gukgung_3P_HorizontalAttack_For_OVDR_0081.png'
02:35.234  render           | Saved: 'C:\Users\29\Desktop\3y\Map\video\frames\12_Gukgung_3P_HorizontalAttack_For_OVDR_0082.png'
02:35.406  render           | Saved: 'C:\Users\29\Desktop\3y\Map\video\frames\12_Gukgung_3P_HorizontalAttack_For_OVDR_0083.png'
02:35.578  render           | Saved: 'C:\Users\29\Desktop\3y\Map\video\frames\12_Gukgung_3P_HorizontalAttack_For_OVDR_0084.png'
02:35.750  render           | Saved: 'C:\Users\29\Desktop\3y\Map\video\frames\12_Gukgung_3P_HorizontalAttack_For_OVDR_0085.png'
02:35.922  render           | Saved: 'C:\Users\29\Desktop\3y\Map\video\frames\12_Gukgung_3P_HorizontalAttack_For_OVDR_0086.png'
02:36.078  render           | Saved: 'C:\Users\29\Desktop\3y\Map\video\frames\12_Gukgung_3P_HorizontalAttack_For_OVDR_0087.png'
02:36.250  render           | Saved: 'C:\Users\29\Desktop\3y\Map\video\frames\12_Gukgung_3P_HorizontalAttack_For_OVDR_0088.png'
02:36.422  render           | Saved: 'C:\Users\29\Desktop\3y\Map\video\frames\12_Gukgung_3P_HorizontalAttack_For_OVDR_0089.png'
02:36.593  render           | Saved: 'C:\Users\29\Desktop\3y\Map\video\frames\12_Gukgung_3P_HorizontalAttack_For_OVDR_0090.png'
02:36.750  render           | Saved: 'C:\Users\29\Desktop\3y\Map\video\frames\12_Gukgung_3P_HorizontalAttack_For_OVDR_0091.png'
02:36.922  render           | Saved: 'C:\Users\29\Desktop\3y\Map\video\frames\12_Gukgung_3P_HorizontalAttack_For_OVDR_0092.png'
[video] 00_Wakizashi_3P_Idle: 61 frames
[video] 01_Wakizashi_3P_Attack1: 63 frames
[video] 02_Wakizashi_3P_Attack2: 63 frames
[video] 03_Wakizashi_3P_Attack3: 70 frames
[video] 04_Wakizashi_3P_BlockIn: 11 frames
[video] 05_Wakizashi_3P_BlockHold: 31 frames
[video] 06_Wakizashi_3P_BlockOut: 11 frames
[video] 07_Wakizashi_3P_KunaiThrow: 76 frames
[video] 08_Wakizashi_3P_Teleport: 41 frames
[video] 09_Wakizashi_3P_Draw: 93 frames
[video] 10_Wakizashi_3P_Ryunochi: 113 frames
[video] 11_Gukgung_3P_For_OVDR: 91 frames
[video] 12_Gukgung_3P_HorizontalAttack_For_OVDR: 91 frames
[video] done: C:\Users\29\Desktop\3y\Map\video\PreviewStage_AllSkills.mp4  1010 frames = 33.7s  33.8 MB
BlenderMCP: cannot start server in background mode (blender -b) - commands would never execute
BlenderMCP: run Blender with a GUI, or use a virtual display: xvfb-run -a blender
BlenderMCP addon registered
FBX version: 7400
[video] 00_Wakizashi_3P_Idle: 61 frames  (13s elapsed)
FBX version: 7400
[video] 01_Wakizashi_3P_Attack1: 63 frames  (24s elapsed)
FBX version: 7400
[video] 02_Wakizashi_3P_Attack2: 63 frames  (35s elapsed)
FBX version: 7400
[video] 03_Wakizashi_3P_Attack3: 70 frames  (47s elapsed)
FBX version: 7400
[video] 04_Wakizashi_3P_BlockIn: 11 frames  (49s elapsed)
FBX version: 7400
[video] 05_Wakizashi_3P_BlockHold: 31 frames  (55s elapsed)
FBX version: 7400
[video] 06_Wakizashi_3P_BlockOut: 11 frames  (57s elapsed)
FBX version: 7400
[video] 07_Wakizashi_3P_KunaiThrow: 76 frames  (71s elapsed)
FBX version: 7400
[video] 08_Wakizashi_3P_Teleport: 41 frames  (78s elapsed)
FBX version: 7400
[video] 09_Wakizashi_3P_Draw: 93 frames  (94s elapsed)
FBX version: 7400
[video] 10_Wakizashi_3P_Ryunochi: 113 frames  (113s elapsed)
FBX version: 7400
[video] 11_Gukgung_3P_For_OVDR: 91 frames  (130s elapsed)
FBX version: 7400
[video] 12_Gukgung_3P_HorizontalAttack_For_OVDR: 91 frames  (146s elapsed)
BlenderMCP server stopped
BlenderMCP addon unregistered
Blender 5.2.2 LTS (hash d13f752e3b9c built 2026-09-15 01:37:04)

Blender quit
EXIT=0
